Archive member included to satisfy reference by file (symbol)

C:/ST/STM32CubeIDE_1.11.0/STM32CubeIDE/plugins/com.st.stm32cube.ide.mcu.externaltools.gnu-tools-for-stm32.12.3.rel1.win32_1.0.200.202406191623/tools/bin/../lib/gcc/arm-none-eabi/12.3.1/../../../../arm-none-eabi/lib/thumb/v7e-m+fp/hard\libc_nano.a(libc_a-exit.o)
                              C:/ST/STM32CubeIDE_1.11.0/STM32CubeIDE/plugins/com.st.stm32cube.ide.mcu.externaltools.gnu-tools-for-stm32.12.3.rel1.win32_1.0.200.202406191623/tools/bin/../lib/gcc/arm-none-eabi/12.3.1/../../../../arm-none-eabi/lib/thumb/v7e-m+fp/hard/crt0.o (exit)
C:/ST/STM32CubeIDE_1.11.0/STM32CubeIDE/plugins/com.st.stm32cube.ide.mcu.externaltools.gnu-tools-for-stm32.12.3.rel1.win32_1.0.200.202406191623/tools/bin/../lib/gcc/arm-none-eabi/12.3.1/../../../../arm-none-eabi/lib/thumb/v7e-m+fp/hard\libc_nano.a(libc_a-findfp.o)
                              C:/ST/STM32CubeIDE_1.11.0/STM32CubeIDE/plugins/com.st.stm32cube.ide.mcu.externaltools.gnu-tools-for-stm32.12.3.rel1.win32_1.0.200.202406191623/tools/bin/../lib/gcc/arm-none-eabi/12.3.1/../../../../arm-none-eabi/lib/thumb/v7e-m+fp/hard\libc_nano.a(libc_a-exit.o) (__stdio_exit_handler)
C:/ST/STM32CubeIDE_1.11.0/STM32CubeIDE/plugins/com.st.stm32cube.ide.mcu.externaltools.gnu-tools-for-stm32.12.3.rel1.win32_1.0.200.202406191623/tools/bin/../lib/gcc/arm-none-eabi/12.3.1/../../../../arm-none-eabi/lib/thumb/v7e-m+fp/hard\libc_nano.a(libc_a-fwalk.o)
                              C:/ST/STM32CubeIDE_1.11.0/STM32CubeIDE/plugins/com.st.stm32cube.ide.mcu.externaltools.gnu-tools-for-stm32.12.3.rel1.win32_1.0.200.202406191623/tools/bin/../lib/gcc/arm-none-eabi/12.3.1/../../../../arm-none-eabi/lib/thumb/v7e-m+fp/hard\libc_nano.a(libc_a-findfp.o) (_fwalk_sglue)
C:/ST/STM32CubeIDE_1.11.0/STM32CubeIDE/plugins/com.st.stm32cube.ide.mcu.externaltools.gnu-tools-for-stm32.12.3.rel1.win32_1.0.200.202406191623/tools/bin/../lib/gcc/arm-none-eabi/12.3.1/../../../../arm-none-eabi/lib/thumb/v7e-m+fp/hard\libc_nano.a(libc_a-stdio.o)
                              C:/ST/STM32CubeIDE_1.11.0/STM32CubeIDE/plugins/com.st.stm32cube.ide.mcu.externaltools.gnu-tools-for-stm32.12.3.rel1.win32_1.0.200.202406191623/tools/bin/../lib/gcc/arm-none-eabi/12.3.1/../../../../arm-none-eabi/lib/thumb/v7e-m+fp/hard\libc_nano.a(libc_a-findfp.o) (__sread)
C:/ST/STM32CubeIDE_1.11.0/STM32CubeIDE/plugins/com.st.stm32cube.ide.mcu.externaltools.gnu-tools-for-stm32.12.3.rel1.win32_1.0.200.202406191623/tools/bin/../lib/gcc/arm-none-eabi/12.3.1/../../../../arm-none-eabi/lib/thumb/v7e-m+fp/hard\libc_nano.a(libc_a-memset.o)
                              C:/ST/STM32CubeIDE_1.11.0/STM32CubeIDE/plugins/com.st.stm32cube.ide.mcu.externaltools.gnu-tools-for-stm32.12.3.rel1.win32_1.0.200.202406191623/tools/bin/../lib/gcc/arm-none-eabi/12.3.1/../../../../arm-none-eabi/lib/thumb/v7e-m+fp/hard/crt0.o (memset)
C:/ST/STM32CubeIDE_1.11.0/STM32CubeIDE/plugins/com.st.stm32cube.ide.mcu.externaltools.gnu-tools-for-stm32.12.3.rel1.win32_1.0.200.202406191623/tools/bin/../lib/gcc/arm-none-eabi/12.3.1/../../../../arm-none-eabi/lib/thumb/v7e-m+fp/hard\libc_nano.a(libc_a-closer.o)
                              C:/ST/STM32CubeIDE_1.11.0/STM32CubeIDE/plugins/com.st.stm32cube.ide.mcu.externaltools.gnu-tools-for-stm32.12.3.rel1.win32_1.0.200.202406191623/tools/bin/../lib/gcc/arm-none-eabi/12.3.1/../../../../arm-none-eabi/lib/thumb/v7e-m+fp/hard\libc_nano.a(libc_a-stdio.o) (_close_r)
C:/ST/STM32CubeIDE_1.11.0/STM32CubeIDE/plugins/com.st.stm32cube.ide.mcu.externaltools.gnu-tools-for-stm32.12.3.rel1.win32_1.0.200.202406191623/tools/bin/../lib/gcc/arm-none-eabi/12.3.1/../../../../arm-none-eabi/lib/thumb/v7e-m+fp/hard\libc_nano.a(libc_a-reent.o)
                              C:/ST/STM32CubeIDE_1.11.0/STM32CubeIDE/plugins/com.st.stm32cube.ide.mcu.externaltools.gnu-tools-for-stm32.12.3.rel1.win32_1.0.200.202406191623/tools/bin/../lib/gcc/arm-none-eabi/12.3.1/../../../../arm-none-eabi/lib/thumb/v7e-m+fp/hard\libc_nano.a(libc_a-closer.o) (errno)
C:/ST/STM32CubeIDE_1.11.0/STM32CubeIDE/plugins/com.st.stm32cube.ide.mcu.externaltools.gnu-tools-for-stm32.12.3.rel1.win32_1.0.200.202406191623/tools/bin/../lib/gcc/arm-none-eabi/12.3.1/../../../../arm-none-eabi/lib/thumb/v7e-m+fp/hard\libc_nano.a(libc_a-impure.o)
                              C:/ST/STM32CubeIDE_1.11.0/STM32CubeIDE/plugins/com.st.stm32cube.ide.mcu.externaltools.gnu-tools-for-stm32.12.3.rel1.win32_1.0.200.202406191623/tools/bin/../lib/gcc/arm-none-eabi/12.3.1/../../../../arm-none-eabi/lib/thumb/v7e-m+fp/hard\libc_nano.a(libc_a-reent.o) (_impure_ptr)
C:/ST/STM32CubeIDE_1.11.0/STM32CubeIDE/plugins/com.st.stm32cube.ide.mcu.externaltools.gnu-tools-for-stm32.12.3.rel1.win32_1.0.200.202406191623/tools/bin/../lib/gcc/arm-none-eabi/12.3.1/../../../../arm-none-eabi/lib/thumb/v7e-m+fp/hard\libc_nano.a(libc_a-lseekr.o)
[...]
Memory Configuration

Name             Origin             Length             Attributes
RAM              0x20000000         0x00020000         xrw
FLASH            0x08000000         0x00080000         xr
*default*        0x00000000         0xffffffff

Linker script and memory map

LOAD C:/ST/STM32CubeIDE_1.11.0/STM32CubeIDE/plugins/com.st.stm32cube.ide.mcu.externaltools.gnu-tools-for-stm32.12.3.rel1.win32_1.0.200.202406191623/tools/bin/../lib/gcc/arm-none-eabi/12.3.1/thumb/v7e-m+fp/hard/crti.o
LOAD C:/ST/STM32CubeIDE_1.11.0/STM32CubeIDE/plugins/com.st.stm32cube.ide.mcu.externaltools.gnu-tools-for-stm32.12.3.rel1.win32_1.0.200.202406191623/tools/bin/../lib/gcc/arm-none-eabi/12.3.1/thumb/v7e-m+fp/hard/crtbegin.o
LOAD C:/ST/STM32CubeIDE_1.11.0/STM32CubeIDE/plugins/com.st.stm32cube.ide.mcu.externaltools.gnu-tools-for-stm32.12.3.rel1.win32_1.0.200.202406191623/tools/bin/../lib/gcc/arm-none-eabi/12.3.1/../../../../arm-none-eabi/lib/thumb/v7e-m+fp/hard/crt0.o
LOAD ./Core/Src/dma.o
LOAD ./Core/Src/gpio.o
LOAD ./Core/Src/i2c.o
LOAD ./Core/Src/main.o
LOAD ./Core/Src/parser_simple.o
LOAD ./Core/Src/rc522.o
LOAD ./Core/Src/ring_buffer.o
LOAD ./Core/Src/spi.o
LOAD ./Core/Src/stm32f4xx_hal_msp.o
LOAD ./Core/Src/stm32f4xx_it.o
LOAD ./Core/Src/syscalls.o
LOAD ./Core/Src/sysmem.o
LOAD ./Core/Src/system_stm32f4xx.o
LOAD ./Core/Src/usart.o
LOAD ./Core/Startup/startup_stm32f411retx.o
LOAD ./Drivers/STM32F4xx_HAL_Driver/Src/stm32f4xx_hal.o
LOAD ./Drivers/STM32F4xx_HAL_Driver/Src/stm32f4xx_hal_cortex.o
LOAD ./Drivers/STM32F4xx_HAL_Driver/Src/stm32f4xx_hal_dma.o
LOAD ./Drivers/STM32F4xx_HAL_Driver/Src/stm32f4xx_hal_dma_ex.o
LOAD ./Drivers/STM32F4xx_HAL_Driver/Src/stm32f4xx_hal_exti.o
LOAD ./Drivers/STM32F4xx_HAL_Driver/Src/stm32f4xx_hal_flash.o
LOAD ./Drivers/STM32F4xx_HAL_Driver/Src/stm32f4xx_hal_flash_ex.o
LOAD ./Drivers/STM32F4xx_HAL_Driver/Src/stm32f4xx_hal_flash_ramfunc.o
LOAD ./Drivers/STM32F4xx_HAL_Driver/Src/stm32f4xx_hal_gpio.o
LOAD ./Drivers/STM32F4xx_HAL_Driver/Src/stm32f4xx_hal_i2c.o
LOAD ./Drivers/STM32F4xx_HAL_Driver/Src/stm32f4xx_hal_i2c_ex.o
LOAD ./Drivers/STM32F4xx_HAL_Driver/Src/stm32f4xx_hal_pwr.o
LOAD ./Drivers/STM32F4xx_HAL_Driver/Src/stm32f4xx_hal_pwr_ex.o
LOAD ./Drivers/STM32F4xx_HAL_Driver/Src/stm32f4xx_hal_rcc.o
LOAD ./Drivers/STM32F4xx_HAL_Driver/Src/stm32f4xx_hal_rcc_ex.o
LOAD ./Drivers/STM32F4xx_HAL_Driver/Src/stm32f4xx_hal_spi.o
LOAD ./Drivers/STM32F4xx_HAL_Driver/Src/stm32f4xx_hal_tim.o
LOAD ./Drivers/STM32F4xx_HAL_Driver/Src/stm32f4xx_hal_tim_ex.o
LOAD ./Drivers/STM32F4xx_HAL_Driver/Src/stm32f4xx_hal_uart.o
START GROUP
LOAD C:/ST/STM32CubeIDE_1.11.0/STM32CubeIDE/plugins/com.st.stm32cube.ide.mcu.externaltools.gnu-tools-for-stm32.12.3.rel1.win32_1.0.200.202406191623/tools/bin/../lib/gcc/arm-none-eabi/12.3.1/../../../../arm-none-eabi/lib/thumb/v7e-m+fp/hard\libc_nano.a
LOAD C:/ST/STM32CubeIDE_1.11.0/STM32CubeIDE/plugins/com.st.stm32cube.ide.mcu.externaltools.gnu-tools-for-stm32.12.3.rel1.win32_1.0.200.202406191623/tools/bin/../lib/gcc/arm-none-eabi/12.3.1/../../../../arm-none-eabi/lib/thumb/v7e-m+fp/hard\libm.a
END GROUP
START GROUP
LOAD C:/ST/STM32CubeIDE_1.11.0/STM32CubeIDE/plugins/com.st.stm32cube.ide.mcu.externaltools.gnu-tools-for-stm32.12.3.rel1.win32_1.0.200.202406191623/tools/bin/../lib/gcc/arm-none-eabi/12.3.1/thumb/v7e-m+fp/hard\libgcc.a
LOAD C:/ST/STM32CubeIDE_1.11.0/STM32CubeIDE/plugins/com.st.stm32cube.ide.mcu.externaltools.gnu-tools-for-stm32.12.3.rel1.win32_1.0.200.202406191623/tools/bin/../lib/gcc/arm-none-eabi/12.3.1/../../../../arm-none-eabi/lib/thumb/v7e-m+fp/hard\libc_nano.a
END GROUP
START GROUP
LOAD C:/ST/STM32CubeIDE_1.11.0/STM32CubeIDE/plugins/com.st.stm32cube.ide.mcu.externaltools.gnu-tools-for-stm32.12.3.rel1.win32_1.0.200.202406191623/tools/bin/../lib/gcc/arm-none-eabi/12.3.1/thumb/v7e-m+fp/hard\libgcc.a
LOAD C:/ST/STM32CubeIDE_1.11.0/STM32CubeIDE/plugins/com.st.stm32cube.ide.mcu.externaltools.gnu-tools-for-stm32.12.3.rel1.win32_1.0.200.202406191623/tools/bin/../lib/gcc/arm-none-eabi/12.3.1/../../../../arm-none-eabi/lib/thumb/v7e-m+fp/hard\libc_nano.a
LOAD C:/ST/STM32CubeIDE_1.11.0/STM32CubeIDE/plugins/com.st.stm32cube.ide.mcu.externaltools.gnu-tools-for-stm32.12.3.rel1.win32_1.0.200.202406191623/tools/bin/../lib/gcc/arm-none-eabi/12.3.1/../../../../arm-none-eabi/lib/thumb/v7e-m+fp/hard\libnosys.a
END GROUP
START GROUP
LOAD C:/ST/STM32CubeIDE_1.11.0/STM32CubeIDE/plugins/com.st.stm32cube.ide.mcu.externaltools.gnu-tools-for-stm32.12.3.rel1.win32_1.0.200.202406191623/tools/bin/../lib/gcc/arm-none-eabi/12.3.1/thumb/v7e-m+fp/hard\libgcc.a
LOAD C:/ST/STM32CubeIDE_1.11.0/STM32CubeIDE/plugins/com.st.stm32cube.ide.mcu.externaltools.gnu-tools-for-stm32.12.3.rel1.win32_1.0.200.202406191623/tools/bin/../lib/gcc/arm-none-eabi/12.3.1/../../../../arm-none-eabi/lib/thumb/v7e-m+fp/hard\libc_nano.a
LOAD C:/ST/STM32CubeIDE_1.11.0/STM32CubeIDE/plugins/com.st.stm32cube.ide.mcu.externaltools.gnu-tools-for-stm32.12.3.rel1.win32_1.0.200.202406191623/tools/bin/../lib/gcc/arm-none-eabi/12.3.1/../../../../arm-none-eabi/lib/thumb/v7e-m+fp/hard\libnosys.a
END GROUP
LOAD C:/ST/STM32CubeIDE_1.11.0/STM32CubeIDE/plugins/com.st.stm32cube.ide.mcu.externaltools.gnu-tools-for-stm32.12.3.rel1.win32_1.0.200.202406191623/tools/bin/../lib/gcc/arm-none-eabi/12.3.1/thumb/v7e-m+fp/hard/crtend.o
LOAD C:/ST/STM32CubeIDE_1.11.0/STM32CubeIDE/plugins/com.st.stm32cube.ide.mcu.externaltools.gnu-tools-for-stm32.12.3.rel1.win32_1.0.200.202406191623/tools/bin/../lib/gcc/arm-none-eabi/12.3.1/thumb/v7e-m+fp/hard/crtn.o
                0x20020000                        _estack = (ORIGIN (RAM) + LENGTH (RAM))
                0x00000800                        _Min_Heap_Size = 0x800
                0x00001000                        _Min_Stack_Size = 0x1000

.isr_vector     0x08000000      0x198
                0x08000000                        . = ALIGN (0x4)
 *(.isr_vector)
 .isr_vector    0x08000000      0x198 ./Core/Startup/startup_stm32f411retx.o
                0x08000000                g_pfnVectors
                0x08000198                        . = ALIGN (0x4)

.text           0x08000198     0x4d40
                0x08000198                        . = ALIGN (0x4)
 *(.text)
 .text          0x08000198       0x40 C:/ST/STM32CubeIDE_1.11.0/STM32CubeIDE/plugins/com.st.stm32cube.ide.mcu.externaltools.gnu-tools-for-stm32.12.3.rel1.win32_1.0.200.202406191623/tools/bin/../lib/gcc/arm-none-eabi/12.3.1/thumb/v7e-m+fp/hard/crtbegin.o
 .text          0x080001d8       0x14 C:/ST/STM32CubeIDE_1.11.0/STM32CubeIDE/plugins/com.st.stm32cube.ide.mcu.externaltools.gnu-tools-for-stm32.12.3.rel1.win32_1.0.200.202406191623/tools/bin/../lib/gcc/arm-none-eabi/12.3.1/../../../../arm-none-eabi/lib/thumb/v7e-m+fp/hard\libc_nano.a(libc_a-strcmp.o)
                0x080001d8                strcmp
 .text          0x080001ec       0x10 C:/ST/STM32CubeIDE_1.11.0/STM32CubeIDE/plugins/com.st.stm32cube.ide.mcu.externaltools.gnu-tools-for-stm32.12.3.rel1.win32_1.0.200.202406191623/tools/bin/../lib/gcc/arm-none-eabi/12.3.1/../../../../arm-none-eabi/lib/thumb/v7e-m+fp/hard\libc_nano.a(libc_a-strlen.o)
                0x080001ec                strlen
 .text          0x080001fc       0x30 C:/ST/STM32CubeIDE_1.11.0/STM32CubeIDE/plugins/com.st.stm32cube.ide.mcu.externaltools.gnu-tools-for-stm32.12.3.rel1.win32_1.0.200.202406191623/tools/bin/../lib/gcc/arm-none-eabi/12.3.1/thumb/v7e-m+fp/hard\libgcc.a(_aeabi_uldivmod.o)
                0x080001fc                __aeabi_uldivmod
 .text          0x0800022c      0x2bc C:/ST/STM32CubeIDE_1.11.0/STM32CubeIDE/plugins/com.st.stm32cube.ide.mcu.externaltools.gnu-tools-for-stm32.12.3.rel1.win32_1.0.200.202406191623/tools/bin/../lib/gcc/arm-none-eabi/12.3.1/thumb/v7e-m+fp/hard\libgcc.a(_udivmoddi4.o)
                0x0800022c                __udivmoddi4
 .text          0x080004e8        0x4 C:/ST/STM32CubeIDE_1.11.0/STM32CubeIDE/plugins/com.st.stm32cube.ide.mcu.externaltools.gnu-tools-for-stm32.12.3.rel1.win32_1.0.200.202406191623/tools/bin/../lib/gcc/arm-none-eabi/12.3.1/thumb/v7e-m+fp/hard\libgcc.a(_dvmd_tls.o)
                0x080004e8                __aeabi_idiv0
                0x080004e8                __aeabi_ldiv0
 *(.text*)
 .text.MX_DMA_Init
                0x080004ec       0x50 ./Core/Src/dma.o
                0x080004ec                MX_DMA_Init
 .text.MX_GPIO_Init
                0x0800053c      0x1b0 ./Core/Src/gpio.o
                0x0800053c                MX_GPIO_Init
 .text.MX_I2C1_Init
                0x080006ec       0x5c ./Core/Src/i2c.o
                0x080006ec                MX_I2C1_Init
 .text.HAL_I2C_MspInit
                0x08000748       0x90 ./Core/Src/i2c.o
                0x08000748                HAL_I2C_MspInit
 .text.main     0x080007d8       0xec ./Core/Src/main.o
                0x080007d8                main
 .text.SystemClock_Config
                0x080008c4       0xd0 ./Core/Src/main.o
                0x080008c4                SystemClock_Config
 .text.HAL_UART_RxCpltCallback
                0x08000994       0x60 ./Core/Src/main.o
                0x08000994                HAL_UART_RxCpltCallback
 .text.UART_Log
                0x080009f4       0x2c ./Core/Src/main.o
                0x080009f4                UART_Log
 .text.RS_Transmit
                0x08000a20       0x2c ./Core/Src/main.o
                0x08000a20                RS_Transmit
 .text.RFID_Read
                0x08000a4c       0xe8 ./Core/Src/main.o
                0x08000a4c                RFID_Read
 .text.ADDR_Check
                0x08000b34      0x500 ./Core/Src/main.o
                0x08000b34                ADDR_Check
 .text.Error_Handler
                0x08001034       0x64 ./Core/Src/main.o
                0x08001034                Error_Handler
 .text.Parser_TakeLine
                0x08001098       0x4c ./Core/Src/parser_simple.o
                0x08001098                Parser_TakeLine
 .text.Parser_Parse
                0x080010e4       0x60 ./Core/Src/parser_simple.o
                0x080010e4                Parser_Parse
 .text.RC522_SPI_Transfer
                0x08001144       0x2c ./Core/Src/rc522.o
                0x08001144                RC522_SPI_Transfer
 .text.Write_MFRC522
                0x08001170       0x4c ./Core/Src/rc522.o
                0x08001170                Write_MFRC522
 .text.Read_MFRC522
                0x080011bc       0x50 ./Core/Src/rc522.o
                0x080011bc                Read_MFRC522
 .text.SetBitMask
                0x0800120c       0x36 ./Core/Src/rc522.o
                0x0800120c                SetBitMask
 .text.ClearBitMask
                0x08001242       0x40 ./Core/Src/rc522.o
                0x08001242                ClearBitMask
 .text.AntennaOn
                0x08001282       0x16 ./Core/Src/rc522.o
                0x08001282                AntennaOn
 .text.MFRC522_Reset
                0x08001298       0x10 ./Core/Src/rc522.o
                0x08001298                MFRC522_Reset
 .text.MFRC522_Init
                0x080012a8       0x5c ./Core/Src/rc522.o
                0x080012a8                MFRC522_Init
 .text.MFRC522_ToCard
                0x08001304      0x192 ./Core/Src/rc522.o
                0x08001304                MFRC522_ToCard
 .text.MFRC522_Request
                0x08001496       0x4a ./Core/Src/rc522.o
                0x08001496                MFRC522_Request
 .text.MFRC522_Anticoll
                0x080014e0       0x7a ./Core/Src/rc522.o
                0x080014e0                MFRC522_Anticoll
 .text.CalulateCRC
                0x0800155a       0x92 ./Core/Src/rc522.o
                0x0800155a                CalulateCRC
 .text.MFRC522_SelectTag
                0x080015ec       0x84 ./Core/Src/rc522.o
                0x080015ec                MFRC522_SelectTag
 .text.MFRC522_Auth
                0x08001670       0xc6 ./Core/Src/rc522.o
                0x08001670                MFRC522_Auth
 .text.MFRC522_Read
                0x08001736       0x58 ./Core/Src/rc522.o
                0x08001736                MFRC522_Read
 .text.MFRC522_Halt
                0x0800178e       0x36 ./Core/Src/rc522.o
                0x0800178e                MFRC522_Halt
 .text.RB_Read  0x080017c4       0x52 ./Core/Src/ring_buffer.o
                0x080017c4                RB_Read
 .text.RB_Write
                0x08001816       0x56 ./Core/Src/ring_buffer.o
                0x08001816                RB_Write
 .text.RB_Flush
                0x0800186c       0x20 ./Core/Src/ring_buffer.o
                0x0800186c                RB_Flush
 .text.MX_SPI1_Init
                0x0800188c       0x6c ./Core/Src/spi.o
                0x0800188c                MX_SPI1_Init
 .text.HAL_SPI_MspInit
                0x080018f8       0x90 ./Core/Src/spi.o
                0x080018f8                HAL_SPI_MspInit
 .text.HAL_MspInit
                0x08001988       0x50 ./Core/Src/stm32f4xx_hal_msp.o
                0x08001988                HAL_MspInit
 .text.NMI_Handler
                0x080019d8        0x8 ./Core/Src/stm32f4xx_it.o
                0x080019d8                NMI_Handler
 .text.HardFault_Handler
                0x080019e0       0x14 ./Core/Src/stm32f4xx_it.o
                0x080019e0                HardFault_Handler
 .text.MemManage_Handler
                0x080019f4        0x8 ./Core/Src/stm32f4xx_it.o
                0x080019f4                MemManage_Handler
 .text.BusFault_Handler
                0x080019fc        0x8 ./Core/Src/stm32f4xx_it.o
                0x080019fc                BusFault_Handler
 .text.UsageFault_Handler
                0x08001a04        0x8 ./Core/Src/stm32f4xx_it.o
                0x08001a04                UsageFault_Handler
 .text.SVC_Handler
                0x08001a0c        0xe ./Core/Src/stm32f4xx_it.o
                0x08001a0c                SVC_Handler
 .text.DebugMon_Handler
                0x08001a1a        0xe ./Core/Src/stm32f4xx_it.o
                0x08001a1a                DebugMon_Handler
 .text.PendSV_Handler
                0x08001a28        0xe ./Core/Src/stm32f4xx_it.o
                0x08001a28                PendSV_Handler
 .text.SysTick_Handler
                0x08001a36        0xc ./Core/Src/stm32f4xx_it.o
                0x08001a36                SysTick_Handler
 *fill*         0x08001a42        0x2 
 .text.DMA2_Stream1_IRQHandler
                0x08001a44       0x14 ./Core/Src/stm32f4xx_it.o
                0x08001a44                DMA2_Stream1_IRQHandler
 .text.DMA2_Stream6_IRQHandler
                0x08001a58       0x14 ./Core/Src/stm32f4xx_it.o
                0x08001a58                DMA2_Stream6_IRQHandler
 .text.USART6_IRQHandler
                0x08001a6c       0x14 ./Core/Src/stm32f4xx_it.o
                0x08001a6c                USART6_IRQHandler
 .text.SystemInit
                0x08001a80       0x24 ./Core/Src/system_stm32f4xx.o
                0x08001a80                SystemInit
 .text.MX_USART1_UART_Init
                0x08001aa4       0x54 ./Core/Src/usart.o
                0x08001aa4                MX_USART1_UART_Init
 .text.MX_USART2_UART_Init
                0x08001af8       0x54 ./Core/Src/usart.o
                0x08001af8                MX_USART2_UART_Init
 .text.MX_USART6_UART_Init
                0x08001b4c       0x54 ./Core/Src/usart.o
                0x08001b4c                MX_USART6_UART_Init
 .text.HAL_UART_MspInit
                0x08001ba0      0x240 ./Core/Src/usart.o
                0x08001ba0                HAL_UART_MspInit
 .text.Reset_Handler
                0x08001de0       0x50 ./Core/Startup/startup_stm32f411retx.o
                0x08001de0                Reset_Handler
 .text.Default_Handler
                0x08001e30        0x2 ./Core/Startup/startup_stm32f411retx.o
                0x08001e30                RTC_Alarm_IRQHandler
                0x08001e30                EXTI2_IRQHandler
                0x08001e30                SPI4_IRQHandler
                0x08001e30                TIM1_CC_IRQHandler
                0x08001e30                DMA2_Stream5_IRQHandler
                0x08001e30                DMA1_Stream5_IRQHandler
                0x08001e30                PVD_IRQHandler
                0x08001e30                SDIO_IRQHandler
                0x08001e30                TAMP_STAMP_IRQHandler
                0x08001e30                EXTI3_IRQHandler
                0x08001e30                TIM1_UP_TIM10_IRQHandler
                0x08001e30                I2C3_ER_IRQHandler
                0x08001e30                EXTI0_IRQHandler
                0x08001e30                I2C2_EV_IRQHandler
                0x08001e30                DMA1_Stream2_IRQHandler
                0x08001e30                FPU_IRQHandler
                0x08001e30                DMA2_Stream2_IRQHandler
                0x08001e30                SPI1_IRQHandler
                0x08001e30                TIM1_BRK_TIM9_IRQHandler
                0x08001e30                DMA2_Stream3_IRQHandler
                0x08001e30                DMA2_Stream0_IRQHandler
                0x08001e30                TIM4_IRQHandler
                0x08001e30                I2C1_EV_IRQHandler
                0x08001e30                DMA1_Stream6_IRQHandler
                0x08001e30                DMA1_Stream1_IRQHandler
                0x08001e30                TIM3_IRQHandler
                0x08001e30                RCC_IRQHandler
                0x08001e30                Default_Handler
                0x08001e30                EXTI15_10_IRQHandler
                0x08001e30                ADC_IRQHandler
                0x08001e30                DMA1_Stream7_IRQHandler
                0x08001e30                SPI5_IRQHandler
                0x08001e30                TIM5_IRQHandler
                0x08001e30                DMA2_Stream7_IRQHandler
                0x08001e30                I2C3_EV_IRQHandler
                0x08001e30                EXTI9_5_IRQHandler
                0x08001e30                RTC_WKUP_IRQHandler
                0x08001e30                SPI2_IRQHandler
                0x08001e30                DMA1_Stream0_IRQHandler
                0x08001e30                EXTI4_IRQHandler
                0x08001e30                WWDG_IRQHandler
                0x08001e30                TIM2_IRQHandler
                0x08001e30                OTG_FS_WKUP_IRQHandler
                0x08001e30                TIM1_TRG_COM_TIM11_IRQHandler
                0x08001e30                EXTI1_IRQHandler
                0x08001e30                USART2_IRQHandler
                0x08001e30                I2C2_ER_IRQHandler
                0x08001e30                FLASH_IRQHandler
                0x08001e30                DMA2_Stream4_IRQHandler
                0x08001e30                USART1_IRQHandler
                0x08001e30                OTG_FS_IRQHandler
                0x08001e30                SPI3_IRQHandler
                0x08001e30                DMA1_Stream4_IRQHandler
                0x08001e30                I2C1_ER_IRQHandler
                0x08001e30                DMA1_Stream3_IRQHandler
 *fill*         0x08001e32        0x2 
 .text.HAL_Init
                0x08001e34       0x44 ./Drivers/STM32F4xx_HAL_Driver/Src/stm32f4xx_hal.o
                0x08001e34                HAL_Init
 .text.HAL_InitTick
                0x08001e78       0x60 ./Drivers/STM32F4xx_HAL_Driver/Src/stm32f4xx_hal.o
                0x08001e78                HAL_InitTick
 .text.HAL_IncTick
                0x08001ed8       0x28 ./Drivers/STM32F4xx_HAL_Driver/Src/stm32f4xx_hal.o
                0x08001ed8                HAL_IncTick
 .text.HAL_GetTick
                0x08001f00       0x18 ./Drivers/STM32F4xx_HAL_Driver/Src/stm32f4xx_hal.o
                0x08001f00                HAL_GetTick
 .text.HAL_Delay
                0x08001f18       0x48 ./Drivers/STM32F4xx_HAL_Driver/Src/stm32f4xx_hal.o
                0x08001f18                HAL_Delay
 .text.__NVIC_SetPriorityGrouping
                0x08001f60       0x48 ./Drivers/STM32F4xx_HAL_Driver/Src/stm32f4xx_hal_cortex.o
 .text.__NVIC_GetPriorityGrouping
                0x08001fa8       0x1c ./Drivers/STM32F4xx_HAL_Driver/Src/stm32f4xx_hal_cortex.o
 .text.__NVIC_EnableIRQ
                0x08001fc4       0x3c ./Drivers/STM32F4xx_HAL_Driver/Src/stm32f4xx_hal_cortex.o
 .text.__NVIC_SetPriority
                0x08002000       0x54 ./Drivers/STM32F4xx_HAL_Driver/Src/stm32f4xx_hal_cortex.o
 .text.NVIC_EncodePriority
                0x08002054       0x66 ./Drivers/STM32F4xx_HAL_Driver/Src/stm32f4xx_hal_cortex.o
 *fill*         0x080020ba        0x2 
 .text.SysTick_Config
                0x080020bc       0x44 ./Drivers/STM32F4xx_HAL_Driver/Src/stm32f4xx_hal_cortex.o
 .text.HAL_NVIC_SetPriorityGrouping
                0x08002100       0x16 ./Drivers/STM32F4xx_HAL_Driver/Src/stm32f4xx_hal_cortex.o
                0x08002100                HAL_NVIC_SetPriorityGrouping
 .text.HAL_NVIC_SetPriority
                0x08002116       0x38 ./Drivers/STM32F4xx_HAL_Driver/Src/stm32f4xx_hal_cortex.o
                0x08002116                HAL_NVIC_SetPriority
 .text.HAL_NVIC_EnableIRQ
                0x0800214e       0x1c ./Drivers/STM32F4xx_HAL_Driver/Src/stm32f4xx_hal_cortex.o
                0x0800214e                HAL_NVIC_EnableIRQ
 .text.HAL_SYSTICK_Config
                0x0800216a       0x18 ./Drivers/STM32F4xx_HAL_Driver/Src/stm32f4xx_hal_cortex.o
                0x0800216a                HAL_SYSTICK_Config
 *fill*         0x08002182        0x2 
 .text.HAL_DMA_Init
                0x08002184      0x15c ./Drivers/STM32F4xx_HAL_Driver/Src/stm32f4xx_hal_dma.o
                0x08002184                HAL_DMA_Init
 .text.HAL_DMA_Abort
                0x080022e0       0xe0 ./Drivers/STM32F4xx_HAL_Driver/Src/stm32f4xx_hal_dma.o
                0x080022e0                HAL_DMA_Abort
 .text.HAL_DMA_Abort_IT
                0x080023c0       0x44 ./Drivers/STM32F4xx_HAL_Driver/Src/stm32f4xx_hal_dma.o
                0x080023c0                HAL_DMA_Abort_IT
 .text.HAL_DMA_IRQHandler
                0x08002404      0x314 ./Drivers/STM32F4xx_HAL_Driver/Src/stm32f4xx_hal_dma.o
                0x08002404                HAL_DMA_IRQHandler
 .text.DMA_CalcBaseAndBitshift
                0x08002718       0x6c ./Drivers/STM32F4xx_HAL_Driver/Src/stm32f4xx_hal_dma.o
 .text.DMA_CheckFifoParam
                0x08002784       0xf8 ./Drivers/STM32F4xx_HAL_Driver/Src/stm32f4xx_hal_dma.o
 .text.HAL_GPIO_Init
                0x0800287c      0x308 ./Drivers/STM32F4xx_HAL_Driver/Src/stm32f4xx_hal_gpio.o
                0x0800287c                HAL_GPIO_Init
 .text.HAL_GPIO_ReadPin
                0x08002b84       0x30 ./Drivers/STM32F4xx_HAL_Driver/Src/stm32f4xx_hal_gpio.o
                0x08002b84                HAL_GPIO_ReadPin
 .text.HAL_GPIO_WritePin
                0x08002bb4       0x32 ./Drivers/STM32F4xx_HAL_Driver/Src/stm32f4xx_hal_gpio.o
                0x08002bb4                HAL_GPIO_WritePin
 *fill*         0x08002be6        0x2 
 .text.HAL_I2C_Init
                0x08002be8      0x288 ./Drivers/STM32F4xx_HAL_Driver/Src/stm32f4xx_hal_i2c.o
                0x08002be8                HAL_I2C_Init
 .text.HAL_RCC_OscConfig
                0x08002e70      0x4f0 ./Drivers/STM32F4xx_HAL_Driver/Src/stm32f4xx_hal_rcc.o
                0x08002e70                HAL_RCC_OscConfig
 .text.HAL_RCC_ClockConfig
                0x08003360      0x1cc ./Drivers/STM32F4xx_HAL_Driver/Src/stm32f4xx_hal_rcc.o
                0x08003360                HAL_RCC_ClockConfig
 .text.HAL_RCC_GetSysClockFreq
                0x0800352c      0x20c ./Drivers/STM32F4xx_HAL_Driver/Src/stm32f4xx_hal_rcc.o
                0x0800352c                HAL_RCC_GetSysClockFreq
 .text.HAL_RCC_GetHCLKFreq
                0x08003738       0x18 ./Drivers/STM32F4xx_HAL_Driver/Src/stm32f4xx_hal_rcc.o
                0x08003738                HAL_RCC_GetHCLKFreq
 .text.HAL_RCC_GetPCLK1Freq
                0x08003750       0x28 ./Drivers/STM32F4xx_HAL_Driver/Src/stm32f4xx_hal_rcc.o
                0x08003750                HAL_RCC_GetPCLK1Freq
 .text.HAL_RCC_GetPCLK2Freq
                0x08003778       0x28 ./Drivers/STM32F4xx_HAL_Driver/Src/stm32f4xx_hal_rcc.o
                0x08003778                HAL_RCC_GetPCLK2Freq
 .text.HAL_SPI_Init
                0x080037a0      0x112 ./Drivers/STM32F4xx_HAL_Driver/Src/stm32f4xx_hal_spi.o
                0x080037a0                HAL_SPI_Init
 .text.HAL_SPI_TransmitReceive
                0x080038b2      0x352 ./Drivers/STM32F4xx_HAL_Driver/Src/stm32f4xx_hal_spi.o
                0x080038b2                HAL_SPI_TransmitReceive
 .text.SPI_WaitFlagStateUntilTimeout
                0x08003c04      0x110 ./Drivers/STM32F4xx_HAL_Driver/Src/stm32f4xx_hal_spi.o
 .text.SPI_EndRxTxTransaction
                0x08003d14       0xa8 ./Drivers/STM32F4xx_HAL_Driver/Src/stm32f4xx_hal_spi.o
 .text.HAL_UART_Init
                0x08003dbc       0xa0 ./Drivers/STM32F4xx_HAL_Driver/Src/stm32f4xx_hal_uart.o
                0x08003dbc                HAL_UART_Init
 .text.HAL_UART_Transmit
                0x08003e5c      0x116 ./Drivers/STM32F4xx_HAL_Driver/Src/stm32f4xx_hal_uart.o
                0x08003e5c                HAL_UART_Transmit
 .text.HAL_UART_Receive_IT
                0x08003f72       0x4a ./Drivers/STM32F4xx_HAL_Driver/Src/stm32f4xx_hal_uart.o
                0x08003f72                HAL_UART_Receive_IT
 .text.HAL_UART_IRQHandler
                0x08003fbc      0x524 ./Drivers/STM32F4xx_HAL_Driver/Src/stm32f4xx_hal_uart.o
                0x08003fbc                HAL_UART_IRQHandler
 .text.HAL_UART_TxCpltCallback
                0x080044e0       0x14 ./Drivers/STM32F4xx_HAL_Driver/Src/stm32f4xx_hal_uart.o
                0x080044e0                HAL_UART_TxCpltCallback
 .text.HAL_UART_ErrorCallback
                0x080044f4       0x14 ./Drivers/STM32F4xx_HAL_Driver/Src/stm32f4xx_hal_uart.o
                0x080044f4                HAL_UART_ErrorCallback
 .text.HAL_UARTEx_RxEventCallback
                0x08004508       0x18 ./Drivers/STM32F4xx_HAL_Driver/Src/stm32f4xx_hal_uart.o
                0x08004508                HAL_UARTEx_RxEventCallback
 .text.UART_WaitOnFlagUntilTimeout
                0x08004520       0xb2 ./Drivers/STM32F4xx_HAL_Driver/Src/stm32f4xx_hal_uart.o
 .text.UART_Start_Receive_IT
                0x080045d2       0x74 ./Drivers/STM32F4xx_HAL_Driver/Src/stm32f4xx_hal_uart.o
                0x080045d2                UART_Start_Receive_IT
 .text.UART_EndRxTransfer
                0x08004646       0xc6 ./Drivers/STM32F4xx_HAL_Driver/Src/stm32f4xx_hal_uart.o
 .text.UART_DMAAbortOnError
                0x0800470c       0x28 ./Drivers/STM32F4xx_HAL_Driver/Src/stm32f4xx_hal_uart.o
 .text.UART_Transmit_IT
                0x08004734       0xa0 ./Drivers/STM32F4xx_HAL_Driver/Src/stm32f4xx_hal_uart.o
 .text.UART_EndTransmit_IT
                0x080047d4       0x30 ./Drivers/STM32F4xx_HAL_Driver/Src/stm32f4xx_hal_uart.o
 .text.UART_Receive_IT
                0x08004804      0x17c ./Drivers/STM32F4xx_HAL_Driver/Src/stm32f4xx_hal_uart.o
 .text.UART_SetConfig
                0x08004980      0x4e8 ./Drivers/STM32F4xx_HAL_Driver/Src/stm32f4xx_hal_uart.o
 .text.memset   0x08004e68       0x10 C:/ST/STM32CubeIDE_1.11.0/STM32CubeIDE/plugins/com.st.stm32cube.ide.mcu.externaltools.gnu-tools-for-stm32.12.3.rel1.win32_1.0.200.202406191623/tools/bin/../lib/gcc/arm-none-eabi/12.3.1/../../../../arm-none-eabi/lib/thumb/v7e-m+fp/hard\libc_nano.a(libc_a-memset.o)
                0x08004e68                memset
 .text.__libc_init_array
                0x08004e78       0x48 C:/ST/STM32CubeIDE_1.11.0/STM32CubeIDE/plugins/com.st.stm32cube.ide.mcu.externaltools.gnu-tools-for-stm32.12.3.rel1.win32_1.0.200.202406191623/tools/bin/../lib/gcc/arm-none-eabi/12.3.1/../../../../arm-none-eabi/lib/thumb/v7e-m+fp/hard\libc_nano.a(libc_a-init.o)
                0x08004e78                __libc_init_array
 *(.glue_7)
 .glue_7        0x08004ec0        0x0 linker stubs
 *(.glue_7t)
 .glue_7t       0x08004ec0        0x0 linker stubs
 *(.eh_frame)
 .eh_frame      0x08004ec0        0x0 C:/ST/STM32CubeIDE_1.11.0/STM32CubeIDE/plugins/com.st.stm32cube.ide.mcu.externaltools.gnu-tools-for-stm32.12.3.rel1.win32_1.0.200.202406191623/tools/bin/../lib/gcc/arm-none-eabi/12.3.1/thumb/v7e-m+fp/hard/crtbegin.o
 *(.init)
 .init          0x08004ec0        0x4 C:/ST/STM32CubeIDE_1.11.0/STM32CubeIDE/plugins/com.st.stm32cube.ide.mcu.externaltools.gnu-tools-for-stm32.12.3.rel1.win32_1.0.200.202406191623/tools/bin/../lib/gcc/arm-none-eabi/12.3.1/thumb/v7e-m+fp/hard/crti.o
                0x08004ec0                _init
 .init          0x08004ec4        0x8 C:/ST/STM32CubeIDE_1.11.0/STM32CubeIDE/plugins/com.st.stm32cube.ide.mcu.externaltools.gnu-tools-for-stm32.12.3.rel1.win32_1.0.200.202406191623/tools/bin/../lib/gcc/arm-none-eabi/12.3.1/thumb/v7e-m+fp/hard/crtn.o
 *(.fini)
 .fini          0x08004ecc        0x4 C:/ST/STM32CubeIDE_1.11.0/STM32CubeIDE/plugins/com.st.stm32cube.ide.mcu.externaltools.gnu-tools-for-stm32.12.3.rel1.win32_1.0.200.202406191623/tools/bin/../lib/gcc/arm-none-eabi/12.3.1/thumb/v7e-m+fp/hard/crti.o
                0x08004ecc                _fini
 .fini          0x08004ed0        0x8 C:/ST/STM32CubeIDE_1.11.0/STM32CubeIDE/plugins/com.st.stm32cube.ide.mcu.externaltools.gnu-tools-for-stm32.12.3.rel1.win32_1.0.200.202406191623/tools/bin/../lib/gcc/arm-none-eabi/12.3.1/thumb/v7e-m+fp/hard/crtn.o
                0x08004ed8                        . = ALIGN (0x4)
                0x08004ed8                        _etext = .

.vfp11_veneer   0x08004ed8        0x0
 .vfp11_veneer  0x08004ed8        0x0 linker stubs

.v4_bx          0x08004ed8        0x0
 .v4_bx         0x08004ed8        0x0 linker stubs

.iplt           0x08004ed8        0x0
 .iplt          0x08004ed8        0x0 C:/ST/STM32CubeIDE_1.11.0/STM32CubeIDE/plugins/com.st.stm32cube.ide.mcu.externaltools.gnu-tools-for-stm32.12.3.rel1.win32_1.0.200.202406191623/tools/bin/../lib/gcc/arm-none-eabi/12.3.1/thumb/v7e-m+fp/hard/crtbegin.o

.rodata         0x08004ed8      0x114
                0x08004ed8                        . = ALIGN (0x4)
 *(.rodata)
 .rodata        0x08004ed8       0xe8 ./Core/Src/main.o
 .rodata        0x08004fc0        0x9 ./Core/Src/parser_simple.o
 *(.rodata*)
 *fill*         0x08004fc9        0x3 
 .rodata.AHBPrescTable
                0x08004fcc       0x10 ./Core/Src/system_stm32f4xx.o
                0x08004fcc                AHBPrescTable
 .rodata.APBPrescTable
                0x08004fdc        0x8 ./Core/Src/system_stm32f4xx.o
                0x08004fdc                APBPrescTable
 .rodata.flagBitshiftOffset.0
                0x08004fe4        0x8 ./Drivers/STM32F4xx_HAL_Driver/Src/stm32f4xx_hal_dma.o
                0x08004fec                        . = ALIGN (0x4)

.ARM.extab      0x08004fec        0x0
                0x08004fec                        . = ALIGN (0x4)
 *(.ARM.extab* .gnu.linkonce.armextab.*)
                0x08004fec                        . = ALIGN (0x4)

.ARM            0x08004fec        0x8
                0x08004fec                        . = ALIGN (0x4)
                0x08004fec                        __exidx_start = .
 *(.ARM.exidx*)
 .ARM.exidx     0x08004fec        0x8 C:/ST/STM32CubeIDE_1.11.0/STM32CubeIDE/plugins/com.st.stm32cube.ide.mcu.externaltools.gnu-tools-for-stm32.12.3.rel1.win32_1.0.200.202406191623/tools/bin/../lib/gcc/arm-none-eabi/12.3.1/../../../../arm-none-eabi/lib/thumb/v7e-m+fp/hard\libc_nano.a(libc_a-strcmp.o)
 .ARM.exidx     0x08004ff4        0x0 C:/ST/STM32CubeIDE_1.11.0/STM32CubeIDE/plugins/com.st.stm32cube.ide.mcu.externaltools.gnu-tools-for-stm32.12.3.rel1.win32_1.0.200.202406191623/tools/bin/../lib/gcc/arm-none-eabi/12.3.1/../../../../arm-none-eabi/lib/thumb/v7e-m+fp/hard\libc_nano.a(libc_a-strlen.o)
                                  0x8 (size before relaxing)
 .ARM.exidx     0x08004ff4        0x0 C:/ST/STM32CubeIDE_1.11.0/STM32CubeIDE/plugins/com.st.stm32cube.ide.mcu.externaltools.gnu-tools-for-stm32.12.3.rel1.win32_1.0.200.202406191623/tools/bin/../lib/gcc/arm-none-eabi/12.3.1/thumb/v7e-m+fp/hard\libgcc.a(_udivmoddi4.o)
                                  0x8 (size before relaxing)
                0x08004ff4                        __exidx_end = .
                0x08004ff4                        . = ALIGN (0x4)

.preinit_array  0x08004ff4        0x0
                0x08004ff4                        . = ALIGN (0x4)
                0x08004ff4                        PROVIDE (__preinit_array_start = .)
 *(.preinit_array*)
                0x08004ff4                        PROVIDE (__preinit_array_end = .)
                0x08004ff4                        . = ALIGN (0x4)

.init_array     0x08004ff4        0x4
                0x08004ff4                        . = ALIGN (0x4)
                0x08004ff4                        PROVIDE (__init_array_start = .)
 *(SORT_BY_NAME(.init_array.*))
 *(.init_array*)
 .init_array    0x08004ff4        0x4 C:/ST/STM32CubeIDE_1.11.0/STM32CubeIDE/plugins/com.st.stm32cube.ide.mcu.externaltools.gnu-tools-for-stm32.12.3.rel1.win32_1.0.200.202406191623/tools/bin/../lib/gcc/arm-none-eabi/12.3.1/thumb/v7e-m+fp/hard/crtbegin.o
                0x08004ff8                        PROVIDE (__init_array_end = .)
                0x08004ff8                        . = ALIGN (0x4)

.fini_array     0x08004ff8        0x4
                0x08004ff8                        . = ALIGN (0x4)
                [!provide]                        PROVIDE (__fini_array_start = .)
 *(SORT_BY_NAME(.fini_array.*))
 *(.fini_array*)
 .fini_array    0x08004ff8        0x4 C:/ST/STM32CubeIDE_1.11.0/STM32CubeIDE/plugins/com.st.stm32cube.ide.mcu.externaltools.gnu-tools-for-stm32.12.3.rel1.win32_1.0.200.202406191623/tools/bin/../lib/gcc/arm-none-eabi/12.3.1/thumb/v7e-m+fp/hard/crtbegin.o
                [!provide]                        PROVIDE (__fini_array_end = .)
                0x08004ffc                        . = ALIGN (0x4)
                0x08004ffc                        _sidata = LOADADDR (.data)

.rel.dyn        0x08004ffc        0x0
 .rel.iplt      0x08004ffc        0x0 C:/ST/STM32CubeIDE_1.11.0/STM32CubeIDE/plugins/com.st.stm32cube.ide.mcu.externaltools.gnu-tools-for-stm32.12.3.rel1.win32_1.0.200.202406191623/tools/bin/../lib/gcc/arm-none-eabi/12.3.1/thumb/v7e-m+fp/hard/crtbegin.o

.data           0x20000000       0x30 load address 0x08004ffc
                0x20000000                        . = ALIGN (0x4)
                0x20000000                        _sdata = .
 *(.data)
 *(.data*)
 .data.sectorkey
                0x20000000        0x6 ./Core/Src/main.o
                0x20000000                sectorkey
 .data.read_flag
                0x20000006        0x1 ./Core/Src/main.o
                0x20000006                read_flag
 *fill*         0x20000007        0x1 
 .data.send_buffer
                0x20000008       0x1a ./Core/Src/main.o
                0x20000008                send_buffer
 *fill*         0x20000022        0x2 
 .data.SystemCoreClock
                0x20000024        0x4 ./Core/Src/system_stm32f4xx.o
                0x20000024                SystemCoreClock
 .data.uwTickPrio
                0x20000028        0x4 ./Drivers/STM32F4xx_HAL_Driver/Src/stm32f4xx_hal.o
                0x20000028                uwTickPrio
 .data.uwTickFreq
                0x2000002c        0x1 ./Drivers/STM32F4xx_HAL_Driver/Src/stm32f4xx_hal.o
                0x2000002c                uwTickFreq
 *(.RamFunc)
 *(.RamFunc*)
                0x20000030                        . = ALIGN (0x4)
 *fill*         0x2000002d        0x3 
                0x20000030                        _edata = .

.igot.plt       0x20000030        0x0 load address 0x0800502c
 .igot.plt      0x20000030        0x0 C:/ST/STM32CubeIDE_1.11.0/STM32CubeIDE/plugins/com.st.stm32cube.ide.mcu.externaltools.gnu-tools-for-stm32.12.3.rel1.win32_1.0.200.202406191623/tools/bin/../lib/gcc/arm-none-eabi/12.3.1/thumb/v7e-m+fp/hard/crtbegin.o
                0x20000030                        . = ALIGN (0x4)

.bss            0x20000030      0x31c load address 0x0800502c
                0x20000030                        _sbss = .
                0x20000030                        __bss_start__ = _sbss
 *(.bss)
 .bss           0x20000030       0x1c C:/ST/STM32CubeIDE_1.11.0/STM32CubeIDE/plugins/com.st.stm32cube.ide.mcu.externaltools.gnu-tools-for-stm32.12.3.rel1.win32_1.0.200.202406191623/tools/bin/../lib/gcc/arm-none-eabi/12.3.1/thumb/v7e-m+fp/hard/crtbegin.o
 *(.bss*)
 .bss.hi2c1     0x2000004c       0x54 ./Core/Src/i2c.o
                0x2000004c                hi2c1
 .bss.request_status
                0x200000a0        0x1 ./Core/Src/main.o
                0x200000a0                request_status
 .bss.anticoll_status
                0x200000a1        0x1 ./Core/Src/main.o
                0x200000a1                anticoll_status
 .bss.selecttag_status
                0x200000a2        0x1 ./Core/Src/main.o
                0x200000a2                selecttag_status
 .bss.auth_status
                0x200000a3        0x1 ./Core/Src/main.o
                0x200000a3                auth_status
 .bss.read_status
                0x200000a4        0x1 ./Core/Src/main.o
                0x200000a4                read_status
 *fill*         0x200000a5        0x3 
 .bss.str       0x200000a8        0x4 ./Core/Src/main.o
                0x200000a8                str
 .bss.rec       0x200000ac        0xe ./Core/Src/main.o
                0x200000ac                rec
 *fill*         0x200000ba        0x2 
 .bss.rec_data  0x200000bc        0xe ./Core/Src/main.o
                0x200000bc                rec_data
 *fill*         0x200000ca        0x2 
 .bss.addr_d    0x200000cc        0x4 ./Core/Src/main.o
                0x200000cc                addr_d
 .bss.slave_addr
                0x200000d0        0x2 ./Core/Src/main.o
                0x200000d0                slave_addr
 *fill*         0x200000d2        0x2 
 .bss.rx_data   0x200000d4       0x40 ./Core/Src/main.o
                0x200000d4                rx_data
 .bss.rx_data_temp
                0x20000114        0x1 ./Core/Src/main.o
                0x20000114                rx_data_temp
 .bss.ReceviedLines
                0x20000115        0x1 ./Core/Src/main.o
                0x20000115                ReceviedLines
 *fill*         0x20000116        0x2 
 .bss.ReceivedData
                0x20000118       0x40 ./Core/Src/main.o
                0x20000118                ReceivedData
 .bss.hspi1     0x20000158       0x58 ./Core/Src/spi.o
                0x20000158                hspi1
 .bss.huart1    0x200001b0       0x48 ./Core/Src/usart.o
                0x200001b0                huart1
 .bss.huart2    0x200001f8       0x48 ./Core/Src/usart.o
                0x200001f8                huart2
 .bss.huart6    0x20000240       0x48 ./Core/Src/usart.o
                0x20000240                huart6
 .bss.hdma_usart6_rx
                0x20000288       0x60 ./Core/Src/usart.o
                0x20000288                hdma_usart6_rx
 .bss.hdma_usart6_tx
                0x200002e8       0x60 ./Core/Src/usart.o
                0x200002e8                hdma_usart6_tx
 .bss.uwTick    0x20000348        0x4 ./Drivers/STM32F4xx_HAL_Driver/Src/stm32f4xx_hal.o
                0x20000348                uwTick
 *(COMMON)
                0x2000034c                        . = ALIGN (0x4)
                0x2000034c                        _ebss = .
                0x2000034c                        __bss_end__ = _ebss

._user_heap_stack
                0x2000034c     0x1804 load address 0x0800502c
                0x20000350                        . = ALIGN (0x8)
 *fill*         0x2000034c        0x4 
                [!provide]                        PROVIDE (end = .)
                0x20000350                        PROVIDE (_end = .)
                0x20000b50                        . = (. + _Min_Heap_Size)
 *fill*         0x20000350      0x800 
                0x20001b50                        . = (. + _Min_Stack_Size)
 *fill*         0x20000b50     0x1000 
                0x20001b50                        . = ALIGN (0x8)

/DISCARD/
 libc.a(*)
 libm.a(*)
 libgcc.a(*)

.ARM.attributes
                0x00000000       0x30
 *(.ARM.attributes)
 .ARM.attributes
                0x00000000       0x22 C:/ST/STM32CubeIDE_1.11.0/STM32CubeIDE/plugins/com.st.stm32cube.ide.mcu.externaltools.gnu-tools-for-stm32.12.3.rel1.win32_1.0.200.202406191623/tools/bin/../lib/gcc/arm-none-eabi/12.3.1/thumb/v7e-m+fp/hard/crti.o
 .ARM.attributes
                0x00000022       0x34 C:/ST/STM32CubeIDE_1.11.0/STM32CubeIDE/plugins/com.st.stm32cube.ide.mcu.externaltools.gnu-tools-for-stm32.12.3.rel1.win32_1.0.200.202406191623/tools/bin/../lib/gcc/arm-none-eabi/12.3.1/thumb/v7e-m+fp/hard/crtbegin.o
 .ARM.attributes
                0x00000056       0x34 ./Core/Src/dma.o
 .ARM.attributes
                0x0000008a       0x34 ./Core/Src/gpio.o
 .ARM.attributes
                0x000000be       0x34 ./Core/Src/i2c.o
 .ARM.attributes
                0x000000f2       0x34 ./Core/Src/main.o
 .ARM.attributes
                0x00000126       0x34 ./Core/Src/parser_simple.o
 .ARM.attributes
                0x0000015a       0x34 ./Core/Src/rc522.o
 .ARM.attributes
                0x0000018e       0x34 ./Core/Src/ring_buffer.o
 .ARM.attributes
                0x000001c2       0x34 ./Core/Src/spi.o
 .ARM.attributes
                0x000001f6       0x34 ./Core/Src/stm32f4xx_hal_msp.o
 .ARM.attributes
                0x0000022a       0x34 ./Core/Src/stm32f4xx_it.o
 .ARM.attributes
                0x0000025e       0x34 ./Core/Src/system_stm32f4xx.o
 .ARM.attributes
                0x00000292       0x34 ./Core/Src/usart.o
 .ARM.attributes
                0x000002c6       0x21 ./Core/Startup/startup_stm32f411retx.o
 .ARM.attributes
                0x000002e7       0x34 ./Drivers/STM32F4xx_HAL_Driver/Src/stm32f4xx_hal.o
 .ARM.attributes
                0x0000031b       0x34 ./Drivers/STM32F4xx_HAL_Driver/Src/stm32f4xx_hal_cortex.o
 .ARM.attributes
                0x0000034f       0x34 ./Drivers/STM32F4xx_HAL_Driver/Src/stm32f4xx_hal_dma.o
 .ARM.attributes
                0x00000383       0x34 ./Drivers/STM32F4xx_HAL_Driver/Src/stm32f4xx_hal_gpio.o
 .ARM.attributes
                0x000003b7       0x34 ./Drivers/STM32F4xx_HAL_Driver/Src/stm32f4xx_hal_i2c.o
 .ARM.attributes
                0x000003eb       0x34 ./Drivers/STM32F4xx_HAL_Driver/Src/stm32f4xx_hal_rcc.o
 .ARM.attributes
                0x0000041f       0x34 ./Drivers/STM32F4xx_HAL_Driver/Src/stm32f4xx_hal_spi.o
 .ARM.attributes
                0x00000453       0x34 ./Drivers/STM32F4xx_HAL_Driver/Src/stm32f4xx_hal_uart.o
 .ARM.attributes
                0x00000487       0x34 C:/ST/STM32CubeIDE_1.11.0/STM32CubeIDE/plugins/com.st.stm32cube.ide.mcu.externaltools.gnu-tools-for-stm32.12.3.rel1.win32_1.0.200.202406191623/tools/bin/../lib/gcc/arm-none-eabi/12.3.1/../../../../arm-none-eabi/lib/thumb/v7e-m+fp/hard\libc_nano.a(libc_a-memset.o)
 .ARM.attributes
                0x000004bb       0x34 C:/ST/STM32CubeIDE_1.11.0/STM32CubeIDE/plugins/com.st.stm32cube.ide.mcu.externaltools.gnu-tools-for-stm32.12.3.rel1.win32_1.0.200.202406191623/tools/bin/../lib/gcc/arm-none-eabi/12.3.1/../../../../arm-none-eabi/lib/thumb/v7e-m+fp/hard\libc_nano.a(libc_a-init.o)
 .ARM.attributes
                0x000004ef       0x20 C:/ST/STM32CubeIDE_1.11.0/STM32CubeIDE/plugins/com.st.stm32cube.ide.mcu.externaltools.gnu-tools-for-stm32.12.3.rel1.win32_1.0.200.202406191623/tools/bin/../lib/gcc/arm-none-eabi/12.3.1/../../../../arm-none-eabi/lib/thumb/v7e-m+fp/hard\libc_nano.a(libc_a-strcmp.o)
 .ARM.attributes
                0x0000050f       0x17 C:/ST/STM32CubeIDE_1.11.0/STM32CubeIDE/plugins/com.st.stm32cube.ide.mcu.externaltools.gnu-tools-for-stm32.12.3.rel1.win32_1.0.200.202406191623/tools/bin/../lib/gcc/arm-none-eabi/12.3.1/../../../../arm-none-eabi/lib/thumb/v7e-m+fp/hard\libc_nano.a(libc_a-strlen.o)
 .ARM.attributes
                0x00000526       0x22 C:/ST/STM32CubeIDE_1.11.0/STM32CubeIDE/plugins/com.st.stm32cube.ide.mcu.externaltools.gnu-tools-for-stm32.12.3.rel1.win32_1.0.200.202406191623/tools/bin/../lib/gcc/arm-none-eabi/12.3.1/thumb/v7e-m+fp/hard\libgcc.a(_aeabi_uldivmod.o)
 .ARM.attributes
                0x00000548       0x34 C:/ST/STM32CubeIDE_1.11.0/STM32CubeIDE/plugins/com.st.stm32cube.ide.mcu.externaltools.gnu-tools-for-stm32.12.3.rel1.win32_1.0.200.202406191623/tools/bin/../lib/gcc/arm-none-eabi/12.3.1/thumb/v7e-m+fp/hard\libgcc.a(_udivmoddi4.o)
 .ARM.attributes
                0x0000057c       0x22 C:/ST/STM32CubeIDE_1.11.0/STM32CubeIDE/plugins/com.st.stm32cube.ide.mcu.externaltools.gnu-tools-for-stm32.12.3.rel1.win32_1.0.200.202406191623/tools/bin/../lib/gcc/arm-none-eabi/12.3.1/thumb/v7e-m+fp/hard\libgcc.a(_dvmd_tls.o)
 .ARM.attributes
                0x0000059e       0x22 C:/ST/STM32CubeIDE_1.11.0/STM32CubeIDE/plugins/com.st.stm32cube.ide.mcu.externaltools.gnu-tools-for-stm32.12.3.rel1.win32_1.0.200.202406191623/tools/bin/../lib/gcc/arm-none-eabi/12.3.1/thumb/v7e-m+fp/hard/crtn.o
OUTPUT(RFID_F411_v0_3.elf elf32-littlearm)
LOAD linker stubs
LOAD C:/ST/STM32CubeIDE_1.11.0/STM32CubeIDE/plugins/com.st.stm32cube.ide.mcu.externaltools.gnu-tools-for-stm32.12.3.rel1.win32_1.0.200.202406191623/tools/bin/../lib/gcc/arm-none-eabi/12.3.1/../../../../arm-none-eabi/lib/thumb/v7e-m+fp/hard\libc.a
LOAD C:/ST/STM32CubeIDE_1.11.0/STM32CubeIDE/plugins/com.st.stm32cube.ide.mcu.externaltools.gnu-tools-for-stm32.12.3.rel1.win32_1.0.200.202406191623/tools/bin/../lib/gcc/arm-none-eabi/12.3.1/../../../../arm-none-eabi/lib/thumb/v7e-m+fp/hard\libm.a
LOAD C:/ST/STM32CubeIDE_1.11.0/STM32CubeIDE/plugins/com.st.stm32cube.ide.mcu.externaltools.gnu-tools-for-stm32.12.3.rel1.win32_1.0.200.202406191623/tools/bin/../lib/gcc/arm-none-eabi/12.3.1/thumb/v7e-m+fp/hard\libgcc.a

.debug_info     0x00000000     0xef6a
 .debug_info    0x00000000      0x445 ./Core/Src/dma.o
 .debug_info    0x00000445      0x44f ./Core/Src/gpio.o
 .debug_info    0x00000894      0x9a5 ./Core/Src/i2c.o
 .debug_info    0x00001239     0x105e ./Core/Src/main.o
 .debug_info    0x00002297      0x26b ./Core/Src/parser_simple.o
 .debug_info    0x00002502      0xc51 ./Core/Src/rc522.o
 .debug_info    0x00003153      0x1bf ./Core/Src/ring_buffer.o
 .debug_info    0x00003312      0x980 ./Core/Src/spi.o
 .debug_info    0x00003c92      0x2a4 ./Core/Src/stm32f4xx_hal_msp.o
 .debug_info    0x00003f36      0x75c ./Core/Src/stm32f4xx_it.o
 .debug_info    0x00004692      0x53e ./Core/Src/system_stm32f4xx.o
 .debug_info    0x00004bd0      0xc2f ./Core/Src/usart.o
 .debug_info    0x000057ff       0x30 ./Core/Startup/startup_stm32f411retx.o
 .debug_info    0x0000582f      0x8c4 ./Drivers/STM32F4xx_HAL_Driver/Src/stm32f4xx_hal.o
 .debug_info    0x000060f3      0xcfc ./Drivers/STM32F4xx_HAL_Driver/Src/stm32f4xx_hal_cortex.o
 .debug_info    0x00006def      0x8e6 ./Drivers/STM32F4xx_HAL_Driver/Src/stm32f4xx_hal_dma.o
 .debug_info    0x000076d5      0x6f9 ./Drivers/STM32F4xx_HAL_Driver/Src/stm32f4xx_hal_gpio.o
 .debug_info    0x00007dce     0x2426 ./Drivers/STM32F4xx_HAL_Driver/Src/stm32f4xx_hal_i2c.o
 .debug_info    0x0000a1f4      0x8f0 ./Drivers/STM32F4xx_HAL_Driver/Src/stm32f4xx_hal_rcc.o
 .debug_info    0x0000aae4     0x1530 ./Drivers/STM32F4xx_HAL_Driver/Src/stm32f4xx_hal_spi.o
 .debug_info    0x0000c014     0x2f56 ./Drivers/STM32F4xx_HAL_Driver/Src/stm32f4xx_hal_uart.o

.debug_abbrev   0x00000000     0x28b7
 .debug_abbrev  0x00000000      0x10e ./Core/Src/dma.o
 .debug_abbrev  0x0000010e      0x151 ./Core/Src/gpio.o
 .debug_abbrev  0x0000025f      0x1f0 ./Core/Src/i2c.o
 .debug_abbrev  0x0000044f      0x2a3 ./Core/Src/main.o
 .debug_abbrev  0x000006f2      0x199 ./Core/Src/parser_simple.o
 .debug_abbrev  0x0000088b      0x2a3 ./Core/Src/rc522.o
 .debug_abbrev  0x00000b2e      0x11d ./Core/Src/ring_buffer.o
 .debug_abbrev  0x00000c4b      0x1f8 ./Core/Src/spi.o
 .debug_abbrev  0x00000e43       0xf4 ./Core/Src/stm32f4xx_hal_msp.o
 .debug_abbrev  0x00000f37      0x1b0 ./Core/Src/stm32f4xx_it.o
 .debug_abbrev  0x000010e7      0x11a ./Core/Src/system_stm32f4xx.o
 .debug_abbrev  0x00001201      0x233 ./Core/Src/usart.o
 .debug_abbrev  0x00001434       0x24 ./Core/Startup/startup_stm32f411retx.o
 .debug_abbrev  0x00001458      0x24b ./Drivers/STM32F4xx_HAL_Driver/Src/stm32f4xx_hal.o
 .debug_abbrev  0x000016a3      0x31d ./Drivers/STM32F4xx_HAL_Driver/Src/stm32f4xx_hal_cortex.o
 .debug_abbrev  0x000019c0      0x221 ./Drivers/STM32F4xx_HAL_Driver/Src/stm32f4xx_hal_dma.o
 .debug_abbrev  0x00001be1      0x1d3 ./Drivers/STM32F4xx_HAL_Driver/Src/stm32f4xx_hal_gpio.o
 .debug_abbrev  0x00001db4      0x2bc ./Drivers/STM32F4xx_HAL_Driver/Src/stm32f4xx_hal_i2c.o
 .debug_abbrev  0x00002070      0x2b6 ./Drivers/STM32F4xx_HAL_Driver/Src/stm32f4xx_hal_rcc.o
 .debug_abbrev  0x00002326      0x276 ./Drivers/STM32F4xx_HAL_Driver/Src/stm32f4xx_hal_spi.o
 .debug_abbrev  0x0000259c      0x31b ./Drivers/STM32F4xx_HAL_Driver/Src/stm32f4xx_hal_uart.o

.debug_aranges  0x00000000      0xd30
 .debug_aranges
                0x00000000       0x20 ./Core/Src/dma.o
 .debug_aranges
                0x00000020       0x20 ./Core/Src/gpio.o
 .debug_aranges
                0x00000040       0x30 ./Core/Src/i2c.o
 .debug_aranges
                0x00000070       0x58 ./Core/Src/main.o
 .debug_aranges
                0x000000c8       0x28 ./Core/Src/parser_simple.o
 .debug_aranges
                0x000000f0       0xa8 ./Core/Src/rc522.o
 .debug_aranges
                0x00000198       0x30 ./Core/Src/ring_buffer.o
 .debug_aranges
                0x000001c8       0x30 ./Core/Src/spi.o
 .debug_aranges
                0x000001f8       0x20 ./Core/Src/stm32f4xx_hal_msp.o
 .debug_aranges
                0x00000218       0x78 ./Core/Src/stm32f4xx_it.o
 .debug_aranges
                0x00000290       0x28 ./Core/Src/system_stm32f4xx.o
 .debug_aranges
                0x000002b8       0x40 ./Core/Src/usart.o
 .debug_aranges
                0x000002f8       0x28 ./Core/Startup/startup_stm32f411retx.o
 .debug_aranges
                0x00000320       0xf0 ./Drivers/STM32F4xx_HAL_Driver/Src/stm32f4xx_hal.o
 .debug_aranges
                0x00000410      0x130 ./Drivers/STM32F4xx_HAL_Driver/Src/stm32f4xx_hal_cortex.o
 .debug_aranges
                0x00000540       0x90 ./Drivers/STM32F4xx_HAL_Driver/Src/stm32f4xx_hal_dma.o
 .debug_aranges
                0x000005d0       0x58 ./Drivers/STM32F4xx_HAL_Driver/Src/stm32f4xx_hal_gpio.o
 .debug_aranges
                0x00000628      0x2a8 ./Drivers/STM32F4xx_HAL_Driver/Src/stm32f4xx_hal_i2c.o
 .debug_aranges
                0x000008d0       0x88 ./Drivers/STM32F4xx_HAL_Driver/Src/stm32f4xx_hal_rcc.o
 .debug_aranges
                0x00000958      0x1d0 ./Drivers/STM32F4xx_HAL_Driver/Src/stm32f4xx_hal_spi.o
 .debug_aranges
                0x00000b28      0x208 ./Drivers/STM32F4xx_HAL_Driver/Src/stm32f4xx_hal_uart.o

.debug_rnglists
                0x00000000      0xa31
 .debug_rnglists
                0x00000000       0x13 ./Core/Src/dma.o
 .debug_rnglists
                0x00000013       0x14 ./Core/Src/gpio.o
 .debug_rnglists
                0x00000027       0x20 ./Core/Src/i2c.o
 .debug_rnglists
                0x00000047       0x41 ./Core/Src/main.o
 .debug_rnglists
                0x00000088       0x19 ./Core/Src/parser_simple.o
 .debug_rnglists
                0x000000a1       0x7e ./Core/Src/rc522.o
 .debug_rnglists
                0x0000011f       0x1f ./Core/Src/ring_buffer.o
 .debug_rnglists
                0x0000013e       0x20 ./Core/Src/spi.o
 .debug_rnglists
                0x0000015e       0x13 ./Core/Src/stm32f4xx_hal_msp.o
 .debug_rnglists
                0x00000171       0x55 ./Core/Src/stm32f4xx_it.o
 .debug_rnglists
                0x000001c6       0x1a ./Core/Src/system_stm32f4xx.o
 .debug_rnglists
                0x000001e0       0x2d ./Core/Src/usart.o
 .debug_rnglists
                0x0000020d       0x19 ./Core/Startup/startup_stm32f411retx.o
 .debug_rnglists
                0x00000226       0xaf ./Drivers/STM32F4xx_HAL_Driver/Src/stm32f4xx_hal.o
 .debug_rnglists
                0x000002d5       0xe0 ./Drivers/STM32F4xx_HAL_Driver/Src/stm32f4xx_hal_cortex.o
 .debug_rnglists
                0x000003b5       0x70 ./Drivers/STM32F4xx_HAL_Driver/Src/stm32f4xx_hal_dma.o
 .debug_rnglists
                0x00000425       0x3f ./Drivers/STM32F4xx_HAL_Driver/Src/stm32f4xx_hal_gpio.o
 .debug_rnglists
                0x00000464      0x23c ./Drivers/STM32F4xx_HAL_Driver/Src/stm32f4xx_hal_i2c.o
 .debug_rnglists
                0x000006a0       0x66 ./Drivers/STM32F4xx_HAL_Driver/Src/stm32f4xx_hal_rcc.o
 .debug_rnglists
                0x00000706      0x16f ./Drivers/STM32F4xx_HAL_Driver/Src/stm32f4xx_hal_spi.o
 .debug_rnglists
                0x00000875      0x1bc ./Drivers/STM32F4xx_HAL_Driver/Src/stm32f4xx_hal_uart.o

.debug_macro    0x00000000    0x1732e
 .debug_macro   0x00000000      0x1f6 ./Core/Src/dma.o
 .debug_macro   0x000001f6      0xab4 ./Core/Src/dma.o
 .debug_macro   0x00000caa      0x2a1 ./Core/Src/dma.o
 .debug_macro   0x00000f4b       0x2e ./Core/Src/dma.o
 .debug_macro   0x00000f79       0x28 ./Core/Src/dma.o
 .debug_macro   0x00000fa1       0x22 ./Core/Src/dma.o
 .debug_macro   0x00000fc3       0x8e ./Core/Src/dma.o
 .debug_macro   0x00001051       0x51 ./Core/Src/dma.o
 .debug_macro   0x000010a2      0x103 ./Core/Src/dma.o
 .debug_macro   0x000011a5       0x6a ./Core/Src/dma.o
 .debug_macro   0x0000120f      0x1df ./Core/Src/dma.o
 .debug_macro   0x000013ee       0x1c ./Core/Src/dma.o
 .debug_macro   0x0000140a       0x22 ./Core/Src/dma.o
 .debug_macro   0x0000142c       0xfb ./Core/Src/dma.o
 .debug_macro   0x00001527     0x1011 ./Core/Src/dma.o
 .debug_macro   0x00002538      0x11f ./Core/Src/dma.o
 .debug_macro   0x00002657     0xb953 ./Core/Src/dma.o
 .debug_macro   0x0000dfaa       0x6d ./Core/Src/dma.o
 .debug_macro   0x0000e017     0x369a ./Core/Src/dma.o
 .debug_macro   0x000116b1      0x189 ./Core/Src/dma.o
 .debug_macro   0x0001183a       0x5c ./Core/Src/dma.o
 .debug_macro   0x00011896      0x45c ./Core/Src/dma.o
 .debug_macro   0x00011cf2      0x9e9 ./Core/Src/dma.o
 .debug_macro   0x000126db      0x115 ./Core/Src/dma.o
 .debug_macro   0x000127f0      0x11b ./Core/Src/dma.o
 .debug_macro   0x0001290b       0xa5 ./Core/Src/dma.o
 .debug_macro   0x000129b0      0x15f ./Core/Src/dma.o
 .debug_macro   0x00012b0f      0x287 ./Core/Src/dma.o
 .debug_macro   0x00012d96       0x5f ./Core/Src/dma.o
 .debug_macro   0x00012df5      0x236 ./Core/Src/dma.o
 .debug_macro   0x0001302b      0x132 ./Core/Src/dma.o
 .debug_macro   0x0001315d      0x264 ./Core/Src/dma.o
 .debug_macro   0x000133c1       0x2e ./Core/Src/dma.o
 .debug_macro   0x000133ef      0x1b5 ./Core/Src/dma.o
 .debug_macro   0x000135a4       0x22 ./Core/Src/dma.o
 .debug_macro   0x000135c6       0xd6 ./Core/Src/dma.o
 .debug_macro   0x0001369c      0x127 ./Core/Src/dma.o
 .debug_macro   0x000137c3       0x85 ./Core/Src/dma.o
 .debug_macro   0x00013848       0x89 ./Core/Src/dma.o
 .debug_macro   0x000138d1      0x225 ./Core/Src/dma.o
 .debug_macro   0x00013af6      0x2aa ./Core/Src/dma.o
 .debug_macro   0x00013da0      0x126 ./Core/Src/dma.o
 .debug_macro   0x00013ec6       0xf4 ./Core/Src/dma.o
 .debug_macro   0x00013fba      0x1f6 ./Core/Src/gpio.o
 .debug_macro   0x000141b0      0x1f6 ./Core/Src/i2c.o
 .debug_macro   0x000143a6      0x348 ./Core/Src/main.o
 .debug_macro   0x000146ee      0x23e ./Core/Src/main.o
 .debug_macro   0x0001492c       0x61 ./Core/Src/main.o
 .debug_macro   0x0001498d       0x2a ./Core/Src/main.o
 .debug_macro   0x000149b7       0x43 ./Core/Src/main.o
 .debug_macro   0x000149fa       0x34 ./Core/Src/main.o
 .debug_macro   0x00014a2e       0x16 ./Core/Src/main.o
 .debug_macro   0x00014a44       0x43 ./Core/Src/main.o
 .debug_macro   0x00014a87       0x34 ./Core/Src/main.o
 .debug_macro   0x00014abb       0x10 ./Core/Src/main.o
 .debug_macro   0x00014acb       0x58 ./Core/Src/main.o
 .debug_macro   0x00014b23       0x8e ./Core/Src/main.o
 .debug_macro   0x00014bb1       0x1c ./Core/Src/main.o
 .debug_macro   0x00014bcd      0x177 ./Core/Src/main.o
 .debug_macro   0x00014d44      0x369 ./Core/Src/main.o
 .debug_macro   0x000150ad       0x10 ./Core/Src/main.o
 .debug_macro   0x000150bd       0x35 ./Core/Src/main.o
 .debug_macro   0x000150f2       0x20 ./Core/Src/main.o
 .debug_macro   0x00015112       0x1c ./Core/Src/main.o
 .debug_macro   0x0001512e       0x10 ./Core/Src/main.o
 .debug_macro   0x0001513e       0x1c ./Core/Src/main.o
 .debug_macro   0x0001515a       0x16 ./Core/Src/main.o
 .debug_macro   0x00015170      0x146 ./Core/Src/main.o
 .debug_macro   0x000152b6       0x22 ./Core/Src/main.o
 .debug_macro   0x000152d8       0x10 ./Core/Src/main.o
 .debug_macro   0x000152e8       0x10 ./Core/Src/main.o
 .debug_macro   0x000152f8      0x2cc ./Core/Src/parser_simple.o
 .debug_macro   0x000155c4      0x1e6 ./Core/Src/rc522.o
 .debug_macro   0x000157aa      0x1f5 ./Core/Src/ring_buffer.o
 .debug_macro   0x0001599f      0x1f6 ./Core/Src/spi.o
 .debug_macro   0x00015b95      0x1ec ./Core/Src/stm32f4xx_hal_msp.o
 .debug_macro   0x00015d81      0x204 ./Core/Src/stm32f4xx_it.o
 .debug_macro   0x00015f85      0x1dd ./Core/Src/system_stm32f4xx.o
 .debug_macro   0x00016162      0x1f6 ./Core/Src/usart.o
 .debug_macro   0x00016358      0x23d ./Drivers/STM32F4xx_HAL_Driver/Src/stm32f4xx_hal.o
 .debug_macro   0x00016595      0x1dd ./Drivers/STM32F4xx_HAL_Driver/Src/stm32f4xx_hal_cortex.o
 .debug_macro   0x00016772      0x1e3 ./Drivers/STM32F4xx_HAL_Driver/Src/stm32f4xx_hal_dma.o
 .debug_macro   0x00016955      0x1e3 ./Drivers/STM32F4xx_HAL_Driver/Src/stm32f4xx_hal_gpio.o
 .debug_macro   0x00016b38      0x22b ./Drivers/STM32F4xx_HAL_Driver/Src/stm32f4xx_hal_i2c.o
 .debug_macro   0x00016d63      0x201 ./Drivers/STM32F4xx_HAL_Driver/Src/stm32f4xx_hal_rcc.o
 .debug_macro   0x00016f64      0x1ec ./Drivers/STM32F4xx_HAL_Driver/Src/stm32f4xx_hal_spi.o
 .debug_macro   0x00017150      0x1de ./Drivers/STM32F4xx_HAL_Driver/Src/stm32f4xx_hal_uart.o

.debug_line     0x00000000    0x130da
 .debug_line    0x00000000      0x763 ./Core/Src/dma.o
 .debug_line    0x00000763      0x7c1 ./Core/Src/gpio.o
 .debug_line    0x00000f24      0x7cf ./Core/Src/i2c.o
 .debug_line    0x000016f3     0x104c ./Core/Src/main.o
 .debug_line    0x0000273f      0x939 ./Core/Src/parser_simple.o
 .debug_line    0x00003078      0xc61 ./Core/Src/rc522.o
 .debug_line    0x00003cd9      0x7e1 ./Core/Src/ring_buffer.o
 .debug_line    0x000044ba      0x7d7 ./Core/Src/spi.o
 .debug_line    0x00004c91      0x767 ./Core/Src/stm32f4xx_hal_msp.o
 .debug_line    0x000053f8      0x87c ./Core/Src/stm32f4xx_it.o
 .debug_line    0x00005c74      0x7ea ./Core/Src/system_stm32f4xx.o
 .debug_line    0x0000645e      0x8f7 ./Core/Src/usart.o
 .debug_line    0x00006d55       0x7a ./Core/Startup/startup_stm32f411retx.o
 .debug_line    0x00006dcf      0xa53 ./Drivers/STM32F4xx_HAL_Driver/Src/stm32f4xx_hal.o
 .debug_line    0x00007822      0xd45 ./Drivers/STM32F4xx_HAL_Driver/Src/stm32f4xx_hal_cortex.o
 .debug_line    0x00008567      0xfc3 ./Drivers/STM32F4xx_HAL_Driver/Src/stm32f4xx_hal_dma.o
 .debug_line    0x0000952a      0xba3 ./Drivers/STM32F4xx_HAL_Driver/Src/stm32f4xx_hal_gpio.o
 .debug_line    0x0000a0cd     0x3b99 ./Drivers/STM32F4xx_HAL_Driver/Src/stm32f4xx_hal_i2c.o
 .debug_line    0x0000dc66      0xdde ./Drivers/STM32F4xx_HAL_Driver/Src/stm32f4xx_hal_rcc.o
 .debug_line    0x0000ea44     0x1d71 ./Drivers/STM32F4xx_HAL_Driver/Src/stm32f4xx_hal_spi.o
 .debug_line    0x000107b5     0x2925 ./Drivers/STM32F4xx_HAL_Driver/Src/stm32f4xx_hal_uart.o

.debug_str      0x00000000    0x8aa7c
 .debug_str     0x00000000    0x83341 ./Core/Src/dma.o
                              0x835c1 (size before relaxing)
 .debug_str     0x00083341       0xe3 ./Core/Src/gpio.o
                              0x832c7 (size before relaxing)
 .debug_str     0x00083424      0x540 ./Core/Src/i2c.o
                              0x837fb (size before relaxing)
 .debug_str     0x00083964     0x44a4 ./Core/Src/main.o
                              0x87a3c (size before relaxing)
 .debug_str     0x00087e08       0x55 ./Core/Src/parser_simple.o
                              0x86342 (size before relaxing)
 .debug_str     0x00087e5d      0x304 ./Core/Src/rc522.o
                              0x83a93 (size before relaxing)
 .debug_str     0x00088161       0x22 ./Core/Src/ring_buffer.o
                              0x8316e (size before relaxing)
 .debug_str     0x00088183       0x4b ./Core/Src/spi.o
                              0x83753 (size before relaxing)
 .debug_str     0x000881ce       0x49 ./Core/Src/stm32f4xx_hal_msp.o
                              0x83219 (size before relaxing)
 .debug_str     0x00088217      0x150 ./Core/Src/stm32f4xx_it.o
                              0x836fb (size before relaxing)
 .debug_str     0x00088367       0xdb ./Core/Src/system_stm32f4xx.o
                              0x82f2e (size before relaxing)
 .debug_str     0x00088442       0x88 ./Core/Src/usart.o
                              0x83bd0 (size before relaxing)
 .debug_str     0x000884ca       0x44 ./Core/Startup/startup_stm32f411retx.o
                                 0x90 (size before relaxing)
 .debug_str     0x0008850e      0x5e6 ./Drivers/STM32F4xx_HAL_Driver/Src/stm32f4xx_hal.o
                              0x8395a (size before relaxing)
 .debug_str     0x00088af4      0x36b ./Drivers/STM32F4xx_HAL_Driver/Src/stm32f4xx_hal_cortex.o
                              0x836c4 (size before relaxing)
 .debug_str     0x00088e5f      0x2eb ./Drivers/STM32F4xx_HAL_Driver/Src/stm32f4xx_hal_dma.o
                              0x83336 (size before relaxing)
 .debug_str     0x0008914a      0x10b ./Drivers/STM32F4xx_HAL_Driver/Src/stm32f4xx_hal_gpio.o
                              0x830a9 (size before relaxing)
 .debug_str     0x00089255      0xb1e ./Drivers/STM32F4xx_HAL_Driver/Src/stm32f4xx_hal_i2c.o
                              0x83f3f (size before relaxing)
 .debug_str     0x00089d73      0x213 ./Drivers/STM32F4xx_HAL_Driver/Src/stm32f4xx_hal_rcc.o
                              0x83362 (size before relaxing)
 .debug_str     0x00089f86      0x53f ./Drivers/STM32F4xx_HAL_Driver/Src/stm32f4xx_hal_spi.o
                              0x837da (size before relaxing)
 .debug_str     0x0008a4c5      0x5b7 ./Drivers/STM32F4xx_HAL_Driver/Src/stm32f4xx_hal_uart.o
                              0x83931 (size before relaxing)

.comment        0x00000000       0x43
 .comment       0x00000000       0x43 ./Core/Src/dma.o
                                 0x44 (size before relaxing)
 .comment       0x00000043       0x44 ./Core/Src/gpio.o
 .comment       0x00000043       0x44 ./Core/Src/i2c.o
 .comment       0x00000043       0x44 ./Core/Src/main.o
 .comment       0x00000043       0x44 ./Core/Src/parser_simple.o
 .comment       0x00000043       0x44 ./Core/Src/rc522.o
 .comment       0x00000043       0x44 ./Core/Src/ring_buffer.o
 .comment       0x00000043       0x44 ./Core/Src/spi.o
 .comment       0x00000043       0x44 ./Core/Src/stm32f4xx_hal_msp.o
 .comment       0x00000043       0x44 ./Core/Src/stm32f4xx_it.o
 .comment       0x00000043       0x44 ./Core/Src/system_stm32f4xx.o
 .comment       0x00000043       0x44 ./Core/Src/usart.o
 .comment       0x00000043       0x44 ./Drivers/STM32F4xx_HAL_Driver/Src/stm32f4xx_hal.o
 .comment       0x00000043       0x44 ./Drivers/STM32F4xx_HAL_Driver/Src/stm32f4xx_hal_cortex.o
 .comment       0x00000043       0x44 ./Drivers/STM32F4xx_HAL_Driver/Src/stm32f4xx_hal_dma.o
 .comment       0x00000043       0x44 ./Drivers/STM32F4xx_HAL_Driver/Src/stm32f4xx_hal_gpio.o
 .comment       0x00000043       0x44 ./Drivers/STM32F4xx_HAL_Driver/Src/stm32f4xx_hal_i2c.o
 .comment       0x00000043       0x44 ./Drivers/STM32F4xx_HAL_Driver/Src/stm32f4xx_hal_rcc.o
 .comment       0x00000043       0x44 ./Drivers/STM32F4xx_HAL_Driver/Src/stm32f4xx_hal_spi.o
 .comment       0x00000043       0x44 ./Drivers/STM32F4xx_HAL_Driver/Src/stm32f4xx_hal_uart.o

.debug_frame    0x00000000     0x353c
 .debug_frame   0x00000000       0x34 ./Core/Src/dma.o
 .debug_frame   0x00000034       0x34 ./Core/Src/gpio.o
 .debug_frame   0x00000068       0x74 ./Core/Src/i2c.o
 .debug_frame   0x000000dc      0x114 ./Core/Src/main.o
 .debug_frame   0x000001f0       0x58 ./Core/Src/parser_simple.o
 .debug_frame   0x00000248      0x288 ./Core/Src/rc522.o
 .debug_frame   0x000004d0       0x88 ./Core/Src/ring_buffer.o
 .debug_frame   0x00000558       0x74 ./Core/Src/spi.o
 .debug_frame   0x000005cc       0x34 ./Core/Src/stm32f4xx_hal_msp.o
 .debug_frame   0x00000600      0x15c ./Core/Src/stm32f4xx_it.o
 .debug_frame   0x0000075c       0x58 ./Core/Src/system_stm32f4xx.o
 .debug_frame   0x000007b4       0xb0 ./Core/Src/usart.o
 .debug_frame   0x00000864      0x374 ./Drivers/STM32F4xx_HAL_Driver/Src/stm32f4xx_hal.o
 .debug_frame   0x00000bd8      0x508 ./Drivers/STM32F4xx_HAL_Driver/Src/stm32f4xx_hal_cortex.o
 .debug_frame   0x000010e0      0x250 ./Drivers/STM32F4xx_HAL_Driver/Src/stm32f4xx_hal_dma.o
 .debug_frame   0x00001330      0x14c ./Drivers/STM32F4xx_HAL_Driver/Src/stm32f4xx_hal_gpio.o
 .debug_frame   0x0000147c      0xc84 ./Drivers/STM32F4xx_HAL_Driver/Src/stm32f4xx_hal_i2c.o
 .debug_frame   0x00002100      0x1f4 ./Drivers/STM32F4xx_HAL_Driver/Src/stm32f4xx_hal_rcc.o
 .debug_frame   0x000022f4      0x828 ./Drivers/STM32F4xx_HAL_Driver/Src/stm32f4xx_hal_spi.o
 .debug_frame   0x00002b1c      0x954 ./Drivers/STM32F4xx_HAL_Driver/Src/stm32f4xx_hal_uart.o
 .debug_frame   0x00003470       0x20 C:/ST/STM32CubeIDE_1.11.0/STM32CubeIDE/plugins/com.st.stm32cube.ide.mcu.externaltools.gnu-tools-for-stm32.12.3.rel1.win32_1.0.200.202406191623/tools/bin/../lib/gcc/arm-none-eabi/12.3.1/../../../../arm-none-eabi/lib/thumb/v7e-m+fp/hard\libc_nano.a(libc_a-memset.o)
 .debug_frame   0x00003490       0x2c C:/ST/STM32CubeIDE_1.11.0/STM32CubeIDE/plugins/com.st.stm32cube.ide.mcu.externaltools.gnu-tools-for-stm32.12.3.rel1.win32_1.0.200.202406191623/tools/bin/../lib/gcc/arm-none-eabi/12.3.1/../../../../arm-none-eabi/lib/thumb/v7e-m+fp/hard\libc_nano.a(libc_a-init.o)
 .debug_frame   0x000034bc       0x20 C:/ST/STM32CubeIDE_1.11.0/STM32CubeIDE/plugins/com.st.stm32cube.ide.mcu.externaltools.gnu-tools-for-stm32.12.3.rel1.win32_1.0.200.202406191623/tools/bin/../lib/gcc/arm-none-eabi/12.3.1/../../../../arm-none-eabi/lib/thumb/v7e-m+fp/hard\libc_nano.a(libc_a-strcmp.o)
 .debug_frame   0x000034dc       0x2c C:/ST/STM32CubeIDE_1.11.0/STM32CubeIDE/plugins/com.st.stm32cube.ide.mcu.externaltools.gnu-tools-for-stm32.12.3.rel1.win32_1.0.200.202406191623/tools/bin/../lib/gcc/arm-none-eabi/12.3.1/thumb/v7e-m+fp/hard\libgcc.a(_aeabi_uldivmod.o)
 .debug_frame   0x00003508       0x34 C:/ST/STM32CubeIDE_1.11.0/STM32CubeIDE/plugins/com.st.stm32cube.ide.mcu.externaltools.gnu-tools-for-stm32.12.3.rel1.win32_1.0.200.202406191623/tools/bin/../lib/gcc/arm-none-eabi/12.3.1/thumb/v7e-m+fp/hard\libgcc.a(_udivmoddi4.o)

.debug_line_str
                0x00000000       0x74
 .debug_line_str
                0x00000000       0x74 ./Core/Startup/startup_stm32f411retx.o
