Archive member included to satisfy reference by file (symbol)

C:/ST/STM32CubeIDE_1.11.0/STM32CubeIDE/plugins/com.st.stm32cube.ide.mcu.externaltools.gnu-tools-for-stm32.12.3.rel1.win32_1.1.0.202410251130/tools/bin/../lib/gcc/arm-none-eabi/12.3.1/../../../../arm-none-eabi/lib/thumb/v7e-m+fp/hard\libc_nano.a(libc_a-exit.o)
                              C:/ST/STM32CubeIDE_1.11.0/STM32CubeIDE/plugins/com.st.stm32cube.ide.mcu.externaltools.gnu-tools-for-stm32.12.3.rel1.win32_1.1.0.202410251130/tools/bin/../lib/gcc/arm-none-eabi/12.3.1/../../../../arm-none-eabi/lib/thumb/v7e-m+fp/hard/crt0.o (exit)
C:/ST/STM32CubeIDE_1.11.0/STM32CubeIDE/plugins/com.st.stm32cube.ide.mcu.externaltools.gnu-tools-for-stm32.12.3.rel1.win32_1.1.0.202410251130/tools/bin/../lib/gcc/arm-none-eabi/12.3.1/../../../../arm-none-eabi/lib/thumb/v7e-m+fp/hard\libc_nano.a(libc_a-findfp.o)
                              C:/ST/STM32CubeIDE_1.11.0/STM32CubeIDE/plugins/com.st.stm32cube.ide.mcu.externaltools.gnu-tools-for-stm32.12.3.rel1.win32_1.1.0.202410251130/tools/bin/../lib/gcc/arm-none-eabi/12.3.1/../../../../arm-none-eabi/lib/thumb/v7e-m+fp/hard\libc_nano.a(libc_a-exit.o) (__stdio_exit_handler)
C:/ST/STM32CubeIDE_1.11.0/STM32CubeIDE/plugins/com.st.stm32cube.ide.mcu.externaltools.gnu-tools-for-stm32.12.3.rel1.win32_1.1.0.202410251130/tools/bin/../lib/gcc/arm-none-eabi/12.3.1/../../../../arm-none-eabi/lib/thumb/v7e-m+fp/hard\libc_nano.a(libc_a-fwalk.o)
                              C:/ST/STM32CubeIDE_1.11.0/STM32CubeIDE/plugins/com.st.stm32cube.ide.mcu.externaltools.gnu-tools-for-stm32.12.3.rel1.win32_1.1.0.202410251130/tools/bin/../lib/gcc/arm-none-eabi/12.3.1/../../../../arm-none-eabi/lib/thumb/v7e-m+fp/hard\libc_nano.a(libc_a-findfp.o) (_fwalk_sglue)
C:/ST/STM32CubeIDE_1.11.0/STM32CubeIDE/plugins/com.st.stm32cube.ide.mcu.externaltools.gnu-tools-for-stm32.12.3.rel1.win32_1.1.0.202410251130/tools/bin/../lib/gcc/arm-none-eabi/12.3.1/../../../../arm-none-eabi/lib/thumb/v7e-m+fp/hard\libc_nano.a(libc_a-stdio.o)
                              C:/ST/STM32CubeIDE_1.11.0/STM32CubeIDE/plugins/com.st.stm32cube.ide.mcu.externaltools.gnu-tools-for-stm32.12.3.rel1.win32_1.1.0.202410251130/tools/bin/../lib/gcc/arm-none-eabi/12.3.1/../../../../arm-none-eabi/lib/thumb/v7e-m+fp/hard\libc_nano.a(libc_a-findfp.o) (__sread)
C:/ST/STM32CubeIDE_1.11.0/STM32CubeIDE/plugins/com.st.stm32cube.ide.mcu.externaltools.gnu-tools-for-stm32.12.3.rel1.win32_1.1.0.202410251130/tools/bin/../lib/gcc/arm-none-eabi/12.3.1/../../../../arm-none-eabi/lib/thumb/v7e-m+fp/hard\libc_nano.a(libc_a-memset.o)
                              C:/ST/STM32CubeIDE_1.11.0/STM32CubeIDE/plugins/com.st.stm32cube.ide.mcu.externaltools.gnu-tools-for-stm32.12.3.rel1.win32_1.1.0.202410251130/tools/bin/../lib/gcc/arm-none-eabi/12.3.1/../../../../arm-none-eabi/lib/thumb/v7e-m+fp/hard/crt0.o (memset)
C:/ST/STM32CubeIDE_1.11.0/STM32CubeIDE/plugins/com.st.stm32cube.ide.mcu.externaltools.gnu-tools-for-stm32.12.3.rel1.win32_1.1.0.202410251130/tools/bin/../lib/gcc/arm-none-eabi/12.3.1/../../../../arm-none-eabi/lib/thumb/v7e-m+fp/hard\libc_nano.a(libc_a-strncmp.o)
                              ./USB_DEVICE/App/usbd_cdc_if.o (strncmp)
C:/ST/STM32CubeIDE_1.11.0/STM32CubeIDE/plugins/com.st.stm32cube.ide.mcu.externaltools.gnu-tools-for-stm32.12.3.rel1.win32_1.1.0.202410251130/tools/bin/../lib/gcc/arm-none-eabi/12.3.1/../../../../arm-none-eabi/lib/thumb/v7e-m+fp/hard\libc_nano.a(libc_a-closer.o)
                              C:/ST/STM32CubeIDE_1.11.0/STM32CubeIDE/plugins/com.st.stm32cube.ide.mcu.externaltools.gnu-tools-for-stm32.12.3.rel1.win32_1.1.0.202410251130/tools/bin/../lib/gcc/arm-none-eabi/12.3.1/../../../../arm-none-eabi/lib/thumb/v7e-m+fp/hard\libc_nano.a(libc_a-stdio.o) (_close_r)
C:/ST/STM32CubeIDE_1.11.0/STM32CubeIDE/plugins/com.st.stm32cube.ide.mcu.externaltools.gnu-tools-for-stm32.12.3.rel1.win32_1.1.0.202410251130/tools/bin/../lib/gcc/arm-none-eabi/12.3.1/../../../../arm-none-eabi/lib/thumb/v7e-m+fp/hard\libc_nano.a(libc_a-reent.o)
                              C:/ST/STM32CubeIDE_1.11.0/STM32CubeIDE/plugins/com.st.stm32cube.ide.mcu.externaltools.gnu-tools-for-stm32.12.3.rel1.win32_1.1.0.202410251130/tools/bin/../lib/gcc/arm-none-eabi/12.3.1/../../../../arm-none-eabi/lib/thumb/v7e-m+fp/hard\libc_nano.a(libc_a-closer.o) (errno)
C:/ST/STM32CubeIDE_1.11.0/STM32CubeIDE/plugins/com.st.stm32cube.ide.mcu.externaltools.gnu-tools-for-stm32.12.3.rel1.win32_1.1.0.202410251130/tools/bin/../lib/gcc/arm-none-eabi/12.3.1/../../../../arm-none-eabi/lib/thumb/v7e-m+fp/hard\libc_nano.a(libc_a-impure.o)
                              C:/ST/STM32CubeIDE_1.11.0/STM32CubeIDE/plugins/com.st.stm32cube.ide.mcu.externaltools.gnu-tools-for-stm32.12.3.rel1.win32_1.1.0.202410251130/tools/bin/../lib/gcc/arm-none-eabi/12.3.1/../../../../arm-none-eabi/lib/thumb/v7e-m+fp/hard\libc_nano.a(libc_a-reent.o) (_impure_ptr)
[...]
Memory Configuration

Name             Origin             Length             Attributes
RAM              0x20000000         0x00020000         xrw
FLASH            0x08000000         0x00080000         xr
*default*        0x00000000         0xffffffff

Linker script and memory map

LOAD C:/ST/STM32CubeIDE_1.11.0/STM32CubeIDE/plugins/com.st.stm32cube.ide.mcu.externaltools.gnu-tools-for-stm32.12.3.rel1.win32_1.1.0.202410251130/tools/bin/../lib/gcc/arm-none-eabi/12.3.1/thumb/v7e-m+fp/hard/crti.o
LOAD C:/ST/STM32CubeIDE_1.11.0/STM32CubeIDE/plugins/com.st.stm32cube.ide.mcu.externaltools.gnu-tools-for-stm32.12.3.rel1.win32_1.1.0.202410251130/tools/bin/../lib/gcc/arm-none-eabi/12.3.1/thumb/v7e-m+fp/hard/crtbegin.o
LOAD C:/ST/STM32CubeIDE_1.11.0/STM32CubeIDE/plugins/com.st.stm32cube.ide.mcu.externaltools.gnu-tools-for-stm32.12.3.rel1.win32_1.1.0.202410251130/tools/bin/../lib/gcc/arm-none-eabi/12.3.1/../../../../arm-none-eabi/lib/thumb/v7e-m+fp/hard/crt0.o
LOAD ./Core/Src/dma.o
LOAD ./Core/Src/gpio.o
LOAD ./Core/Src/i2c.o
LOAD ./Core/Src/main.o
LOAD ./Core/Src/parser_simple.o
LOAD ./Core/Src/rc522.o
LOAD ./Core/Src/ring_buffer.o
LOAD ./Core/Src/spi.o
LOAD ./Core/Src/stm32f4xx_hal_msp.o
LOAD ./Core/Src/stm32f4xx_it.o
LOAD ./Core/Src/syscalls.o
LOAD ./Core/Src/sysmem.o
LOAD ./Core/Src/system_stm32f4xx.o
LOAD ./Core/Src/usart.o
LOAD ./Core/Startup/startup_stm32f411retx.o
LOAD ./Drivers/STM32F4xx_HAL_Driver/Src/stm32f4xx_hal.o
LOAD ./Drivers/STM32F4xx_HAL_Driver/Src/stm32f4xx_hal_cortex.o
LOAD ./Drivers/STM32F4xx_HAL_Driver/Src/stm32f4xx_hal_dma.o
LOAD ./Drivers/STM32F4xx_HAL_Driver/Src/stm32f4xx_hal_dma_ex.o
LOAD ./Drivers/STM32F4xx_HAL_Driver/Src/stm32f4xx_hal_exti.o
LOAD ./Drivers/STM32F4xx_HAL_Driver/Src/stm32f4xx_hal_flash.o
LOAD ./Drivers/STM32F4xx_HAL_Driver/Src/stm32f4xx_hal_flash_ex.o
LOAD ./Drivers/STM32F4xx_HAL_Driver/Src/stm32f4xx_hal_flash_ramfunc.o
LOAD ./Drivers/STM32F4xx_HAL_Driver/Src/stm32f4xx_hal_gpio.o
LOAD ./Drivers/STM32F4xx_HAL_Driver/Src/stm32f4xx_hal_i2c.o
LOAD ./Drivers/STM32F4xx_HAL_Driver/Src/stm32f4xx_hal_i2c_ex.o
LOAD ./Drivers/STM32F4xx_HAL_Driver/Src/stm32f4xx_hal_pcd.o
LOAD ./Drivers/STM32F4xx_HAL_Driver/Src/stm32f4xx_hal_pcd_ex.o
LOAD ./Drivers/STM32F4xx_HAL_Driver/Src/stm32f4xx_hal_pwr.o
LOAD ./Drivers/STM32F4xx_HAL_Driver/Src/stm32f4xx_hal_pwr_ex.o
LOAD ./Drivers/STM32F4xx_HAL_Driver/Src/stm32f4xx_hal_rcc.o
LOAD ./Drivers/STM32F4xx_HAL_Driver/Src/stm32f4xx_hal_rcc_ex.o
LOAD ./Drivers/STM32F4xx_HAL_Driver/Src/stm32f4xx_hal_spi.o
LOAD ./Drivers/STM32F4xx_HAL_Driver/Src/stm32f4xx_hal_uart.o
LOAD ./Drivers/STM32F4xx_HAL_Driver/Src/stm32f4xx_ll_usb.o
LOAD ./Middlewares/ST/STM32_USB_Device_Library/Class/CDC/Src/usbd_cdc.o
LOAD ./Middlewares/ST/STM32_USB_Device_Library/Core/Src/usbd_core.o
LOAD ./Middlewares/ST/STM32_USB_Device_Library/Core/Src/usbd_ctlreq.o
LOAD ./Middlewares/ST/STM32_USB_Device_Library/Core/Src/usbd_ioreq.o
LOAD ./USB_DEVICE/App/usb_device.o
LOAD ./USB_DEVICE/App/usbd_cdc_if.o
LOAD ./USB_DEVICE/App/usbd_desc.o
LOAD ./USB_DEVICE/Target/usbd_conf.o
START GROUP
LOAD C:/ST/STM32CubeIDE_1.11.0/STM32CubeIDE/plugins/com.st.stm32cube.ide.mcu.externaltools.gnu-tools-for-stm32.12.3.rel1.win32_1.1.0.202410251130/tools/bin/../lib/gcc/arm-none-eabi/12.3.1/../../../../arm-none-eabi/lib/thumb/v7e-m+fp/hard\libc_nano.a
LOAD C:/ST/STM32CubeIDE_1.11.0/STM32CubeIDE/plugins/com.st.stm32cube.ide.mcu.externaltools.gnu-tools-for-stm32.12.3.rel1.win32_1.1.0.202410251130/tools/bin/../lib/gcc/arm-none-eabi/12.3.1/../../../../arm-none-eabi/lib/thumb/v7e-m+fp/hard\libm.a
END GROUP
START GROUP
LOAD C:/ST/STM32CubeIDE_1.11.0/STM32CubeIDE/plugins/com.st.stm32cube.ide.mcu.externaltools.gnu-tools-for-stm32.12.3.rel1.win32_1.1.0.202410251130/tools/bin/../lib/gcc/arm-none-eabi/12.3.1/thumb/v7e-m+fp/hard\libgcc.a
LOAD C:/ST/STM32CubeIDE_1.11.0/STM32CubeIDE/plugins/com.st.stm32cube.ide.mcu.externaltools.gnu-tools-for-stm32.12.3.rel1.win32_1.1.0.202410251130/tools/bin/../lib/gcc/arm-none-eabi/12.3.1/../../../../arm-none-eabi/lib/thumb/v7e-m+fp/hard\libc_nano.a
END GROUP
START GROUP
LOAD C:/ST/STM32CubeIDE_1.11.0/STM32CubeIDE/plugins/com.st.stm32cube.ide.mcu.externaltools.gnu-tools-for-stm32.12.3.rel1.win32_1.1.0.202410251130/tools/bin/../lib/gcc/arm-none-eabi/12.3.1/thumb/v7e-m+fp/hard\libgcc.a
LOAD C:/ST/STM32CubeIDE_1.11.0/STM32CubeIDE/plugins/com.st.stm32cube.ide.mcu.externaltools.gnu-tools-for-stm32.12.3.rel1.win32_1.1.0.202410251130/tools/bin/../lib/gcc/arm-none-eabi/12.3.1/../../../../arm-none-eabi/lib/thumb/v7e-m+fp/hard\libc_nano.a
LOAD C:/ST/STM32CubeIDE_1.11.0/STM32CubeIDE/plugins/com.st.stm32cube.ide.mcu.externaltools.gnu-tools-for-stm32.12.3.rel1.win32_1.1.0.202410251130/tools/bin/../lib/gcc/arm-none-eabi/12.3.1/../../../../arm-none-eabi/lib/thumb/v7e-m+fp/hard\libnosys.a
END GROUP
START GROUP
LOAD C:/ST/STM32CubeIDE_1.11.0/STM32CubeIDE/plugins/com.st.stm32cube.ide.mcu.externaltools.gnu-tools-for-stm32.12.3.rel1.win32_1.1.0.202410251130/tools/bin/../lib/gcc/arm-none-eabi/12.3.1/thumb/v7e-m+fp/hard\libgcc.a
LOAD C:/ST/STM32CubeIDE_1.11.0/STM32CubeIDE/plugins/com.st.stm32cube.ide.mcu.externaltools.gnu-tools-for-stm32.12.3.rel1.win32_1.1.0.202410251130/tools/bin/../lib/gcc/arm-none-eabi/12.3.1/../../../../arm-none-eabi/lib/thumb/v7e-m+fp/hard\libc_nano.a
LOAD C:/ST/STM32CubeIDE_1.11.0/STM32CubeIDE/plugins/com.st.stm32cube.ide.mcu.externaltools.gnu-tools-for-stm32.12.3.rel1.win32_1.1.0.202410251130/tools/bin/../lib/gcc/arm-none-eabi/12.3.1/../../../../arm-none-eabi/lib/thumb/v7e-m+fp/hard\libnosys.a
END GROUP
LOAD C:/ST/STM32CubeIDE_1.11.0/STM32CubeIDE/plugins/com.st.stm32cube.ide.mcu.externaltools.gnu-tools-for-stm32.12.3.rel1.win32_1.1.0.202410251130/tools/bin/../lib/gcc/arm-none-eabi/12.3.1/thumb/v7e-m+fp/hard/crtend.o
LOAD C:/ST/STM32CubeIDE_1.11.0/STM32CubeIDE/plugins/com.st.stm32cube.ide.mcu.externaltools.gnu-tools-for-stm32.12.3.rel1.win32_1.1.0.202410251130/tools/bin/../lib/gcc/arm-none-eabi/12.3.1/thumb/v7e-m+fp/hard/crtn.o
                0x20020000                        _estack = (ORIGIN (RAM) + LENGTH (RAM))
                0x00000800                        _Min_Heap_Size = 0x800
                0x00001000                        _Min_Stack_Size = 0x1000

.isr_vector     0x08000000      0x198
                0x08000000                        . = ALIGN (0x4)
 *(.isr_vector)
 .isr_vector    0x08000000      0x198 ./Core/Startup/startup_stm32f411retx.o
                0x08000000                g_pfnVectors
                0x08000198                        . = ALIGN (0x4)

.text           0x08000198     0xa2e4
                0x08000198                        . = ALIGN (0x4)
 *(.text)
 .text          0x08000198       0x40 C:/ST/STM32CubeIDE_1.11.0/STM32CubeIDE/plugins/com.st.stm32cube.ide.mcu.externaltools.gnu-tools-for-stm32.12.3.rel1.win32_1.1.0.202410251130/tools/bin/../lib/gcc/arm-none-eabi/12.3.1/thumb/v7e-m+fp/hard/crtbegin.o
 .text          0x080001d8       0x14 C:/ST/STM32CubeIDE_1.11.0/STM32CubeIDE/plugins/com.st.stm32cube.ide.mcu.externaltools.gnu-tools-for-stm32.12.3.rel1.win32_1.1.0.202410251130/tools/bin/../lib/gcc/arm-none-eabi/12.3.1/../../../../arm-none-eabi/lib/thumb/v7e-m+fp/hard\libc_nano.a(libc_a-strcmp.o)
                0x080001d8                strcmp
 .text          0x080001ec       0x10 C:/ST/STM32CubeIDE_1.11.0/STM32CubeIDE/plugins/com.st.stm32cube.ide.mcu.externaltools.gnu-tools-for-stm32.12.3.rel1.win32_1.1.0.202410251130/tools/bin/../lib/gcc/arm-none-eabi/12.3.1/../../../../arm-none-eabi/lib/thumb/v7e-m+fp/hard\libc_nano.a(libc_a-strlen.o)
                0x080001ec                strlen
 .text          0x080001fc       0x30 C:/ST/STM32CubeIDE_1.11.0/STM32CubeIDE/plugins/com.st.stm32cube.ide.mcu.externaltools.gnu-tools-for-stm32.12.3.rel1.win32_1.1.0.202410251130/tools/bin/../lib/gcc/arm-none-eabi/12.3.1/thumb/v7e-m+fp/hard\libgcc.a(_aeabi_uldivmod.o)
                0x080001fc                __aeabi_uldivmod
 .text          0x0800022c      0x2bc C:/ST/STM32CubeIDE_1.11.0/STM32CubeIDE/plugins/com.st.stm32cube.ide.mcu.externaltools.gnu-tools-for-stm32.12.3.rel1.win32_1.1.0.202410251130/tools/bin/../lib/gcc/arm-none-eabi/12.3.1/thumb/v7e-m+fp/hard\libgcc.a(_udivmoddi4.o)
                0x0800022c                __udivmoddi4
 .text          0x080004e8        0x4 C:/ST/STM32CubeIDE_1.11.0/STM32CubeIDE/plugins/com.st.stm32cube.ide.mcu.externaltools.gnu-tools-for-stm32.12.3.rel1.win32_1.1.0.202410251130/tools/bin/../lib/gcc/arm-none-eabi/12.3.1/thumb/v7e-m+fp/hard\libgcc.a(_dvmd_tls.o)
                0x080004e8                __aeabi_idiv0
                0x080004e8                __aeabi_ldiv0
 *(.text*)
 .text.MX_DMA_Init
                0x080004ec       0x50 ./Core/Src/dma.o
                0x080004ec                MX_DMA_Init
 .text.MX_GPIO_Init
                0x0800053c      0x1b0 ./Core/Src/gpio.o
                0x0800053c                MX_GPIO_Init
 .text.MX_I2C1_Init
                0x080006ec       0x5c ./Core/Src/i2c.o
                0x080006ec                MX_I2C1_Init
 .text.HAL_I2C_MspInit
                0x08000748       0x90 ./Core/Src/i2c.o
                0x08000748                HAL_I2C_MspInit
 .text.main     0x080007d8       0xf0 ./Core/Src/main.o
                0x080007d8                main
 .text.SystemClock_Config
                0x080008c8       0xd0 ./Core/Src/main.o
                0x080008c8                SystemClock_Config
 .text.HAL_UART_RxCpltCallback
                0x08000998       0x60 ./Core/Src/main.o
                0x08000998                HAL_UART_RxCpltCallback
 .text.UART_Log
                0x080009f8       0x2c ./Core/Src/main.o
                0x080009f8                UART_Log
 .text.RS_Transmit
                0x08000a24       0x2c ./Core/Src/main.o
                0x08000a24                RS_Transmit
 .text.RFID_Read
                0x08000a50       0xe8 ./Core/Src/main.o
                0x08000a50                RFID_Read
 .text.ADDR_Check
                0x08000b38      0x500 ./Core/Src/main.o
                0x08000b38                ADDR_Check
 .text.Error_Handler
                0x08001038       0x64 ./Core/Src/main.o
                0x08001038                Error_Handler
 .text.Parser_TakeLine
                0x0800109c       0x4c ./Core/Src/parser_simple.o
                0x0800109c                Parser_TakeLine
 .text.Parser_Parse
                0x080010e8       0x60 ./Core/Src/parser_simple.o
                0x080010e8                Parser_Parse
 .text.RC522_SPI_Transfer
                0x08001148       0x2c ./Core/Src/rc522.o
                0x08001148                RC522_SPI_Transfer
 .text.Write_MFRC522
                0x08001174       0x4c ./Core/Src/rc522.o
                0x08001174                Write_MFRC522
 .text.Read_MFRC522
                0x080011c0       0x50 ./Core/Src/rc522.o
                0x080011c0                Read_MFRC522
 .text.SetBitMask
                0x08001210       0x36 ./Core/Src/rc522.o
                0x08001210                SetBitMask
 .text.ClearBitMask
                0x08001246       0x40 ./Core/Src/rc522.o
                0x08001246                ClearBitMask
 .text.AntennaOn
                0x08001286       0x16 ./Core/Src/rc522.o
                0x08001286                AntennaOn
 .text.MFRC522_Reset
                0x0800129c       0x10 ./Core/Src/rc522.o
                0x0800129c                MFRC522_Reset
 .text.MFRC522_Init
                0x080012ac       0x5c ./Core/Src/rc522.o
                0x080012ac                MFRC522_Init
 .text.MFRC522_ToCard
                0x08001308      0x192 ./Core/Src/rc522.o
                0x08001308                MFRC522_ToCard
 .text.MFRC522_Request
                0x0800149a       0x4a ./Core/Src/rc522.o
                0x0800149a                MFRC522_Request
 .text.MFRC522_Anticoll
                0x080014e4       0x7a ./Core/Src/rc522.o
                0x080014e4                MFRC522_Anticoll
 .text.CalulateCRC
                0x0800155e       0x92 ./Core/Src/rc522.o
                0x0800155e                CalulateCRC
 .text.MFRC522_SelectTag
                0x080015f0       0x84 ./Core/Src/rc522.o
                0x080015f0                MFRC522_SelectTag
 .text.MFRC522_Auth
                0x08001674       0xc6 ./Core/Src/rc522.o
                0x08001674                MFRC522_Auth
 .text.MFRC522_Read
                0x0800173a       0x58 ./Core/Src/rc522.o
                0x0800173a                MFRC522_Read
 .text.MFRC522_Halt
                0x08001792       0x36 ./Core/Src/rc522.o
                0x08001792                MFRC522_Halt
 .text.RB_Read  0x080017c8       0x52 ./Core/Src/ring_buffer.o
                0x080017c8                RB_Read
 .text.RB_Write
                0x0800181a       0x56 ./Core/Src/ring_buffer.o
                0x0800181a                RB_Write
 .text.RB_Flush
                0x08001870       0x20 ./Core/Src/ring_buffer.o
                0x08001870                RB_Flush
 .text.MX_SPI1_Init
                0x08001890       0x6c ./Core/Src/spi.o
                0x08001890                MX_SPI1_Init
 .text.HAL_SPI_MspInit
                0x080018fc       0x90 ./Core/Src/spi.o
                0x080018fc                HAL_SPI_MspInit
 .text.HAL_MspInit
                0x0800198c       0x50 ./Core/Src/stm32f4xx_hal_msp.o
                0x0800198c                HAL_MspInit
 .text.NMI_Handler
                0x080019dc        0x8 ./Core/Src/stm32f4xx_it.o
                0x080019dc                NMI_Handler
 .text.HardFault_Handler
                0x080019e4       0x14 ./Core/Src/stm32f4xx_it.o
                0x080019e4                HardFault_Handler
 .text.MemManage_Handler
                0x080019f8        0x8 ./Core/Src/stm32f4xx_it.o
                0x080019f8                MemManage_Handler
 .text.BusFault_Handler
                0x08001a00        0x8 ./Core/Src/stm32f4xx_it.o
                0x08001a00                BusFault_Handler
 .text.UsageFault_Handler
                0x08001a08        0x8 ./Core/Src/stm32f4xx_it.o
                0x08001a08                UsageFault_Handler
 .text.SVC_Handler
                0x08001a10        0xe ./Core/Src/stm32f4xx_it.o
                0x08001a10                SVC_Handler
 .text.DebugMon_Handler
                0x08001a1e        0xe ./Core/Src/stm32f4xx_it.o
                0x08001a1e                DebugMon_Handler
 .text.PendSV_Handler
                0x08001a2c        0xe ./Core/Src/stm32f4xx_it.o
                0x08001a2c                PendSV_Handler
 .text.SysTick_Handler
                0x08001a3a        0xc ./Core/Src/stm32f4xx_it.o
                0x08001a3a                SysTick_Handler
 *fill*         0x08001a46        0x2 
 .text.DMA2_Stream1_IRQHandler
                0x08001a48       0x14 ./Core/Src/stm32f4xx_it.o
                0x08001a48                DMA2_Stream1_IRQHandler
 .text.OTG_FS_IRQHandler
                0x08001a5c       0x14 ./Core/Src/stm32f4xx_it.o
                0x08001a5c                OTG_FS_IRQHandler
 .text.DMA2_Stream6_IRQHandler
                0x08001a70       0x14 ./Core/Src/stm32f4xx_it.o
                0x08001a70                DMA2_Stream6_IRQHandler
 .text.USART6_IRQHandler
                0x08001a84       0x14 ./Core/Src/stm32f4xx_it.o
                0x08001a84                USART6_IRQHandler
 .text.SystemInit
                0x08001a98       0x24 ./Core/Src/system_stm32f4xx.o
                0x08001a98                SystemInit
 .text.MX_USART1_UART_Init
                0x08001abc       0x54 ./Core/Src/usart.o
                0x08001abc                MX_USART1_UART_Init
 .text.MX_USART2_UART_Init
                0x08001b10       0x54 ./Core/Src/usart.o
                0x08001b10                MX_USART2_UART_Init
 .text.MX_USART6_UART_Init
                0x08001b64       0x54 ./Core/Src/usart.o
                0x08001b64                MX_USART6_UART_Init
 .text.HAL_UART_MspInit
                0x08001bb8      0x240 ./Core/Src/usart.o
                0x08001bb8                HAL_UART_MspInit
 .text.Reset_Handler
                0x08001df8       0x50 ./Core/Startup/startup_stm32f411retx.o
                0x08001df8                Reset_Handler
 .text.Default_Handler
                0x08001e48        0x2 ./Core/Startup/startup_stm32f411retx.o
                0x08001e48                RTC_Alarm_IRQHandler
                0x08001e48                EXTI2_IRQHandler
                0x08001e48                SPI4_IRQHandler
                0x08001e48                TIM1_CC_IRQHandler
                0x08001e48                DMA2_Stream5_IRQHandler
                0x08001e48                DMA1_Stream5_IRQHandler
                0x08001e48                PVD_IRQHandler
                0x08001e48                SDIO_IRQHandler
                0x08001e48                TAMP_STAMP_IRQHandler
                0x08001e48                EXTI3_IRQHandler
                0x08001e48                TIM1_UP_TIM10_IRQHandler
                0x08001e48                I2C3_ER_IRQHandler
                0x08001e48                EXTI0_IRQHandler
                0x08001e48                I2C2_EV_IRQHandler
                0x08001e48                DMA1_Stream2_IRQHandler
                0x08001e48                FPU_IRQHandler
                0x08001e48                DMA2_Stream2_IRQHandler
                0x08001e48                SPI1_IRQHandler
                0x08001e48                TIM1_BRK_TIM9_IRQHandler
                0x08001e48                DMA2_Stream3_IRQHandler
                0x08001e48                DMA2_Stream0_IRQHandler
                0x08001e48                TIM4_IRQHandler
                0x08001e48                I2C1_EV_IRQHandler
                0x08001e48                DMA1_Stream6_IRQHandler
                0x08001e48                DMA1_Stream1_IRQHandler
                0x08001e48                TIM3_IRQHandler
                0x08001e48                RCC_IRQHandler
                0x08001e48                Default_Handler
                0x08001e48                EXTI15_10_IRQHandler
                0x08001e48                ADC_IRQHandler
                0x08001e48                DMA1_Stream7_IRQHandler
                0x08001e48                SPI5_IRQHandler
                0x08001e48                TIM5_IRQHandler
                0x08001e48                DMA2_Stream7_IRQHandler
                0x08001e48                I2C3_EV_IRQHandler
                0x08001e48                EXTI9_5_IRQHandler
                0x08001e48                RTC_WKUP_IRQHandler
                0x08001e48                SPI2_IRQHandler
                0x08001e48                DMA1_Stream0_IRQHandler
                0x08001e48                EXTI4_IRQHandler
                0x08001e48                WWDG_IRQHandler
                0x08001e48                TIM2_IRQHandler
                0x08001e48                OTG_FS_WKUP_IRQHandler
                0x08001e48                TIM1_TRG_COM_TIM11_IRQHandler
                0x08001e48                EXTI1_IRQHandler
                0x08001e48                USART2_IRQHandler
                0x08001e48                I2C2_ER_IRQHandler
                0x08001e48                FLASH_IRQHandler
                0x08001e48                DMA2_Stream4_IRQHandler
                0x08001e48                USART1_IRQHandler
                0x08001e48                SPI3_IRQHandler
                0x08001e48                DMA1_Stream4_IRQHandler
                0x08001e48                I2C1_ER_IRQHandler
                0x08001e48                DMA1_Stream3_IRQHandler
 *fill*         0x08001e4a        0x2 
 .text.HAL_Init
                0x08001e4c       0x44 ./Drivers/STM32F4xx_HAL_Driver/Src/stm32f4xx_hal.o
                0x08001e4c                HAL_Init
 .text.HAL_InitTick
                0x08001e90       0x60 ./Drivers/STM32F4xx_HAL_Driver/Src/stm32f4xx_hal.o
                0x08001e90                HAL_InitTick
 .text.HAL_IncTick
                0x08001ef0       0x28 ./Drivers/STM32F4xx_HAL_Driver/Src/stm32f4xx_hal.o
                0x08001ef0                HAL_IncTick
 .text.HAL_GetTick
                0x08001f18       0x18 ./Drivers/STM32F4xx_HAL_Driver/Src/stm32f4xx_hal.o
                0x08001f18                HAL_GetTick
 .text.HAL_Delay
                0x08001f30       0x48 ./Drivers/STM32F4xx_HAL_Driver/Src/stm32f4xx_hal.o
                0x08001f30                HAL_Delay
 .text.__NVIC_SetPriorityGrouping
                0x08001f78       0x48 ./Drivers/STM32F4xx_HAL_Driver/Src/stm32f4xx_hal_cortex.o
 .text.__NVIC_GetPriorityGrouping
                0x08001fc0       0x1c ./Drivers/STM32F4xx_HAL_Driver/Src/stm32f4xx_hal_cortex.o
 .text.__NVIC_EnableIRQ
                0x08001fdc       0x3c ./Drivers/STM32F4xx_HAL_Driver/Src/stm32f4xx_hal_cortex.o
 .text.__NVIC_SetPriority
                0x08002018       0x54 ./Drivers/STM32F4xx_HAL_Driver/Src/stm32f4xx_hal_cortex.o
 .text.NVIC_EncodePriority
                0x0800206c       0x66 ./Drivers/STM32F4xx_HAL_Driver/Src/stm32f4xx_hal_cortex.o
 *fill*         0x080020d2        0x2 
 .text.SysTick_Config
                0x080020d4       0x44 ./Drivers/STM32F4xx_HAL_Driver/Src/stm32f4xx_hal_cortex.o
 .text.HAL_NVIC_SetPriorityGrouping
                0x08002118       0x16 ./Drivers/STM32F4xx_HAL_Driver/Src/stm32f4xx_hal_cortex.o
                0x08002118                HAL_NVIC_SetPriorityGrouping
 .text.HAL_NVIC_SetPriority
                0x0800212e       0x38 ./Drivers/STM32F4xx_HAL_Driver/Src/stm32f4xx_hal_cortex.o
                0x0800212e                HAL_NVIC_SetPriority
 .text.HAL_NVIC_EnableIRQ
                0x08002166       0x1c ./Drivers/STM32F4xx_HAL_Driver/Src/stm32f4xx_hal_cortex.o
                0x08002166                HAL_NVIC_EnableIRQ
 .text.HAL_SYSTICK_Config
                0x08002182       0x18 ./Drivers/STM32F4xx_HAL_Driver/Src/stm32f4xx_hal_cortex.o
                0x08002182                HAL_SYSTICK_Config
 *fill*         0x0800219a        0x2 
 .text.HAL_DMA_Init
                0x0800219c      0x15c ./Drivers/STM32F4xx_HAL_Driver/Src/stm32f4xx_hal_dma.o
                0x0800219c                HAL_DMA_Init
 .text.HAL_DMA_Abort
                0x080022f8       0xe0 ./Drivers/STM32F4xx_HAL_Driver/Src/stm32f4xx_hal_dma.o
                0x080022f8                HAL_DMA_Abort
 .text.HAL_DMA_Abort_IT
                0x080023d8       0x44 ./Drivers/STM32F4xx_HAL_Driver/Src/stm32f4xx_hal_dma.o
                0x080023d8                HAL_DMA_Abort_IT
 .text.HAL_DMA_IRQHandler
                0x0800241c      0x314 ./Drivers/STM32F4xx_HAL_Driver/Src/stm32f4xx_hal_dma.o
                0x0800241c                HAL_DMA_IRQHandler
 .text.DMA_CalcBaseAndBitshift
                0x08002730       0x6c ./Drivers/STM32F4xx_HAL_Driver/Src/stm32f4xx_hal_dma.o
 .text.DMA_CheckFifoParam
                0x0800279c       0xf8 ./Drivers/STM32F4xx_HAL_Driver/Src/stm32f4xx_hal_dma.o
 .text.HAL_GPIO_Init
                0x08002894      0x308 ./Drivers/STM32F4xx_HAL_Driver/Src/stm32f4xx_hal_gpio.o
                0x08002894                HAL_GPIO_Init
 .text.HAL_GPIO_ReadPin
                0x08002b9c       0x30 ./Drivers/STM32F4xx_HAL_Driver/Src/stm32f4xx_hal_gpio.o
                0x08002b9c                HAL_GPIO_ReadPin
 .text.HAL_GPIO_WritePin
                0x08002bcc       0x32 ./Drivers/STM32F4xx_HAL_Driver/Src/stm32f4xx_hal_gpio.o
                0x08002bcc                HAL_GPIO_WritePin
 *fill*         0x08002bfe        0x2 
 .text.HAL_I2C_Init
                0x08002c00      0x288 ./Drivers/STM32F4xx_HAL_Driver/Src/stm32f4xx_hal_i2c.o
                0x08002c00                HAL_I2C_Init
 .text.HAL_PCD_Init
                0x08002e88      0x21e ./Drivers/STM32F4xx_HAL_Driver/Src/stm32f4xx_hal_pcd.o
                0x08002e88                HAL_PCD_Init
 .text.HAL_PCD_Start
                0x080030a6       0x6a ./Drivers/STM32F4xx_HAL_Driver/Src/stm32f4xx_hal_pcd.o
                0x080030a6                HAL_PCD_Start
 .text.HAL_PCD_IRQHandler
                0x08003110      0x942 ./Drivers/STM32F4xx_HAL_Driver/Src/stm32f4xx_hal_pcd.o
                0x08003110                HAL_PCD_IRQHandler
 .text.HAL_PCD_SetAddress
                0x08003a52       0x48 ./Drivers/STM32F4xx_HAL_Driver/Src/stm32f4xx_hal_pcd.o
                0x08003a52                HAL_PCD_SetAddress
 .text.HAL_PCD_EP_Open
                0x08003a9a       0xd4 ./Drivers/STM32F4xx_HAL_Driver/Src/stm32f4xx_hal_pcd.o
                0x08003a9a                HAL_PCD_EP_Open
 .text.HAL_PCD_EP_Close
                0x08003b6e       0x94 ./Drivers/STM32F4xx_HAL_Driver/Src/stm32f4xx_hal_pcd.o
                0x08003b6e                HAL_PCD_EP_Close
 .text.HAL_PCD_EP_Receive
                0x08003c02       0x76 ./Drivers/STM32F4xx_HAL_Driver/Src/stm32f4xx_hal_pcd.o
                0x08003c02                HAL_PCD_EP_Receive
 .text.HAL_PCD_EP_GetRxCount
                0x08003c78       0x30 ./Drivers/STM32F4xx_HAL_Driver/Src/stm32f4xx_hal_pcd.o
                0x08003c78                HAL_PCD_EP_GetRxCount
 .text.HAL_PCD_EP_Transmit
                0x08003ca8       0x74 ./Drivers/STM32F4xx_HAL_Driver/Src/stm32f4xx_hal_pcd.o
                0x08003ca8                HAL_PCD_EP_Transmit
 .text.HAL_PCD_EP_SetStall
                0x08003d1c       0xc6 ./Drivers/STM32F4xx_HAL_Driver/Src/stm32f4xx_hal_pcd.o
                0x08003d1c                HAL_PCD_EP_SetStall
 .text.HAL_PCD_EP_ClrStall
                0x08003de2       0xac ./Drivers/STM32F4xx_HAL_Driver/Src/stm32f4xx_hal_pcd.o
                0x08003de2                HAL_PCD_EP_ClrStall
 .text.HAL_PCD_EP_Abort
                0x08003e8e       0x62 ./Drivers/STM32F4xx_HAL_Driver/Src/stm32f4xx_hal_pcd.o
                0x08003e8e                HAL_PCD_EP_Abort
 .text.PCD_WriteEmptyTxFifo
                0x08003ef0      0x118 ./Drivers/STM32F4xx_HAL_Driver/Src/stm32f4xx_hal_pcd.o
 .text.PCD_EP_OutXfrComplete_int
                0x08004008      0x1d0 ./Drivers/STM32F4xx_HAL_Driver/Src/stm32f4xx_hal_pcd.o
 .text.PCD_EP_OutSetupPacket_int
                0x080041d8       0x8c ./Drivers/STM32F4xx_HAL_Driver/Src/stm32f4xx_hal_pcd.o
 .text.HAL_PCDEx_SetTxFiFo
                0x08004264       0x8e ./Drivers/STM32F4xx_HAL_Driver/Src/stm32f4xx_hal_pcd_ex.o
                0x08004264                HAL_PCDEx_SetTxFiFo
 .text.HAL_PCDEx_SetRxFiFo
                0x080042f2       0x22 ./Drivers/STM32F4xx_HAL_Driver/Src/stm32f4xx_hal_pcd_ex.o
                0x080042f2                HAL_PCDEx_SetRxFiFo
 .text.HAL_PCDEx_LPM_Callback
                0x08004314       0x18 ./Drivers/STM32F4xx_HAL_Driver/Src/stm32f4xx_hal_pcd_ex.o
                0x08004314                HAL_PCDEx_LPM_Callback
 .text.HAL_RCC_OscConfig
                0x0800432c      0x4f0 ./Drivers/STM32F4xx_HAL_Driver/Src/stm32f4xx_hal_rcc.o
                0x0800432c                HAL_RCC_OscConfig
 .text.HAL_RCC_ClockConfig
                0x0800481c      0x1cc ./Drivers/STM32F4xx_HAL_Driver/Src/stm32f4xx_hal_rcc.o
                0x0800481c                HAL_RCC_ClockConfig
 .text.HAL_RCC_GetSysClockFreq
                0x080049e8      0x20c ./Drivers/STM32F4xx_HAL_Driver/Src/stm32f4xx_hal_rcc.o
                0x080049e8                HAL_RCC_GetSysClockFreq
 .text.HAL_RCC_GetHCLKFreq
                0x08004bf4       0x18 ./Drivers/STM32F4xx_HAL_Driver/Src/stm32f4xx_hal_rcc.o
                0x08004bf4                HAL_RCC_GetHCLKFreq
 .text.HAL_RCC_GetPCLK1Freq
                0x08004c0c       0x28 ./Drivers/STM32F4xx_HAL_Driver/Src/stm32f4xx_hal_rcc.o
                0x08004c0c                HAL_RCC_GetPCLK1Freq
 .text.HAL_RCC_GetPCLK2Freq
                0x08004c34       0x28 ./Drivers/STM32F4xx_HAL_Driver/Src/stm32f4xx_hal_rcc.o
                0x08004c34                HAL_RCC_GetPCLK2Freq
 .text.HAL_SPI_Init
                0x08004c5c      0x112 ./Drivers/STM32F4xx_HAL_Driver/Src/stm32f4xx_hal_spi.o
                0x08004c5c                HAL_SPI_Init
 .text.HAL_SPI_TransmitReceive
                0x08004d6e      0x352 ./Drivers/STM32F4xx_HAL_Driver/Src/stm32f4xx_hal_spi.o
                0x08004d6e                HAL_SPI_TransmitReceive
 .text.SPI_WaitFlagStateUntilTimeout
                0x080050c0      0x110 ./Drivers/STM32F4xx_HAL_Driver/Src/stm32f4xx_hal_spi.o
 .text.SPI_EndRxTxTransaction
                0x080051d0       0xa8 ./Drivers/STM32F4xx_HAL_Driver/Src/stm32f4xx_hal_spi.o
 .text.HAL_UART_Init
                0x08005278       0xa0 ./Drivers/STM32F4xx_HAL_Driver/Src/stm32f4xx_hal_uart.o
                0x08005278                HAL_UART_Init
 .text.HAL_UART_Transmit
                0x08005318      0x116 ./Drivers/STM32F4xx_HAL_Driver/Src/stm32f4xx_hal_uart.o
                0x08005318                HAL_UART_Transmit
 .text.HAL_UART_Receive_IT
                0x0800542e       0x4a ./Drivers/STM32F4xx_HAL_Driver/Src/stm32f4xx_hal_uart.o
                0x0800542e                HAL_UART_Receive_IT
 .text.HAL_UART_IRQHandler
                0x08005478      0x524 ./Drivers/STM32F4xx_HAL_Driver/Src/stm32f4xx_hal_uart.o
                0x08005478                HAL_UART_IRQHandler
 .text.HAL_UART_TxCpltCallback
                0x0800599c       0x14 ./Drivers/STM32F4xx_HAL_Driver/Src/stm32f4xx_hal_uart.o
                0x0800599c                HAL_UART_TxCpltCallback
 .text.HAL_UART_ErrorCallback
                0x080059b0       0x14 ./Drivers/STM32F4xx_HAL_Driver/Src/stm32f4xx_hal_uart.o
                0x080059b0                HAL_UART_ErrorCallback
 .text.HAL_UARTEx_RxEventCallback
                0x080059c4       0x18 ./Drivers/STM32F4xx_HAL_Driver/Src/stm32f4xx_hal_uart.o
                0x080059c4                HAL_UARTEx_RxEventCallback
 .text.UART_WaitOnFlagUntilTimeout
                0x080059dc       0xb2 ./Drivers/STM32F4xx_HAL_Driver/Src/stm32f4xx_hal_uart.o
 .text.UART_Start_Receive_IT
                0x08005a8e       0x74 ./Drivers/STM32F4xx_HAL_Driver/Src/stm32f4xx_hal_uart.o
                0x08005a8e                UART_Start_Receive_IT
 .text.UART_EndRxTransfer
                0x08005b02       0xc6 ./Drivers/STM32F4xx_HAL_Driver/Src/stm32f4xx_hal_uart.o
 .text.UART_DMAAbortOnError
                0x08005bc8       0x28 ./Drivers/STM32F4xx_HAL_Driver/Src/stm32f4xx_hal_uart.o
 .text.UART_Transmit_IT
                0x08005bf0       0xa0 ./Drivers/STM32F4xx_HAL_Driver/Src/stm32f4xx_hal_uart.o
 .text.UART_EndTransmit_IT
                0x08005c90       0x30 ./Drivers/STM32F4xx_HAL_Driver/Src/stm32f4xx_hal_uart.o
 .text.UART_Receive_IT
                0x08005cc0      0x17c ./Drivers/STM32F4xx_HAL_Driver/Src/stm32f4xx_hal_uart.o
 .text.UART_SetConfig
                0x08005e3c      0x4e8 ./Drivers/STM32F4xx_HAL_Driver/Src/stm32f4xx_hal_uart.o
 .text.USB_CoreInit
                0x08006324       0xc8 ./Drivers/STM32F4xx_HAL_Driver/Src/stm32f4xx_ll_usb.o
                0x08006324                USB_CoreInit
 .text.USB_SetTurnaroundTime
                0x080063ec      0x144 ./Drivers/STM32F4xx_HAL_Driver/Src/stm32f4xx_ll_usb.o
                0x080063ec                USB_SetTurnaroundTime
 .text.USB_EnableGlobalInt
                0x08006530       0x22 ./Drivers/STM32F4xx_HAL_Driver/Src/stm32f4xx_ll_usb.o
                0x08006530                USB_EnableGlobalInt
 .text.USB_DisableGlobalInt
                0x08006552       0x22 ./Drivers/STM32F4xx_HAL_Driver/Src/stm32f4xx_ll_usb.o
                0x08006552                USB_DisableGlobalInt
 .text.USB_SetCurrentMode
                0x08006574       0x98 ./Drivers/STM32F4xx_HAL_Driver/Src/stm32f4xx_ll_usb.o
                0x08006574                USB_SetCurrentMode
 .text.USB_DevInit
                0x0800660c      0x2c8 ./Drivers/STM32F4xx_HAL_Driver/Src/stm32f4xx_ll_usb.o
                0x0800660c                USB_DevInit
 .text.USB_FlushTxFifo
                0x080068d4       0x64 ./Drivers/STM32F4xx_HAL_Driver/Src/stm32f4xx_ll_usb.o
                0x080068d4                USB_FlushTxFifo
 .text.USB_FlushRxFifo
                0x08006938       0x5c ./Drivers/STM32F4xx_HAL_Driver/Src/stm32f4xx_ll_usb.o
                0x08006938                USB_FlushRxFifo
 .text.USB_SetDevSpeed
                0x08006994       0x32 ./Drivers/STM32F4xx_HAL_Driver/Src/stm32f4xx_ll_usb.o
                0x08006994                USB_SetDevSpeed
 .text.USB_GetDevSpeed
                0x080069c6       0x4a ./Drivers/STM32F4xx_HAL_Driver/Src/stm32f4xx_ll_usb.o
                0x080069c6                USB_GetDevSpeed
 .text.USB_ActivateEndpoint
                0x08006a10      0x10e ./Drivers/STM32F4xx_HAL_Driver/Src/stm32f4xx_ll_usb.o
                0x08006a10                USB_ActivateEndpoint
 *fill*         0x08006b1e        0x2 
 .text.USB_DeactivateEndpoint
                0x08006b20      0x1b8 ./Drivers/STM32F4xx_HAL_Driver/Src/stm32f4xx_ll_usb.o
                0x08006b20                USB_DeactivateEndpoint
 .text.USB_EPStartXfer
                0x08006cd8      0x53c ./Drivers/STM32F4xx_HAL_Driver/Src/stm32f4xx_ll_usb.o
                0x08006cd8                USB_EPStartXfer
 .text.USB_EPStopXfer
                0x08007214      0x154 ./Drivers/STM32F4xx_HAL_Driver/Src/stm32f4xx_ll_usb.o
                0x08007214                USB_EPStopXfer
 .text.USB_WritePacket
                0x08007368       0x7c ./Drivers/STM32F4xx_HAL_Driver/Src/stm32f4xx_ll_usb.o
                0x08007368                USB_WritePacket
 .text.USB_ReadPacket
                0x080073e4       0xb0 ./Drivers/STM32F4xx_HAL_Driver/Src/stm32f4xx_ll_usb.o
                0x080073e4                USB_ReadPacket
 .text.USB_EPSetStall
                0x08007494       0xdc ./Drivers/STM32F4xx_HAL_Driver/Src/stm32f4xx_ll_usb.o
                0x08007494                USB_EPSetStall
 .text.USB_EPClearStall
                0x08007570       0xcc ./Drivers/STM32F4xx_HAL_Driver/Src/stm32f4xx_ll_usb.o
                0x08007570                USB_EPClearStall
 .text.USB_SetDevAddress
                0x0800763c       0x4c ./Drivers/STM32F4xx_HAL_Driver/Src/stm32f4xx_ll_usb.o
                0x0800763c                USB_SetDevAddress
 .text.USB_DevConnect
                0x08007688       0x42 ./Drivers/STM32F4xx_HAL_Driver/Src/stm32f4xx_ll_usb.o
                0x08007688                USB_DevConnect
 .text.USB_DevDisconnect
                0x080076ca       0x42 ./Drivers/STM32F4xx_HAL_Driver/Src/stm32f4xx_ll_usb.o
                0x080076ca                USB_DevDisconnect
 .text.USB_ReadInterrupts
                0x0800770c       0x26 ./Drivers/STM32F4xx_HAL_Driver/Src/stm32f4xx_ll_usb.o
                0x0800770c                USB_ReadInterrupts
 .text.USB_ReadDevAllOutEpInterrupt
                0x08007732       0x34 ./Drivers/STM32F4xx_HAL_Driver/Src/stm32f4xx_ll_usb.o
                0x08007732                USB_ReadDevAllOutEpInterrupt
 .text.USB_ReadDevAllInEpInterrupt
                0x08007766       0x34 ./Drivers/STM32F4xx_HAL_Driver/Src/stm32f4xx_ll_usb.o
                0x08007766                USB_ReadDevAllInEpInterrupt
 .text.USB_ReadDevOutEPInterrupt
                0x0800779a       0x3c ./Drivers/STM32F4xx_HAL_Driver/Src/stm32f4xx_ll_usb.o
                0x0800779a                USB_ReadDevOutEPInterrupt
 .text.USB_ReadDevInEPInterrupt
                0x080077d6       0x5c ./Drivers/STM32F4xx_HAL_Driver/Src/stm32f4xx_ll_usb.o
                0x080077d6                USB_ReadDevInEPInterrupt
 .text.USB_GetMode
                0x08007832       0x1c ./Drivers/STM32F4xx_HAL_Driver/Src/stm32f4xx_ll_usb.o
                0x08007832                USB_GetMode
 .text.USB_ActivateSetup
                0x0800784e       0x46 ./Drivers/STM32F4xx_HAL_Driver/Src/stm32f4xx_ll_usb.o
                0x0800784e                USB_ActivateSetup
 .text.USB_EP0_OutStart
                0x08007894       0xbc ./Drivers/STM32F4xx_HAL_Driver/Src/stm32f4xx_ll_usb.o
                0x08007894                USB_EP0_OutStart
 .text.USB_CoreReset
                0x08007950       0x62 ./Drivers/STM32F4xx_HAL_Driver/Src/stm32f4xx_ll_usb.o
 *fill*         0x080079b2        0x2 
 .text.USBD_CDC_Init
                0x080079b4      0x1f0 ./Middlewares/ST/STM32_USB_Device_Library/Class/CDC/Src/usbd_cdc.o
 .text.USBD_CDC_DeInit
                0x08007ba4      0x104 ./Middlewares/ST/STM32_USB_Device_Library/Class/CDC/Src/usbd_cdc.o
 .text.USBD_CDC_Setup
                0x08007ca8      0x1b8 ./Middlewares/ST/STM32_USB_Device_Library/Class/CDC/Src/usbd_cdc.o
 .text.USBD_CDC_DataIn
                0x08007e60       0xfe ./Middlewares/ST/STM32_USB_Device_Library/Class/CDC/Src/usbd_cdc.o
 .text.USBD_CDC_DataOut
                0x08007f5e       0x70 ./Middlewares/ST/STM32_USB_Device_Library/Class/CDC/Src/usbd_cdc.o
 .text.USBD_CDC_EP0_RxReady
                0x08007fce       0x74 ./Middlewares/ST/STM32_USB_Device_Library/Class/CDC/Src/usbd_cdc.o
 *fill*         0x08008042        0x2 
 .text.USBD_CDC_GetFSCfgDesc
                0x08008044       0x70 ./Middlewares/ST/STM32_USB_Device_Library/Class/CDC/Src/usbd_cdc.o
 .text.USBD_CDC_GetHSCfgDesc
                0x080080b4       0x70 ./Middlewares/ST/STM32_USB_Device_Library/Class/CDC/Src/usbd_cdc.o
 .text.USBD_CDC_GetOtherSpeedCfgDesc
                0x08008124       0x70 ./Middlewares/ST/STM32_USB_Device_Library/Class/CDC/Src/usbd_cdc.o
 .text.USBD_CDC_GetDeviceQualifierDescriptor
                0x08008194       0x20 ./Middlewares/ST/STM32_USB_Device_Library/Class/CDC/Src/usbd_cdc.o
                0x08008194                USBD_CDC_GetDeviceQualifierDescriptor
 .text.USBD_CDC_RegisterInterface
                0x080081b4       0x34 ./Middlewares/ST/STM32_USB_Device_Library/Class/CDC/Src/usbd_cdc.o
                0x080081b4                USBD_CDC_RegisterInterface
 .text.USBD_CDC_SetTxBuffer
                0x080081e8       0x44 ./Middlewares/ST/STM32_USB_Device_Library/Class/CDC/Src/usbd_cdc.o
                0x080081e8                USBD_CDC_SetTxBuffer
 .text.USBD_CDC_SetRxBuffer
                0x0800822c       0x3a ./Middlewares/ST/STM32_USB_Device_Library/Class/CDC/Src/usbd_cdc.o
                0x0800822c                USBD_CDC_SetRxBuffer
 *fill*         0x08008266        0x2 
 .text.USBD_CDC_TransmitPacket
                0x08008268       0x80 ./Middlewares/ST/STM32_USB_Device_Library/Class/CDC/Src/usbd_cdc.o
                0x08008268                USBD_CDC_TransmitPacket
 .text.USBD_CDC_ReceivePacket
                0x080082e8       0x6c ./Middlewares/ST/STM32_USB_Device_Library/Class/CDC/Src/usbd_cdc.o
                0x080082e8                USBD_CDC_ReceivePacket
 .text.USBD_Init
                0x08008354       0x60 ./Middlewares/ST/STM32_USB_Device_Library/Core/Src/usbd_core.o
                0x08008354                USBD_Init
 .text.USBD_RegisterClass
                0x080083b4       0x6c ./Middlewares/ST/STM32_USB_Device_Library/Core/Src/usbd_core.o
                0x080083b4                USBD_RegisterClass
 .text.USBD_Start
                0x08008420       0x18 ./Middlewares/ST/STM32_USB_Device_Library/Core/Src/usbd_core.o
                0x08008420                USBD_Start
 .text.USBD_RunTestMode
                0x08008438       0x16 ./Middlewares/ST/STM32_USB_Device_Library/Core/Src/usbd_core.o
                0x08008438                USBD_RunTestMode
 .text.USBD_SetClassConfig
                0x0800844e       0x38 ./Middlewares/ST/STM32_USB_Device_Library/Core/Src/usbd_core.o
                0x0800844e                USBD_SetClassConfig
 .text.USBD_ClrClassConfig
                0x08008486       0x34 ./Middlewares/ST/STM32_USB_Device_Library/Core/Src/usbd_core.o
                0x08008486                USBD_ClrClassConfig
 .text.USBD_LL_SetupStage
                0x080084ba       0xaa ./Middlewares/ST/STM32_USB_Device_Library/Core/Src/usbd_core.o
                0x080084ba                USBD_LL_SetupStage
 .text.USBD_LL_DataOutStage
                0x08008564      0x166 ./Middlewares/ST/STM32_USB_Device_Library/Core/Src/usbd_core.o
                0x08008564                USBD_LL_DataOutStage
 .text.USBD_LL_DataInStage
                0x080086ca      0x164 ./Middlewares/ST/STM32_USB_Device_Library/Core/Src/usbd_core.o
                0x080086ca                USBD_LL_DataInStage
 .text.USBD_LL_Reset
                0x0800882e       0xa4 ./Middlewares/ST/STM32_USB_Device_Library/Core/Src/usbd_core.o
                0x0800882e                USBD_LL_Reset
 .text.USBD_LL_SetSpeed
                0x080088d2       0x20 ./Middlewares/ST/STM32_USB_Device_Library/Core/Src/usbd_core.o
                0x080088d2                USBD_LL_SetSpeed
 .text.USBD_LL_Suspend
                0x080088f2       0x38 ./Middlewares/ST/STM32_USB_Device_Library/Core/Src/usbd_core.o
                0x080088f2                USBD_LL_Suspend
 .text.USBD_LL_Resume
                0x0800892a       0x30 ./Middlewares/ST/STM32_USB_Device_Library/Core/Src/usbd_core.o
                0x0800892a                USBD_LL_Resume
 .text.USBD_LL_SOF
                0x0800895a       0x40 ./Middlewares/ST/STM32_USB_Device_Library/Core/Src/usbd_core.o
                0x0800895a                USBD_LL_SOF
 .text.USBD_LL_IsoINIncomplete
                0x0800899a       0x64 ./Middlewares/ST/STM32_USB_Device_Library/Core/Src/usbd_core.o
                0x0800899a                USBD_LL_IsoINIncomplete
 .text.USBD_LL_IsoOUTIncomplete
                0x080089fe       0x64 ./Middlewares/ST/STM32_USB_Device_Library/Core/Src/usbd_core.o
                0x080089fe                USBD_LL_IsoOUTIncomplete
 .text.USBD_LL_DevConnected
                0x08008a62       0x16 ./Middlewares/ST/STM32_USB_Device_Library/Core/Src/usbd_core.o
                0x08008a62                USBD_LL_DevConnected
 .text.USBD_LL_DevDisconnected
                0x08008a78       0x46 ./Middlewares/ST/STM32_USB_Device_Library/Core/Src/usbd_core.o
                0x08008a78                USBD_LL_DevDisconnected
 .text.USBD_CoreFindIF
                0x08008abe       0x1a ./Middlewares/ST/STM32_USB_Device_Library/Core/Src/usbd_core.o
                0x08008abe                USBD_CoreFindIF
 .text.USBD_CoreFindEP
                0x08008ad8       0x1a ./Middlewares/ST/STM32_USB_Device_Library/Core/Src/usbd_core.o
                0x08008ad8                USBD_CoreFindEP
 .text.USBD_GetEpDesc
                0x08008af2       0x70 ./Middlewares/ST/STM32_USB_Device_Library/Core/Src/usbd_core.o
                0x08008af2                USBD_GetEpDesc
 .text.USBD_GetNextDesc
                0x08008b62       0x38 ./Middlewares/ST/STM32_USB_Device_Library/Core/Src/usbd_core.o
                0x08008b62                USBD_GetNextDesc
 .text.SWAPBYTE
                0x08008b9a       0x3c ./Middlewares/ST/STM32_USB_Device_Library/Core/Src/usbd_ctlreq.o
 *fill*         0x08008bd6        0x2 
 .text.USBD_StdDevReq
                0x08008bd8       0xe4 ./Middlewares/ST/STM32_USB_Device_Library/Core/Src/usbd_ctlreq.o
                0x08008bd8                USBD_StdDevReq
 .text.USBD_StdItfReq
                0x08008cbc       0xd8 ./Middlewares/ST/STM32_USB_Device_Library/Core/Src/usbd_ctlreq.o
                0x08008cbc                USBD_StdItfReq
 .text.USBD_StdEPReq
                0x08008d94      0x33a ./Middlewares/ST/STM32_USB_Device_Library/Core/Src/usbd_ctlreq.o
                0x08008d94                USBD_StdEPReq
 *fill*         0x080090ce        0x2 
 .text.USBD_GetDescriptor
                0x080090d0      0x2d4 ./Middlewares/ST/STM32_USB_Device_Library/Core/Src/usbd_ctlreq.o
 .text.USBD_SetAddress
                0x080093a4       0x88 ./Middlewares/ST/STM32_USB_Device_Library/Core/Src/usbd_ctlreq.o
 .text.USBD_SetConfig
                0x0800942c      0x154 ./Middlewares/ST/STM32_USB_Device_Library/Core/Src/usbd_ctlreq.o
 .text.USBD_GetConfig
                0x08009580       0x6c ./Middlewares/ST/STM32_USB_Device_Library/Core/Src/usbd_ctlreq.o
 .text.USBD_GetStatus
                0x080095ec       0x68 ./Middlewares/ST/STM32_USB_Device_Library/Core/Src/usbd_ctlreq.o
 .text.USBD_SetFeature
                0x08009654       0x52 ./Middlewares/ST/STM32_USB_Device_Library/Core/Src/usbd_ctlreq.o
 .text.USBD_ClrFeature
                0x080096a6       0x44 ./Middlewares/ST/STM32_USB_Device_Library/Core/Src/usbd_ctlreq.o
 .text.USBD_ParseSetupRequest
                0x080096ea       0x74 ./Middlewares/ST/STM32_USB_Device_Library/Core/Src/usbd_ctlreq.o
                0x080096ea                USBD_ParseSetupRequest
 .text.USBD_CtlError
                0x0800975e       0x22 ./Middlewares/ST/STM32_USB_Device_Library/Core/Src/usbd_ctlreq.o
                0x0800975e                USBD_CtlError
 .text.USBD_GetString
                0x08009780       0xa4 ./Middlewares/ST/STM32_USB_Device_Library/Core/Src/usbd_ctlreq.o
                0x08009780                USBD_GetString
 .text.USBD_GetLen
                0x08009824       0x34 ./Middlewares/ST/STM32_USB_Device_Library/Core/Src/usbd_ctlreq.o
 .text.USBD_CtlSendData
                0x08009858       0x36 ./Middlewares/ST/STM32_USB_Device_Library/Core/Src/usbd_ioreq.o
                0x08009858                USBD_CtlSendData
 .text.USBD_CtlContinueSendData
                0x0800988e       0x22 ./Middlewares/ST/STM32_USB_Device_Library/Core/Src/usbd_ioreq.o
                0x0800988e                USBD_CtlContinueSendData
 .text.USBD_CtlPrepareRx
                0x080098b0       0x3a ./Middlewares/ST/STM32_USB_Device_Library/Core/Src/usbd_ioreq.o
                0x080098b0                USBD_CtlPrepareRx
 .text.USBD_CtlContinueRx
                0x080098ea       0x22 ./Middlewares/ST/STM32_USB_Device_Library/Core/Src/usbd_ioreq.o
                0x080098ea                USBD_CtlContinueRx
 .text.USBD_CtlSendStatus
                0x0800990c       0x26 ./Middlewares/ST/STM32_USB_Device_Library/Core/Src/usbd_ioreq.o
                0x0800990c                USBD_CtlSendStatus
 .text.USBD_CtlReceiveStatus
                0x08009932       0x26 ./Middlewares/ST/STM32_USB_Device_Library/Core/Src/usbd_ioreq.o
                0x08009932                USBD_CtlReceiveStatus
 .text.MX_USB_DEVICE_Init
                0x08009958       0x60 ./USB_DEVICE/App/usb_device.o
                0x08009958                MX_USB_DEVICE_Init
 .text.CDC_Init_FS
                0x080099b8       0x28 ./USB_DEVICE/App/usbd_cdc_if.o
 .text.CDC_DeInit_FS
                0x080099e0       0x10 ./USB_DEVICE/App/usbd_cdc_if.o
 .text.CDC_Control_FS
                0x080099f0       0xbc ./USB_DEVICE/App/usbd_cdc_if.o
 .text.CDC_Receive_FS
                0x08009aac       0x98 ./USB_DEVICE/App/usbd_cdc_if.o
 .text.CDC_Transmit_FS
                0x08009b44       0x4c ./USB_DEVICE/App/usbd_cdc_if.o
                0x08009b44                CDC_Transmit_FS
 .text.CDC_TransmitCplt_FS
                0x08009b90       0x22 ./USB_DEVICE/App/usbd_cdc_if.o
 *fill*         0x08009bb2        0x2 
 .text.USBD_FS_DeviceDescriptor
                0x08009bb4       0x24 ./USB_DEVICE/App/usbd_desc.o
                0x08009bb4                USBD_FS_DeviceDescriptor
 .text.USBD_FS_LangIDStrDescriptor
                0x08009bd8       0x24 ./USB_DEVICE/App/usbd_desc.o
                0x08009bd8                USBD_FS_LangIDStrDescriptor
 .text.USBD_FS_ProductStrDescriptor
                0x08009bfc       0x3c ./USB_DEVICE/App/usbd_desc.o
                0x08009bfc                USBD_FS_ProductStrDescriptor
 .text.USBD_FS_ManufacturerStrDescriptor
                0x08009c38       0x28 ./USB_DEVICE/App/usbd_desc.o
                0x08009c38                USBD_FS_ManufacturerStrDescriptor
 .text.USBD_FS_SerialStrDescriptor
                0x08009c60       0x24 ./USB_DEVICE/App/usbd_desc.o
                0x08009c60                USBD_FS_SerialStrDescriptor
 .text.USBD_FS_ConfigStrDescriptor
                0x08009c84       0x3c ./USB_DEVICE/App/usbd_desc.o
                0x08009c84                USBD_FS_ConfigStrDescriptor
 .text.USBD_FS_InterfaceStrDescriptor
                0x08009cc0       0x3c ./USB_DEVICE/App/usbd_desc.o
                0x08009cc0                USBD_FS_InterfaceStrDescriptor
 .text.Get_SerialNum
                0x08009cfc       0x58 ./USB_DEVICE/App/usbd_desc.o
 .text.IntToUnicode
                0x08009d54       0x7e ./USB_DEVICE/App/usbd_desc.o
 *fill*         0x08009dd2        0x2 
 .text.HAL_PCD_MspInit
                0x08009dd4       0xa8 ./USB_DEVICE/Target/usbd_conf.o
                0x08009dd4                HAL_PCD_MspInit
 .text.HAL_PCD_SetupStageCallback
                0x08009e7c       0x24 ./USB_DEVICE/Target/usbd_conf.o
                0x08009e7c                HAL_PCD_SetupStageCallback
 .text.HAL_PCD_DataOutStageCallback
                0x08009ea0       0x36 ./USB_DEVICE/Target/usbd_conf.o
                0x08009ea0                HAL_PCD_DataOutStageCallback
 .text.HAL_PCD_DataInStageCallback
                0x08009ed6       0x34 ./USB_DEVICE/Target/usbd_conf.o
                0x08009ed6                HAL_PCD_DataInStageCallback
 .text.HAL_PCD_SOFCallback
                0x08009f0a       0x1c ./USB_DEVICE/Target/usbd_conf.o
                0x08009f0a                HAL_PCD_SOFCallback
 .text.HAL_PCD_ResetCallback
                0x08009f26       0x3c ./USB_DEVICE/Target/usbd_conf.o
                0x08009f26                HAL_PCD_ResetCallback
 *fill*         0x08009f62        0x2 
 .text.HAL_PCD_SuspendCallback
                0x08009f64       0x4c ./USB_DEVICE/Target/usbd_conf.o
                0x08009f64                HAL_PCD_SuspendCallback
 .text.HAL_PCD_ResumeCallback
                0x08009fb0       0x1c ./USB_DEVICE/Target/usbd_conf.o
                0x08009fb0                HAL_PCD_ResumeCallback
 .text.HAL_PCD_ISOOUTIncompleteCallback
                0x08009fcc       0x24 ./USB_DEVICE/Target/usbd_conf.o
                0x08009fcc                HAL_PCD_ISOOUTIncompleteCallback
 .text.HAL_PCD_ISOINIncompleteCallback
                0x08009ff0       0x24 ./USB_DEVICE/Target/usbd_conf.o
                0x08009ff0                HAL_PCD_ISOINIncompleteCallback
 .text.HAL_PCD_ConnectCallback
                0x0800a014       0x1c ./USB_DEVICE/Target/usbd_conf.o
                0x0800a014                HAL_PCD_ConnectCallback
 .text.HAL_PCD_DisconnectCallback
                0x0800a030       0x1c ./USB_DEVICE/Target/usbd_conf.o
                0x0800a030                HAL_PCD_DisconnectCallback
 .text.USBD_LL_Init
                0x0800a04c       0x98 ./USB_DEVICE/Target/usbd_conf.o
                0x0800a04c                USBD_LL_Init
 .text.USBD_LL_Start
                0x0800a0e4       0x36 ./USB_DEVICE/Target/usbd_conf.o
                0x0800a0e4                USBD_LL_Start
 .text.USBD_LL_OpenEP
                0x0800a11a       0x4c ./USB_DEVICE/Target/usbd_conf.o
                0x0800a11a                USBD_LL_OpenEP
 .text.USBD_LL_CloseEP
                0x0800a166       0x3e ./USB_DEVICE/Target/usbd_conf.o
                0x0800a166                USBD_LL_CloseEP
 .text.USBD_LL_StallEP
                0x0800a1a4       0x3e ./USB_DEVICE/Target/usbd_conf.o
                0x0800a1a4                USBD_LL_StallEP
 .text.USBD_LL_ClearStallEP
                0x0800a1e2       0x3e ./USB_DEVICE/Target/usbd_conf.o
                0x0800a1e2                USBD_LL_ClearStallEP
 .text.USBD_LL_IsStallEP
                0x0800a220       0x58 ./USB_DEVICE/Target/usbd_conf.o
                0x0800a220                USBD_LL_IsStallEP
 .text.USBD_LL_SetUSBAddress
                0x0800a278       0x3e ./USB_DEVICE/Target/usbd_conf.o
                0x0800a278                USBD_LL_SetUSBAddress
 .text.USBD_LL_Transmit
                0x0800a2b6       0x42 ./USB_DEVICE/Target/usbd_conf.o
                0x0800a2b6                USBD_LL_Transmit
 .text.USBD_LL_PrepareReceive
                0x0800a2f8       0x42 ./USB_DEVICE/Target/usbd_conf.o
                0x0800a2f8                USBD_LL_PrepareReceive
 .text.USBD_LL_GetRxDataSize
                0x0800a33a       0x26 ./USB_DEVICE/Target/usbd_conf.o
                0x0800a33a                USBD_LL_GetRxDataSize
 .text.USBD_static_malloc
                0x0800a360       0x1c ./USB_DEVICE/Target/usbd_conf.o
                0x0800a360                USBD_static_malloc
 .text.USBD_static_free
                0x0800a37c       0x14 ./USB_DEVICE/Target/usbd_conf.o
                0x0800a37c                USBD_static_free
 .text.USBD_Get_USB_Status
                0x0800a390       0x58 ./USB_DEVICE/Target/usbd_conf.o
                0x0800a390                USBD_Get_USB_Status
 .text.memset   0x0800a3e8       0x10 C:/ST/STM32CubeIDE_1.11.0/STM32CubeIDE/plugins/com.st.stm32cube.ide.mcu.externaltools.gnu-tools-for-stm32.12.3.rel1.win32_1.1.0.202410251130/tools/bin/../lib/gcc/arm-none-eabi/12.3.1/../../../../arm-none-eabi/lib/thumb/v7e-m+fp/hard\libc_nano.a(libc_a-memset.o)
                0x0800a3e8                memset
 .text.strncmp  0x0800a3f8       0x24 C:/ST/STM32CubeIDE_1.11.0/STM32CubeIDE/plugins/com.st.stm32cube.ide.mcu.externaltools.gnu-tools-for-stm32.12.3.rel1.win32_1.1.0.202410251130/tools/bin/../lib/gcc/arm-none-eabi/12.3.1/../../../../arm-none-eabi/lib/thumb/v7e-m+fp/hard\libc_nano.a(libc_a-strncmp.o)
                0x0800a3f8                strncmp
 .text.__libc_init_array
                0x0800a41c       0x48 C:/ST/STM32CubeIDE_1.11.0/STM32CubeIDE/plugins/com.st.stm32cube.ide.mcu.externaltools.gnu-tools-for-stm32.12.3.rel1.win32_1.1.0.202410251130/tools/bin/../lib/gcc/arm-none-eabi/12.3.1/../../../../arm-none-eabi/lib/thumb/v7e-m+fp/hard\libc_nano.a(libc_a-init.o)
                0x0800a41c                __libc_init_array
 *(.glue_7)
 .glue_7        0x0800a464        0x0 linker stubs
 *(.glue_7t)
 .glue_7t       0x0800a464        0x0 linker stubs
 *(.eh_frame)
 .eh_frame      0x0800a464        0x0 C:/ST/STM32CubeIDE_1.11.0/STM32CubeIDE/plugins/com.st.stm32cube.ide.mcu.externaltools.gnu-tools-for-stm32.12.3.rel1.win32_1.1.0.202410251130/tools/bin/../lib/gcc/arm-none-eabi/12.3.1/thumb/v7e-m+fp/hard/crtbegin.o
 *(.init)
 .init          0x0800a464        0x4 C:/ST/STM32CubeIDE_1.11.0/STM32CubeIDE/plugins/com.st.stm32cube.ide.mcu.externaltools.gnu-tools-for-stm32.12.3.rel1.win32_1.1.0.202410251130/tools/bin/../lib/gcc/arm-none-eabi/12.3.1/thumb/v7e-m+fp/hard/crti.o
                0x0800a464                _init
 .init          0x0800a468        0x8 C:/ST/STM32CubeIDE_1.11.0/STM32CubeIDE/plugins/com.st.stm32cube.ide.mcu.externaltools.gnu-tools-for-stm32.12.3.rel1.win32_1.1.0.202410251130/tools/bin/../lib/gcc/arm-none-eabi/12.3.1/thumb/v7e-m+fp/hard/crtn.o
 *(.fini)
 .fini          0x0800a470        0x4 C:/ST/STM32CubeIDE_1.11.0/STM32CubeIDE/plugins/com.st.stm32cube.ide.mcu.externaltools.gnu-tools-for-stm32.12.3.rel1.win32_1.1.0.202410251130/tools/bin/../lib/gcc/arm-none-eabi/12.3.1/thumb/v7e-m+fp/hard/crti.o
                0x0800a470                _fini
 .fini          0x0800a474        0x8 C:/ST/STM32CubeIDE_1.11.0/STM32CubeIDE/plugins/com.st.stm32cube.ide.mcu.externaltools.gnu-tools-for-stm32.12.3.rel1.win32_1.1.0.202410251130/tools/bin/../lib/gcc/arm-none-eabi/12.3.1/thumb/v7e-m+fp/hard/crtn.o
                0x0800a47c                        . = ALIGN (0x4)
                0x0800a47c                        _etext = .

.vfp11_veneer   0x0800a47c        0x0
 .vfp11_veneer  0x0800a47c        0x0 linker stubs

.v4_bx          0x0800a47c        0x0
 .v4_bx         0x0800a47c        0x0 linker stubs

.iplt           0x0800a47c        0x0
 .iplt          0x0800a47c        0x0 C:/ST/STM32CubeIDE_1.11.0/STM32CubeIDE/plugins/com.st.stm32cube.ide.mcu.externaltools.gnu-tools-for-stm32.12.3.rel1.win32_1.1.0.202410251130/tools/bin/../lib/gcc/arm-none-eabi/12.3.1/thumb/v7e-m+fp/hard/crtbegin.o

.rodata         0x0800a47c      0x178
                0x0800a47c                        . = ALIGN (0x4)
 *(.rodata)
 .rodata        0x0800a47c       0xe8 ./Core/Src/main.o
 .rodata        0x0800a564        0x9 ./Core/Src/parser_simple.o
 *fill*         0x0800a56d        0x3 
 .rodata        0x0800a570       0x1b ./USB_DEVICE/App/usbd_cdc_if.o
 *fill*         0x0800a58b        0x1 
 .rodata        0x0800a58c       0x46 ./USB_DEVICE/App/usbd_desc.o
 *(.rodata*)
 *fill*         0x0800a5d2        0x2 
 .rodata.AHBPrescTable
                0x0800a5d4       0x10 ./Core/Src/system_stm32f4xx.o
                0x0800a5d4                AHBPrescTable
 .rodata.APBPrescTable
                0x0800a5e4        0x8 ./Core/Src/system_stm32f4xx.o
                0x0800a5e4                APBPrescTable
 .rodata.flagBitshiftOffset.0
                0x0800a5ec        0x8 ./Drivers/STM32F4xx_HAL_Driver/Src/stm32f4xx_hal_dma.o
                0x0800a5f4                        . = ALIGN (0x4)

.ARM.extab      0x0800a5f4        0x0
                0x0800a5f4                        . = ALIGN (0x4)
 *(.ARM.extab* .gnu.linkonce.armextab.*)
                0x0800a5f4                        . = ALIGN (0x4)

.ARM            0x0800a5f4        0x8
                0x0800a5f4                        . = ALIGN (0x4)
                0x0800a5f4                        __exidx_start = .
 *(.ARM.exidx*)
 .ARM.exidx     0x0800a5f4        0x8 C:/ST/STM32CubeIDE_1.11.0/STM32CubeIDE/plugins/com.st.stm32cube.ide.mcu.externaltools.gnu-tools-for-stm32.12.3.rel1.win32_1.1.0.202410251130/tools/bin/../lib/gcc/arm-none-eabi/12.3.1/../../../../arm-none-eabi/lib/thumb/v7e-m+fp/hard\libc_nano.a(libc_a-strcmp.o)
 .ARM.exidx     0x0800a5fc        0x0 C:/ST/STM32CubeIDE_1.11.0/STM32CubeIDE/plugins/com.st.stm32cube.ide.mcu.externaltools.gnu-tools-for-stm32.12.3.rel1.win32_1.1.0.202410251130/tools/bin/../lib/gcc/arm-none-eabi/12.3.1/../../../../arm-none-eabi/lib/thumb/v7e-m+fp/hard\libc_nano.a(libc_a-strlen.o)
                                  0x8 (size before relaxing)
 .ARM.exidx     0x0800a5fc        0x0 C:/ST/STM32CubeIDE_1.11.0/STM32CubeIDE/plugins/com.st.stm32cube.ide.mcu.externaltools.gnu-tools-for-stm32.12.3.rel1.win32_1.1.0.202410251130/tools/bin/../lib/gcc/arm-none-eabi/12.3.1/thumb/v7e-m+fp/hard\libgcc.a(_udivmoddi4.o)
                                  0x8 (size before relaxing)
                0x0800a5fc                        __exidx_end = .
                0x0800a5fc                        . = ALIGN (0x4)

.preinit_array  0x0800a5fc        0x0
                0x0800a5fc                        . = ALIGN (0x4)
                0x0800a5fc                        PROVIDE (__preinit_array_start = .)
 *(.preinit_array*)
                0x0800a5fc                        PROVIDE (__preinit_array_end = .)
                0x0800a5fc                        . = ALIGN (0x4)

.init_array     0x0800a5fc        0x4
                0x0800a5fc                        . = ALIGN (0x4)
                0x0800a5fc                        PROVIDE (__init_array_start = .)
 *(SORT_BY_NAME(.init_array.*))
 *(.init_array*)
 .init_array    0x0800a5fc        0x4 C:/ST/STM32CubeIDE_1.11.0/STM32CubeIDE/plugins/com.st.stm32cube.ide.mcu.externaltools.gnu-tools-for-stm32.12.3.rel1.win32_1.1.0.202410251130/tools/bin/../lib/gcc/arm-none-eabi/12.3.1/thumb/v7e-m+fp/hard/crtbegin.o
                0x0800a600                        PROVIDE (__init_array_end = .)
                0x0800a600                        . = ALIGN (0x4)

.fini_array     0x0800a600        0x4
                0x0800a600                        . = ALIGN (0x4)
                [!provide]                        PROVIDE (__fini_array_start = .)
 *(SORT_BY_NAME(.fini_array.*))
 *(.fini_array*)
 .fini_array    0x0800a600        0x4 C:/ST/STM32CubeIDE_1.11.0/STM32CubeIDE/plugins/com.st.stm32cube.ide.mcu.externaltools.gnu-tools-for-stm32.12.3.rel1.win32_1.1.0.202410251130/tools/bin/../lib/gcc/arm-none-eabi/12.3.1/thumb/v7e-m+fp/hard/crtbegin.o
                [!provide]                        PROVIDE (__fini_array_end = .)
                0x0800a604                        . = ALIGN (0x4)
                0x0800a604                        _sidata = LOADADDR (.data)

.rel.dyn        0x0800a604        0x0
 .rel.iplt      0x0800a604        0x0 C:/ST/STM32CubeIDE_1.11.0/STM32CubeIDE/plugins/com.st.stm32cube.ide.mcu.externaltools.gnu-tools-for-stm32.12.3.rel1.win32_1.1.0.202410251130/tools/bin/../lib/gcc/arm-none-eabi/12.3.1/thumb/v7e-m+fp/hard/crtbegin.o

.data           0x20000000      0x120 load address 0x0800a604
                0x20000000                        . = ALIGN (0x4)
                0x20000000                        _sdata = .
 *(.data)
 *(.data*)
 .data.sectorkey
                0x20000000        0x6 ./Core/Src/main.o
                0x20000000                sectorkey
 .data.read_flag
                0x20000006        0x1 ./Core/Src/main.o
                0x20000006                read_flag
 *fill*         0x20000007        0x1 
 .data.send_buffer
                0x20000008       0x1a ./Core/Src/main.o
                0x20000008                send_buffer
 *fill*         0x20000022        0x2 
 .data.SystemCoreClock
                0x20000024        0x4 ./Core/Src/system_stm32f4xx.o
                0x20000024                SystemCoreClock
 .data.uwTickPrio
                0x20000028        0x4 ./Drivers/STM32F4xx_HAL_Driver/Src/stm32f4xx_hal.o
                0x20000028                uwTickPrio
 .data.uwTickFreq
                0x2000002c        0x1 ./Drivers/STM32F4xx_HAL_Driver/Src/stm32f4xx_hal.o
                0x2000002c                uwTickFreq
 *fill*         0x2000002d        0x3 
 .data.USBD_CDC_DeviceQualifierDesc
                0x20000030        0xa ./Middlewares/ST/STM32_USB_Device_Library/Class/CDC/Src/usbd_cdc.o
 *fill*         0x2000003a        0x2 
 .data.USBD_CDC
                0x2000003c       0x38 ./Middlewares/ST/STM32_USB_Device_Library/Class/CDC/Src/usbd_cdc.o
                0x2000003c                USBD_CDC
 .data.USBD_CDC_CfgDesc
                0x20000074       0x43 ./Middlewares/ST/STM32_USB_Device_Library/Class/CDC/Src/usbd_cdc.o
 .data.CDCInEpAdd
                0x200000b7        0x1 ./Middlewares/ST/STM32_USB_Device_Library/Class/CDC/Src/usbd_cdc.o
 .data.CDCOutEpAdd
                0x200000b8        0x1 ./Middlewares/ST/STM32_USB_Device_Library/Class/CDC/Src/usbd_cdc.o
 .data.CDCCmdEpAdd
                0x200000b9        0x1 ./Middlewares/ST/STM32_USB_Device_Library/Class/CDC/Src/usbd_cdc.o
 *fill*         0x200000ba        0x2 
 .data.USBD_Interface_fops_FS
                0x200000bc       0x14 ./USB_DEVICE/App/usbd_cdc_if.o
                0x200000bc                USBD_Interface_fops_FS
 .data.FS_Desc  0x200000d0       0x1c ./USB_DEVICE/App/usbd_desc.o
                0x200000d0                FS_Desc
 .data.USBD_FS_DeviceDesc
                0x200000ec       0x12 ./USB_DEVICE/App/usbd_desc.o
                0x200000ec                USBD_FS_DeviceDesc
 *fill*         0x200000fe        0x2 
 .data.USBD_LangIDDesc
                0x20000100        0x4 ./USB_DEVICE/App/usbd_desc.o
                0x20000100                USBD_LangIDDesc
 .data.USBD_StringSerial
                0x20000104       0x1a ./USB_DEVICE/App/usbd_desc.o
                0x20000104                USBD_StringSerial
 *(.RamFunc)
 *(.RamFunc*)
                0x20000120                        . = ALIGN (0x4)
 *fill*         0x2000011e        0x2 
                0x20000120                        _edata = .

.igot.plt       0x20000120        0x0 load address 0x0800a724
 .igot.plt      0x20000120        0x0 C:/ST/STM32CubeIDE_1.11.0/STM32CubeIDE/plugins/com.st.stm32cube.ide.mcu.externaltools.gnu-tools-for-stm32.12.3.rel1.win32_1.1.0.202410251130/tools/bin/../lib/gcc/arm-none-eabi/12.3.1/thumb/v7e-m+fp/hard/crtbegin.o
                0x20000120                        . = ALIGN (0x4)

.bss            0x20000120     0x1f00 load address 0x0800a724
                0x20000120                        _sbss = .
                0x20000120                        __bss_start__ = _sbss
 *(.bss)
 .bss           0x20000120       0x1c C:/ST/STM32CubeIDE_1.11.0/STM32CubeIDE/plugins/com.st.stm32cube.ide.mcu.externaltools.gnu-tools-for-stm32.12.3.rel1.win32_1.1.0.202410251130/tools/bin/../lib/gcc/arm-none-eabi/12.3.1/thumb/v7e-m+fp/hard/crtbegin.o
 *(.bss*)
 .bss.hi2c1     0x2000013c       0x54 ./Core/Src/i2c.o
                0x2000013c                hi2c1
 .bss.request_status
                0x20000190        0x1 ./Core/Src/main.o
                0x20000190                request_status
 .bss.anticoll_status
                0x20000191        0x1 ./Core/Src/main.o
                0x20000191                anticoll_status
 .bss.selecttag_status
                0x20000192        0x1 ./Core/Src/main.o
                0x20000192                selecttag_status
 .bss.auth_status
                0x20000193        0x1 ./Core/Src/main.o
                0x20000193                auth_status
 .bss.read_status
                0x20000194        0x1 ./Core/Src/main.o
                0x20000194                read_status
 *fill*         0x20000195        0x3 
 .bss.str       0x20000198        0x4 ./Core/Src/main.o
                0x20000198                str
 .bss.rec       0x2000019c        0xe ./Core/Src/main.o
                0x2000019c                rec
 *fill*         0x200001aa        0x2 
 .bss.rec_data  0x200001ac        0xe ./Core/Src/main.o
                0x200001ac                rec_data
 *fill*         0x200001ba        0x2 
 .bss.addr_d    0x200001bc        0x4 ./Core/Src/main.o
                0x200001bc                addr_d
 .bss.slave_addr
                0x200001c0        0x2 ./Core/Src/main.o
                0x200001c0                slave_addr
 *fill*         0x200001c2        0x2 
 .bss.rx_data   0x200001c4       0x40 ./Core/Src/main.o
                0x200001c4                rx_data
 .bss.rx_data_temp
                0x20000204        0x1 ./Core/Src/main.o
                0x20000204                rx_data_temp
 .bss.ReceviedLines
                0x20000205        0x1 ./Core/Src/main.o
                0x20000205                ReceviedLines
 *fill*         0x20000206        0x2 
 .bss.ReceivedData
                0x20000208       0x40 ./Core/Src/main.o
                0x20000208                ReceivedData
 .bss.hspi1     0x20000248       0x58 ./Core/Src/spi.o
                0x20000248                hspi1
 .bss.huart1    0x200002a0       0x48 ./Core/Src/usart.o
                0x200002a0                huart1
 .bss.huart2    0x200002e8       0x48 ./Core/Src/usart.o
                0x200002e8                huart2
 .bss.huart6    0x20000330       0x48 ./Core/Src/usart.o
                0x20000330                huart6
 .bss.hdma_usart6_rx
                0x20000378       0x60 ./Core/Src/usart.o
                0x20000378                hdma_usart6_rx
 .bss.hdma_usart6_tx
                0x200003d8       0x60 ./Core/Src/usart.o
                0x200003d8                hdma_usart6_tx
 .bss.uwTick    0x20000438        0x4 ./Drivers/STM32F4xx_HAL_Driver/Src/stm32f4xx_hal.o
                0x20000438                uwTick
 .bss.cfgidx.0  0x2000043c        0x1 ./Middlewares/ST/STM32_USB_Device_Library/Core/Src/usbd_ctlreq.o
 *fill*         0x2000043d        0x3 
 .bss.hUsbDeviceFS
                0x20000440      0x2dc ./USB_DEVICE/App/usb_device.o
                0x20000440                hUsbDeviceFS
 .bss.UserRxBufferFS
                0x2000071c      0x800 ./USB_DEVICE/App/usbd_cdc_if.o
                0x2000071c                UserRxBufferFS
 .bss.UserTxBufferFS
                0x20000f1c      0x800 ./USB_DEVICE/App/usbd_cdc_if.o
                0x20000f1c                UserTxBufferFS
 .bss.USBD_StrDesc
                0x2000171c      0x200 ./USB_DEVICE/App/usbd_desc.o
                0x2000171c                USBD_StrDesc
 .bss.hpcd_USB_OTG_FS
                0x2000191c      0x4e4 ./USB_DEVICE/Target/usbd_conf.o
                0x2000191c                hpcd_USB_OTG_FS
 .bss.mem.0     0x20001e00      0x220 ./USB_DEVICE/Target/usbd_conf.o
 *(COMMON)
                0x20002020                        . = ALIGN (0x4)
                0x20002020                        _ebss = .
                0x20002020                        __bss_end__ = _ebss

._user_heap_stack
                0x20002020     0x1800 load address 0x0800a724
                0x20002020                        . = ALIGN (0x8)
                [!provide]                        PROVIDE (end = .)
                0x20002020                        PROVIDE (_end = .)
                0x20002820                        . = (. + _Min_Heap_Size)
 *fill*         0x20002020      0x800 
                0x20003820                        . = (. + _Min_Stack_Size)
 *fill*         0x20002820     0x1000 
                0x20003820                        . = ALIGN (0x8)

/DISCARD/
 libc.a(*)
 libm.a(*)
 libgcc.a(*)

.ARM.attributes
                0x00000000       0x30
 *(.ARM.attributes)
 .ARM.attributes
                0x00000000       0x22 C:/ST/STM32CubeIDE_1.11.0/STM32CubeIDE/plugins/com.st.stm32cube.ide.mcu.externaltools.gnu-tools-for-stm32.12.3.rel1.win32_1.1.0.202410251130/tools/bin/../lib/gcc/arm-none-eabi/12.3.1/thumb/v7e-m+fp/hard/crti.o
 .ARM.attributes
                0x00000022       0x34 C:/ST/STM32CubeIDE_1.11.0/STM32CubeIDE/plugins/com.st.stm32cube.ide.mcu.externaltools.gnu-tools-for-stm32.12.3.rel1.win32_1.1.0.202410251130/tools/bin/../lib/gcc/arm-none-eabi/12.3.1/thumb/v7e-m+fp/hard/crtbegin.o
 .ARM.attributes
                0x00000056       0x34 ./Core/Src/dma.o
 .ARM.attributes
                0x0000008a       0x34 ./Core/Src/gpio.o
 .ARM.attributes
                0x000000be       0x34 ./Core/Src/i2c.o
 .ARM.attributes
                0x000000f2       0x34 ./Core/Src/main.o
 .ARM.attributes
                0x00000126       0x34 ./Core/Src/parser_simple.o
 .ARM.attributes
                0x0000015a       0x34 ./Core/Src/rc522.o
 .ARM.attributes
                0x0000018e       0x34 ./Core/Src/ring_buffer.o
 .ARM.attributes
                0x000001c2       0x34 ./Core/Src/spi.o
 .ARM.attributes
                0x000001f6       0x34 ./Core/Src/stm32f4xx_hal_msp.o
 .ARM.attributes
                0x0000022a       0x34 ./Core/Src/stm32f4xx_it.o
 .ARM.attributes
                0x0000025e       0x34 ./Core/Src/system_stm32f4xx.o
 .ARM.attributes
                0x00000292       0x34 ./Core/Src/usart.o
 .ARM.attributes
                0x000002c6       0x21 ./Core/Startup/startup_stm32f411retx.o
 .ARM.attributes
                0x000002e7       0x34 ./Drivers/STM32F4xx_HAL_Driver/Src/stm32f4xx_hal.o
 .ARM.attributes
                0x0000031b       0x34 ./Drivers/STM32F4xx_HAL_Driver/Src/stm32f4xx_hal_cortex.o
 .ARM.attributes
                0x0000034f       0x34 ./Drivers/STM32F4xx_HAL_Driver/Src/stm32f4xx_hal_dma.o
 .ARM.attributes
                0x00000383       0x34 ./Drivers/STM32F4xx_HAL_Driver/Src/stm32f4xx_hal_gpio.o
 .ARM.attributes
                0x000003b7       0x34 ./Drivers/STM32F4xx_HAL_Driver/Src/stm32f4xx_hal_i2c.o
 .ARM.attributes
                0x000003eb       0x34 ./Drivers/STM32F4xx_HAL_Driver/Src/stm32f4xx_hal_pcd.o
 .ARM.attributes
                0x0000041f       0x34 ./Drivers/STM32F4xx_HAL_Driver/Src/stm32f4xx_hal_pcd_ex.o
 .ARM.attributes
                0x00000453       0x34 ./Drivers/STM32F4xx_HAL_Driver/Src/stm32f4xx_hal_rcc.o
 .ARM.attributes
                0x00000487       0x34 ./Drivers/STM32F4xx_HAL_Driver/Src/stm32f4xx_hal_spi.o
 .ARM.attributes
                0x000004bb       0x34 ./Drivers/STM32F4xx_HAL_Driver/Src/stm32f4xx_hal_uart.o
 .ARM.attributes
                0x000004ef       0x34 ./Drivers/STM32F4xx_HAL_Driver/Src/stm32f4xx_ll_usb.o
 .ARM.attributes
                0x00000523       0x34 ./Middlewares/ST/STM32_USB_Device_Library/Class/CDC/Src/usbd_cdc.o
 .ARM.attributes
                0x00000557       0x34 ./Middlewares/ST/STM32_USB_Device_Library/Core/Src/usbd_core.o
 .ARM.attributes
                0x0000058b       0x34 ./Middlewares/ST/STM32_USB_Device_Library/Core/Src/usbd_ctlreq.o
 .ARM.attributes
                0x000005bf       0x34 ./Middlewares/ST/STM32_USB_Device_Library/Core/Src/usbd_ioreq.o
 .ARM.attributes
                0x000005f3       0x34 ./USB_DEVICE/App/usb_device.o
 .ARM.attributes
                0x00000627       0x34 ./USB_DEVICE/App/usbd_cdc_if.o
 .ARM.attributes
                0x0000065b       0x34 ./USB_DEVICE/App/usbd_desc.o
 .ARM.attributes
                0x0000068f       0x34 ./USB_DEVICE/Target/usbd_conf.o
 .ARM.attributes
                0x000006c3       0x34 C:/ST/STM32CubeIDE_1.11.0/STM32CubeIDE/plugins/com.st.stm32cube.ide.mcu.externaltools.gnu-tools-for-stm32.12.3.rel1.win32_1.1.0.202410251130/tools/bin/../lib/gcc/arm-none-eabi/12.3.1/../../../../arm-none-eabi/lib/thumb/v7e-m+fp/hard\libc_nano.a(libc_a-memset.o)
 .ARM.attributes
                0x000006f7       0x34 C:/ST/STM32CubeIDE_1.11.0/STM32CubeIDE/plugins/com.st.stm32cube.ide.mcu.externaltools.gnu-tools-for-stm32.12.3.rel1.win32_1.1.0.202410251130/tools/bin/../lib/gcc/arm-none-eabi/12.3.1/../../../../arm-none-eabi/lib/thumb/v7e-m+fp/hard\libc_nano.a(libc_a-strncmp.o)
 .ARM.attributes
                0x0000072b       0x34 C:/ST/STM32CubeIDE_1.11.0/STM32CubeIDE/plugins/com.st.stm32cube.ide.mcu.externaltools.gnu-tools-for-stm32.12.3.rel1.win32_1.1.0.202410251130/tools/bin/../lib/gcc/arm-none-eabi/12.3.1/../../../../arm-none-eabi/lib/thumb/v7e-m+fp/hard\libc_nano.a(libc_a-init.o)
 .ARM.attributes
                0x0000075f       0x20 C:/ST/STM32CubeIDE_1.11.0/STM32CubeIDE/plugins/com.st.stm32cube.ide.mcu.externaltools.gnu-tools-for-stm32.12.3.rel1.win32_1.1.0.202410251130/tools/bin/../lib/gcc/arm-none-eabi/12.3.1/../../../../arm-none-eabi/lib/thumb/v7e-m+fp/hard\libc_nano.a(libc_a-strcmp.o)
 .ARM.attributes
                0x0000077f       0x17 C:/ST/STM32CubeIDE_1.11.0/STM32CubeIDE/plugins/com.st.stm32cube.ide.mcu.externaltools.gnu-tools-for-stm32.12.3.rel1.win32_1.1.0.202410251130/tools/bin/../lib/gcc/arm-none-eabi/12.3.1/../../../../arm-none-eabi/lib/thumb/v7e-m+fp/hard\libc_nano.a(libc_a-strlen.o)
 .ARM.attributes
                0x00000796       0x22 C:/ST/STM32CubeIDE_1.11.0/STM32CubeIDE/plugins/com.st.stm32cube.ide.mcu.externaltools.gnu-tools-for-stm32.12.3.rel1.win32_1.1.0.202410251130/tools/bin/../lib/gcc/arm-none-eabi/12.3.1/thumb/v7e-m+fp/hard\libgcc.a(_aeabi_uldivmod.o)
 .ARM.attributes
                0x000007b8       0x34 C:/ST/STM32CubeIDE_1.11.0/STM32CubeIDE/plugins/com.st.stm32cube.ide.mcu.externaltools.gnu-tools-for-stm32.12.3.rel1.win32_1.1.0.202410251130/tools/bin/../lib/gcc/arm-none-eabi/12.3.1/thumb/v7e-m+fp/hard\libgcc.a(_udivmoddi4.o)
 .ARM.attributes
                0x000007ec       0x22 C:/ST/STM32CubeIDE_1.11.0/STM32CubeIDE/plugins/com.st.stm32cube.ide.mcu.externaltools.gnu-tools-for-stm32.12.3.rel1.win32_1.1.0.202410251130/tools/bin/../lib/gcc/arm-none-eabi/12.3.1/thumb/v7e-m+fp/hard\libgcc.a(_dvmd_tls.o)
 .ARM.attributes
                0x0000080e       0x22 C:/ST/STM32CubeIDE_1.11.0/STM32CubeIDE/plugins/com.st.stm32cube.ide.mcu.externaltools.gnu-tools-for-stm32.12.3.rel1.win32_1.1.0.202410251130/tools/bin/../lib/gcc/arm-none-eabi/12.3.1/thumb/v7e-m+fp/hard/crtn.o
OUTPUT(RFID_F411_v0_3.elf elf32-littlearm)
LOAD linker stubs
LOAD C:/ST/STM32CubeIDE_1.11.0/STM32CubeIDE/plugins/com.st.stm32cube.ide.mcu.externaltools.gnu-tools-for-stm32.12.3.rel1.win32_1.1.0.202410251130/tools/bin/../lib/gcc/arm-none-eabi/12.3.1/../../../../arm-none-eabi/lib/thumb/v7e-m+fp/hard\libc.a
LOAD C:/ST/STM32CubeIDE_1.11.0/STM32CubeIDE/plugins/com.st.stm32cube.ide.mcu.externaltools.gnu-tools-for-stm32.12.3.rel1.win32_1.1.0.202410251130/tools/bin/../lib/gcc/arm-none-eabi/12.3.1/../../../../arm-none-eabi/lib/thumb/v7e-m+fp/hard\libm.a
LOAD C:/ST/STM32CubeIDE_1.11.0/STM32CubeIDE/plugins/com.st.stm32cube.ide.mcu.externaltools.gnu-tools-for-stm32.12.3.rel1.win32_1.1.0.202410251130/tools/bin/../lib/gcc/arm-none-eabi/12.3.1/thumb/v7e-m+fp/hard\libgcc.a

.debug_info     0x00000000    0x18dff
 .debug_info    0x00000000      0x445 ./Core/Src/dma.o
 .debug_info    0x00000445      0x44f ./Core/Src/gpio.o
 .debug_info    0x00000894      0x9a5 ./Core/Src/i2c.o
 .debug_info    0x00001239     0x1065 ./Core/Src/main.o
 .debug_info    0x0000229e      0x26b ./Core/Src/parser_simple.o
 .debug_info    0x00002509      0xc51 ./Core/Src/rc522.o
 .debug_info    0x0000315a      0x1bf ./Core/Src/ring_buffer.o
 .debug_info    0x00003319      0x980 ./Core/Src/spi.o
 .debug_info    0x00003c99      0x2a4 ./Core/Src/stm32f4xx_hal_msp.o
 .debug_info    0x00003f3d      0xc08 ./Core/Src/stm32f4xx_it.o
 .debug_info    0x00004b45      0x53e ./Core/Src/system_stm32f4xx.o
 .debug_info    0x00005083      0xc2f ./Core/Src/usart.o
 .debug_info    0x00005cb2       0x30 ./Core/Startup/startup_stm32f411retx.o
 .debug_info    0x00005ce2      0x8c4 ./Drivers/STM32F4xx_HAL_Driver/Src/stm32f4xx_hal.o
 .debug_info    0x000065a6      0xcfc ./Drivers/STM32F4xx_HAL_Driver/Src/stm32f4xx_hal_cortex.o
 .debug_info    0x000072a2      0x8e6 ./Drivers/STM32F4xx_HAL_Driver/Src/stm32f4xx_hal_dma.o
 .debug_info    0x00007b88      0x6f9 ./Drivers/STM32F4xx_HAL_Driver/Src/stm32f4xx_hal_gpio.o
 .debug_info    0x00008281     0x2426 ./Drivers/STM32F4xx_HAL_Driver/Src/stm32f4xx_hal_i2c.o
 .debug_info    0x0000a6a7     0x1577 ./Drivers/STM32F4xx_HAL_Driver/Src/stm32f4xx_hal_pcd.o
 .debug_info    0x0000bc1e      0x6ea ./Drivers/STM32F4xx_HAL_Driver/Src/stm32f4xx_hal_pcd_ex.o
 .debug_info    0x0000c308      0x8f0 ./Drivers/STM32F4xx_HAL_Driver/Src/stm32f4xx_hal_rcc.o
 .debug_info    0x0000cbf8     0x1530 ./Drivers/STM32F4xx_HAL_Driver/Src/stm32f4xx_hal_spi.o
 .debug_info    0x0000e128     0x2f56 ./Drivers/STM32F4xx_HAL_Driver/Src/stm32f4xx_hal_uart.o
 .debug_info    0x0001107e     0x1993 ./Drivers/STM32F4xx_HAL_Driver/Src/stm32f4xx_ll_usb.o
 .debug_info    0x00012a11     0x12a3 ./Middlewares/ST/STM32_USB_Device_Library/Class/CDC/Src/usbd_cdc.o
 .debug_info    0x00013cb4      0xe05 ./Middlewares/ST/STM32_USB_Device_Library/Core/Src/usbd_core.o
 .debug_info    0x00014ab9      0xade ./Middlewares/ST/STM32_USB_Device_Library/Core/Src/usbd_ctlreq.o
 .debug_info    0x00015597      0x755 ./Middlewares/ST/STM32_USB_Device_Library/Core/Src/usbd_ioreq.o
 .debug_info    0x00015cec      0x701 ./USB_DEVICE/App/usb_device.o
 .debug_info    0x000163ed      0x9b5 ./USB_DEVICE/App/usbd_cdc_if.o
 .debug_info    0x00016da2      0x458 ./USB_DEVICE/App/usbd_desc.o
 .debug_info    0x000171fa     0x1c05 ./USB_DEVICE/Target/usbd_conf.o

.debug_abbrev   0x00000000     0x430f
 .debug_abbrev  0x00000000      0x10e ./Core/Src/dma.o
 .debug_abbrev  0x0000010e      0x151 ./Core/Src/gpio.o
 .debug_abbrev  0x0000025f      0x1f0 ./Core/Src/i2c.o
 .debug_abbrev  0x0000044f      0x2a3 ./Core/Src/main.o
 .debug_abbrev  0x000006f2      0x199 ./Core/Src/parser_simple.o
 .debug_abbrev  0x0000088b      0x2a3 ./Core/Src/rc522.o
 .debug_abbrev  0x00000b2e      0x11d ./Core/Src/ring_buffer.o
 .debug_abbrev  0x00000c4b      0x1f8 ./Core/Src/spi.o
 .debug_abbrev  0x00000e43       0xf4 ./Core/Src/stm32f4xx_hal_msp.o
 .debug_abbrev  0x00000f37      0x209 ./Core/Src/stm32f4xx_it.o
 .debug_abbrev  0x00001140      0x11a ./Core/Src/system_stm32f4xx.o
 .debug_abbrev  0x0000125a      0x233 ./Core/Src/usart.o
 .debug_abbrev  0x0000148d       0x24 ./Core/Startup/startup_stm32f411retx.o
 .debug_abbrev  0x000014b1      0x24b ./Drivers/STM32F4xx_HAL_Driver/Src/stm32f4xx_hal.o
 .debug_abbrev  0x000016fc      0x31d ./Drivers/STM32F4xx_HAL_Driver/Src/stm32f4xx_hal_cortex.o
 .debug_abbrev  0x00001a19      0x221 ./Drivers/STM32F4xx_HAL_Driver/Src/stm32f4xx_hal_dma.o
 .debug_abbrev  0x00001c3a      0x1d3 ./Drivers/STM32F4xx_HAL_Driver/Src/stm32f4xx_hal_gpio.o
 .debug_abbrev  0x00001e0d      0x2bc ./Drivers/STM32F4xx_HAL_Driver/Src/stm32f4xx_hal_i2c.o
 .debug_abbrev  0x000020c9      0x2b6 ./Drivers/STM32F4xx_HAL_Driver/Src/stm32f4xx_hal_pcd.o
 .debug_abbrev  0x0000237f      0x1da ./Drivers/STM32F4xx_HAL_Driver/Src/stm32f4xx_hal_pcd_ex.o
 .debug_abbrev  0x00002559      0x2b6 ./Drivers/STM32F4xx_HAL_Driver/Src/stm32f4xx_hal_rcc.o
 .debug_abbrev  0x0000280f      0x276 ./Drivers/STM32F4xx_HAL_Driver/Src/stm32f4xx_hal_spi.o
 .debug_abbrev  0x00002a85      0x31b ./Drivers/STM32F4xx_HAL_Driver/Src/stm32f4xx_hal_uart.o
 .debug_abbrev  0x00002da0      0x2b3 ./Drivers/STM32F4xx_HAL_Driver/Src/stm32f4xx_ll_usb.o
 .debug_abbrev  0x00003053      0x2d2 ./Middlewares/ST/STM32_USB_Device_Library/Class/CDC/Src/usbd_cdc.o
 .debug_abbrev  0x00003325      0x27c ./Middlewares/ST/STM32_USB_Device_Library/Core/Src/usbd_core.o
 .debug_abbrev  0x000035a1      0x26f ./Middlewares/ST/STM32_USB_Device_Library/Core/Src/usbd_ctlreq.o
 .debug_abbrev  0x00003810      0x19a ./Middlewares/ST/STM32_USB_Device_Library/Core/Src/usbd_ioreq.o
 .debug_abbrev  0x000039aa      0x195 ./USB_DEVICE/App/usb_device.o
 .debug_abbrev  0x00003b3f      0x2b0 ./USB_DEVICE/App/usbd_cdc_if.o
 .debug_abbrev  0x00003def      0x1e1 ./USB_DEVICE/App/usbd_desc.o
 .debug_abbrev  0x00003fd0      0x33f ./USB_DEVICE/Target/usbd_conf.o

.debug_aranges  0x00000000     0x1478
 .debug_aranges
                0x00000000       0x20 ./Core/Src/dma.o
 .debug_aranges
                0x00000020       0x20 ./Core/Src/gpio.o
 .debug_aranges
                0x00000040       0x30 ./Core/Src/i2c.o
 .debug_aranges
                0x00000070       0x58 ./Core/Src/main.o
 .debug_aranges
                0x000000c8       0x28 ./Core/Src/parser_simple.o
 .debug_aranges
                0x000000f0       0xa8 ./Core/Src/rc522.o
 .debug_aranges
                0x00000198       0x30 ./Core/Src/ring_buffer.o
 .debug_aranges
                0x000001c8       0x30 ./Core/Src/spi.o
 .debug_aranges
                0x000001f8       0x20 ./Core/Src/stm32f4xx_hal_msp.o
 .debug_aranges
                0x00000218       0x80 ./Core/Src/stm32f4xx_it.o
 .debug_aranges
                0x00000298       0x28 ./Core/Src/system_stm32f4xx.o
 .debug_aranges
                0x000002c0       0x40 ./Core/Src/usart.o
 .debug_aranges
                0x00000300       0x28 ./Core/Startup/startup_stm32f411retx.o
 .debug_aranges
                0x00000328       0xf0 ./Drivers/STM32F4xx_HAL_Driver/Src/stm32f4xx_hal.o
 .debug_aranges
                0x00000418      0x130 ./Drivers/STM32F4xx_HAL_Driver/Src/stm32f4xx_hal_cortex.o
 .debug_aranges
                0x00000548       0x90 ./Drivers/STM32F4xx_HAL_Driver/Src/stm32f4xx_hal_dma.o
 .debug_aranges
                0x000005d8       0x58 ./Drivers/STM32F4xx_HAL_Driver/Src/stm32f4xx_hal_gpio.o
 .debug_aranges
                0x00000630      0x2a8 ./Drivers/STM32F4xx_HAL_Driver/Src/stm32f4xx_hal_i2c.o
 .debug_aranges
                0x000008d8      0x148 ./Drivers/STM32F4xx_HAL_Driver/Src/stm32f4xx_hal_pcd.o
 .debug_aranges
                0x00000a20       0x38 ./Drivers/STM32F4xx_HAL_Driver/Src/stm32f4xx_hal_pcd_ex.o
 .debug_aranges
                0x00000a58       0x88 ./Drivers/STM32F4xx_HAL_Driver/Src/stm32f4xx_hal_rcc.o
 .debug_aranges
                0x00000ae0      0x1d0 ./Drivers/STM32F4xx_HAL_Driver/Src/stm32f4xx_hal_spi.o
 .debug_aranges
                0x00000cb0      0x208 ./Drivers/STM32F4xx_HAL_Driver/Src/stm32f4xx_hal_uart.o
 .debug_aranges
                0x00000eb8      0x1a0 ./Drivers/STM32F4xx_HAL_Driver/Src/stm32f4xx_ll_usb.o
 .debug_aranges
                0x00001058       0x90 ./Middlewares/ST/STM32_USB_Device_Library/Class/CDC/Src/usbd_cdc.o
 .debug_aranges
                0x000010e8       0xd8 ./Middlewares/ST/STM32_USB_Device_Library/Core/Src/usbd_core.o
 .debug_aranges
                0x000011c0       0x90 ./Middlewares/ST/STM32_USB_Device_Library/Core/Src/usbd_ctlreq.o
 .debug_aranges
                0x00001250       0x50 ./Middlewares/ST/STM32_USB_Device_Library/Core/Src/usbd_ioreq.o
 .debug_aranges
                0x000012a0       0x20 ./USB_DEVICE/App/usb_device.o
 .debug_aranges
                0x000012c0       0x48 ./USB_DEVICE/App/usbd_cdc_if.o
 .debug_aranges
                0x00001308       0x60 ./USB_DEVICE/App/usbd_desc.o
 .debug_aranges
                0x00001368      0x110 ./USB_DEVICE/Target/usbd_conf.o

.debug_rnglists
                0x00000000      0xfa2
 .debug_rnglists
                0x00000000       0x13 ./Core/Src/dma.o
 .debug_rnglists
                0x00000013       0x14 ./Core/Src/gpio.o
 .debug_rnglists
                0x00000027       0x20 ./Core/Src/i2c.o
 .debug_rnglists
                0x00000047       0x41 ./Core/Src/main.o
 .debug_rnglists
                0x00000088       0x19 ./Core/Src/parser_simple.o
 .debug_rnglists
                0x000000a1       0x7e ./Core/Src/rc522.o
 .debug_rnglists
                0x0000011f       0x1f ./Core/Src/ring_buffer.o
 .debug_rnglists
                0x0000013e       0x20 ./Core/Src/spi.o
 .debug_rnglists
                0x0000015e       0x13 ./Core/Src/stm32f4xx_hal_msp.o
 .debug_rnglists
                0x00000171       0x5b ./Core/Src/stm32f4xx_it.o
 .debug_rnglists
                0x000001cc       0x1a ./Core/Src/system_stm32f4xx.o
 .debug_rnglists
                0x000001e6       0x2d ./Core/Src/usart.o
 .debug_rnglists
                0x00000213       0x19 ./Core/Startup/startup_stm32f411retx.o
 .debug_rnglists
                0x0000022c       0xaf ./Drivers/STM32F4xx_HAL_Driver/Src/stm32f4xx_hal.o
 .debug_rnglists
                0x000002db       0xe0 ./Drivers/STM32F4xx_HAL_Driver/Src/stm32f4xx_hal_cortex.o
 .debug_rnglists
                0x000003bb       0x70 ./Drivers/STM32F4xx_HAL_Driver/Src/stm32f4xx_hal_dma.o
 .debug_rnglists
                0x0000042b       0x3f ./Drivers/STM32F4xx_HAL_Driver/Src/stm32f4xx_hal_gpio.o
 .debug_rnglists
                0x0000046a      0x23c ./Drivers/STM32F4xx_HAL_Driver/Src/stm32f4xx_hal_i2c.o
 .debug_rnglists
                0x000006a6       0xfa ./Drivers/STM32F4xx_HAL_Driver/Src/stm32f4xx_hal_pcd.o
 .debug_rnglists
                0x000007a0       0x26 ./Drivers/STM32F4xx_HAL_Driver/Src/stm32f4xx_hal_pcd_ex.o
 .debug_rnglists
                0x000007c6       0x66 ./Drivers/STM32F4xx_HAL_Driver/Src/stm32f4xx_hal_rcc.o
 .debug_rnglists
                0x0000082c      0x16f ./Drivers/STM32F4xx_HAL_Driver/Src/stm32f4xx_hal_spi.o
 .debug_rnglists
                0x0000099b      0x1bc ./Drivers/STM32F4xx_HAL_Driver/Src/stm32f4xx_hal_uart.o
 .debug_rnglists
                0x00000b57      0x147 ./Drivers/STM32F4xx_HAL_Driver/Src/stm32f4xx_ll_usb.o
 .debug_rnglists
                0x00000c9e       0x6c ./Middlewares/ST/STM32_USB_Device_Library/Class/CDC/Src/usbd_cdc.o
 .debug_rnglists
                0x00000d0a       0xa1 ./Middlewares/ST/STM32_USB_Device_Library/Core/Src/usbd_core.o
 .debug_rnglists
                0x00000dab       0x6e ./Middlewares/ST/STM32_USB_Device_Library/Core/Src/usbd_ctlreq.o
 .debug_rnglists
                0x00000e19       0x37 ./Middlewares/ST/STM32_USB_Device_Library/Core/Src/usbd_ioreq.o
 .debug_rnglists
                0x00000e50       0x13 ./USB_DEVICE/App/usb_device.o
 .debug_rnglists
                0x00000e63       0x33 ./USB_DEVICE/App/usbd_cdc_if.o
 .debug_rnglists
                0x00000e96       0x43 ./USB_DEVICE/App/usbd_desc.o
 .debug_rnglists
                0x00000ed9       0xc9 ./USB_DEVICE/Target/usbd_conf.o

.debug_macro    0x00000000    0x1a5b2
 .debug_macro   0x00000000      0x21a ./Core/Src/dma.o
 .debug_macro   0x0000021a      0xab4 ./Core/Src/dma.o
 .debug_macro   0x00000cce      0x2a7 ./Core/Src/dma.o
 .debug_macro   0x00000f75       0x2e ./Core/Src/dma.o
 .debug_macro   0x00000fa3       0x28 ./Core/Src/dma.o
 .debug_macro   0x00000fcb       0x22 ./Core/Src/dma.o
 .debug_macro   0x00000fed       0x8e ./Core/Src/dma.o
 .debug_macro   0x0000107b       0x51 ./Core/Src/dma.o
 .debug_macro   0x000010cc      0x103 ./Core/Src/dma.o
 .debug_macro   0x000011cf       0x6a ./Core/Src/dma.o
 .debug_macro   0x00001239      0x1df ./Core/Src/dma.o
 .debug_macro   0x00001418       0x1c ./Core/Src/dma.o
 .debug_macro   0x00001434       0x22 ./Core/Src/dma.o
 .debug_macro   0x00001456       0xfb ./Core/Src/dma.o
 .debug_macro   0x00001551     0x1011 ./Core/Src/dma.o
 .debug_macro   0x00002562      0x11f ./Core/Src/dma.o
 .debug_macro   0x00002681     0xb953 ./Core/Src/dma.o
 .debug_macro   0x0000dfd4       0x6d ./Core/Src/dma.o
 .debug_macro   0x0000e041     0x369a ./Core/Src/dma.o
 .debug_macro   0x000116db      0x189 ./Core/Src/dma.o
 .debug_macro   0x00011864       0x5c ./Core/Src/dma.o
 .debug_macro   0x000118c0      0x45c ./Core/Src/dma.o
 .debug_macro   0x00011d1c      0x9e9 ./Core/Src/dma.o
 .debug_macro   0x00012705      0x115 ./Core/Src/dma.o
 .debug_macro   0x0001281a      0x11b ./Core/Src/dma.o
 .debug_macro   0x00012935       0xa5 ./Core/Src/dma.o
 .debug_macro   0x000129da      0x15f ./Core/Src/dma.o
 .debug_macro   0x00012b39      0x287 ./Core/Src/dma.o
 .debug_macro   0x00012dc0       0x5f ./Core/Src/dma.o
 .debug_macro   0x00012e1f      0x236 ./Core/Src/dma.o
 .debug_macro   0x00013055      0x132 ./Core/Src/dma.o
 .debug_macro   0x00013187      0x264 ./Core/Src/dma.o
 .debug_macro   0x000133eb       0x2e ./Core/Src/dma.o
 .debug_macro   0x00013419      0x1b5 ./Core/Src/dma.o
 .debug_macro   0x000135ce       0x22 ./Core/Src/dma.o
 .debug_macro   0x000135f0       0xd6 ./Core/Src/dma.o
 .debug_macro   0x000136c6      0x127 ./Core/Src/dma.o
 .debug_macro   0x000137ed       0x85 ./Core/Src/dma.o
 .debug_macro   0x00013872       0x89 ./Core/Src/dma.o
 .debug_macro   0x000138fb      0x225 ./Core/Src/dma.o
 .debug_macro   0x00013b20      0x2aa ./Core/Src/dma.o
 .debug_macro   0x00013dca      0x293 ./Core/Src/dma.o
 .debug_macro   0x0001405d       0xba ./Core/Src/dma.o
 .debug_macro   0x00014117      0x126 ./Core/Src/dma.o
 .debug_macro   0x0001423d       0xf4 ./Core/Src/dma.o
 .debug_macro   0x00014331      0x21a ./Core/Src/gpio.o
 .debug_macro   0x0001454b      0x21a ./Core/Src/i2c.o
 .debug_macro   0x00014765      0x3ce ./Core/Src/main.o
 .debug_macro   0x00014b33       0x61 ./Core/Src/main.o
 .debug_macro   0x00014b94       0x2a ./Core/Src/main.o
 .debug_macro   0x00014bbe       0x43 ./Core/Src/main.o
 .debug_macro   0x00014c01       0x34 ./Core/Src/main.o
 .debug_macro   0x00014c35       0x16 ./Core/Src/main.o
 .debug_macro   0x00014c4b       0x35 ./Core/Src/main.o
 .debug_macro   0x00014c80      0x369 ./Core/Src/main.o
 .debug_macro   0x00014fe9       0x10 ./Core/Src/main.o
 .debug_macro   0x00014ff9       0x16 ./Core/Src/main.o
 .debug_macro   0x0001500f       0x43 ./Core/Src/main.o
 .debug_macro   0x00015052       0x34 ./Core/Src/main.o
 .debug_macro   0x00015086       0x10 ./Core/Src/main.o
 .debug_macro   0x00015096       0x58 ./Core/Src/main.o
 .debug_macro   0x000150ee       0x8e ./Core/Src/main.o
 .debug_macro   0x0001517c       0x1c ./Core/Src/main.o
 .debug_macro   0x00015198      0x177 ./Core/Src/main.o
 .debug_macro   0x0001530f       0x16 ./Core/Src/main.o
 .debug_macro   0x00015325       0x16 ./Core/Src/main.o
 .debug_macro   0x0001533b      0x146 ./Core/Src/main.o
 .debug_macro   0x00015481       0x16 ./Core/Src/main.o
 .debug_macro   0x00015497       0x16 ./Core/Src/main.o
 .debug_macro   0x000154ad       0x29 ./Core/Src/main.o
 .debug_macro   0x000154d6       0x16 ./Core/Src/main.o
 .debug_macro   0x000154ec       0x20 ./Core/Src/main.o
 .debug_macro   0x0001550c       0x65 ./Core/Src/main.o
 .debug_macro   0x00015571      0x20f ./Core/Src/main.o
 .debug_macro   0x00015780      0x23e ./Core/Src/main.o
 .debug_macro   0x000159be       0x22 ./Core/Src/main.o
 .debug_macro   0x000159e0       0x10 ./Core/Src/main.o
 .debug_macro   0x000159f0       0x10 ./Core/Src/main.o
 .debug_macro   0x00015a00      0x2f0 ./Core/Src/parser_simple.o
 .debug_macro   0x00015cf0       0x10 ./Core/Src/parser_simple.o
 .debug_macro   0x00015d00      0x20a ./Core/Src/rc522.o
 .debug_macro   0x00015f0a      0x219 ./Core/Src/ring_buffer.o
 .debug_macro   0x00016123      0x21a ./Core/Src/spi.o
 .debug_macro   0x0001633d      0x210 ./Core/Src/stm32f4xx_hal_msp.o
 .debug_macro   0x0001654d      0x228 ./Core/Src/stm32f4xx_it.o
 .debug_macro   0x00016775      0x201 ./Core/Src/system_stm32f4xx.o
 .debug_macro   0x00016976      0x21a ./Core/Src/usart.o
 .debug_macro   0x00016b90      0x261 ./Drivers/STM32F4xx_HAL_Driver/Src/stm32f4xx_hal.o
 .debug_macro   0x00016df1      0x201 ./Drivers/STM32F4xx_HAL_Driver/Src/stm32f4xx_hal_cortex.o
 .debug_macro   0x00016ff2      0x207 ./Drivers/STM32F4xx_HAL_Driver/Src/stm32f4xx_hal_dma.o
 .debug_macro   0x000171f9      0x207 ./Drivers/STM32F4xx_HAL_Driver/Src/stm32f4xx_hal_gpio.o
 .debug_macro   0x00017400      0x24f ./Drivers/STM32F4xx_HAL_Driver/Src/stm32f4xx_hal_i2c.o
 .debug_macro   0x0001764f      0x20d ./Drivers/STM32F4xx_HAL_Driver/Src/stm32f4xx_hal_pcd.o
 .debug_macro   0x0001785c      0x201 ./Drivers/STM32F4xx_HAL_Driver/Src/stm32f4xx_hal_pcd_ex.o
 .debug_macro   0x00017a5d      0x225 ./Drivers/STM32F4xx_HAL_Driver/Src/stm32f4xx_hal_rcc.o
 .debug_macro   0x00017c82      0x210 ./Drivers/STM32F4xx_HAL_Driver/Src/stm32f4xx_hal_spi.o
 .debug_macro   0x00017e92      0x202 ./Drivers/STM32F4xx_HAL_Driver/Src/stm32f4xx_hal_uart.o
 .debug_macro   0x00018094      0x201 ./Drivers/STM32F4xx_HAL_Driver/Src/stm32f4xx_ll_usb.o
 .debug_macro   0x00018295      0x39f ./Middlewares/ST/STM32_USB_Device_Library/Class/CDC/Src/usbd_cdc.o
 .debug_macro   0x00018634       0x9e ./Middlewares/ST/STM32_USB_Device_Library/Class/CDC/Src/usbd_cdc.o
 .debug_macro   0x000186d2      0x10b ./Middlewares/ST/STM32_USB_Device_Library/Class/CDC/Src/usbd_cdc.o
 .debug_macro   0x000187dd       0x56 ./Middlewares/ST/STM32_USB_Device_Library/Class/CDC/Src/usbd_cdc.o
 .debug_macro   0x00018833       0x95 ./Middlewares/ST/STM32_USB_Device_Library/Class/CDC/Src/usbd_cdc.o
 .debug_macro   0x000188c8      0x386 ./Middlewares/ST/STM32_USB_Device_Library/Core/Src/usbd_core.o
 .debug_macro   0x00018c4e      0x215 ./Middlewares/ST/STM32_USB_Device_Library/Core/Src/usbd_core.o
 .debug_macro   0x00018e63      0x390 ./Middlewares/ST/STM32_USB_Device_Library/Core/Src/usbd_ctlreq.o
 .debug_macro   0x000191f3      0x38c ./Middlewares/ST/STM32_USB_Device_Library/Core/Src/usbd_ioreq.o
 .debug_macro   0x0001957f      0x3bf ./USB_DEVICE/App/usb_device.o
 .debug_macro   0x0001993e       0xfa ./USB_DEVICE/App/usb_device.o
 .debug_macro   0x00019a38       0x22 ./USB_DEVICE/App/usb_device.o
 .debug_macro   0x00019a5a       0x16 ./USB_DEVICE/App/usb_device.o
 .debug_macro   0x00019a70      0x3aa ./USB_DEVICE/App/usbd_cdc_if.o
 .debug_macro   0x00019e1a       0x10 ./USB_DEVICE/App/usbd_cdc_if.o
 .debug_macro   0x00019e2a      0x3c9 ./USB_DEVICE/App/usbd_desc.o
 .debug_macro   0x0001a1f3       0x1c ./USB_DEVICE/App/usbd_desc.o
 .debug_macro   0x0001a20f      0x3a3 ./USB_DEVICE/Target/usbd_conf.o

.debug_line     0x00000000    0x1dccc
 .debug_line    0x00000000      0x7a2 ./Core/Src/dma.o
 .debug_line    0x000007a2      0x800 ./Core/Src/gpio.o
 .debug_line    0x00000fa2      0x80e ./Core/Src/i2c.o